../Core/Src/main.c:70:5:main	40	static,ignoring_inline_asm
../Core/Src/main.c:132:6:SystemClock_Config	72	static
../Core/Src/main.c:169:13:MX_USART2_UART_Init	8	static
../Core/Src/main.c:202:13:MX_USART3_UART_Init	8	static
../Core/Src/main.c:235:13:MX_GPIO_Init	40	static
../Core/Src/main.c:262:13:task1_handler	16	static,ignoring_inline_asm
../Core/Src/main.c:269:13:task2_handler	16	static,ignoring_inline_asm
../Core/Src/main.c:285:6:HAL_TIM_PeriodElapsedCallback	16	static
../Core/Src/main.c:302:6:Error_Handler	4	static,ignoring_inline_asm
