Archive member included to satisfy reference by file (symbol)

C:/ST/STM32CubeIDE_1.15.1/STM32CubeIDE/plugins/com.st.stm32cube.ide.mcu.externaltools.gnu-tools-for-stm32.12.3.rel1.win32_1.0.100.202403111256/tools/bin/../lib/gcc/arm-none-eabi/12.3.1/../../../../arm-none-eabi/lib/thumb/v8-m.main+fp/hard\libc_nano.a(libc_a-exit.o)
                              C:/ST/STM32CubeIDE_1.15.1/STM32CubeIDE/plugins/com.st.stm32cube.ide.mcu.externaltools.gnu-tools-for-stm32.12.3.rel1.win32_1.0.100.202403111256/tools/bin/../lib/gcc/arm-none-eabi/12.3.1/../../../../arm-none-eabi/lib/thumb/v8-m.main+fp/hard/crt0.o (exit)
C:/ST/STM32CubeIDE_1.15.1/STM32CubeIDE/plugins/com.st.stm32cube.ide.mcu.externaltools.gnu-tools-for-stm32.12.3.rel1.win32_1.0.100.202403111256/tools/bin/../lib/gcc/arm-none-eabi/12.3.1/../../../../arm-none-eabi/lib/thumb/v8-m.main+fp/hard\libc_nano.a(libc_a-findfp.o)
                              C:/ST/STM32CubeIDE_1.15.1/STM32CubeIDE/plugins/com.st.stm32cube.ide.mcu.externaltools.gnu-tools-for-stm32.12.3.rel1.win32_1.0.100.202403111256/tools/bin/../lib/gcc/arm-none-eabi/12.3.1/../../../../arm-none-eabi/lib/thumb/v8-m.main+fp/hard\libc_nano.a(libc_a-exit.o) (__stdio_exit_handler)
C:/ST/STM32CubeIDE_1.15.1/STM32CubeIDE/plugins/com.st.stm32cube.ide.mcu.externaltools.gnu-tools-for-stm32.12.3.rel1.win32_1.0.100.202403111256/tools/bin/../lib/gcc/arm-none-eabi/12.3.1/../../../../arm-none-eabi/lib/thumb/v8-m.main+fp/hard\libc_nano.a(libc_a-fwalk.o)
                              C:/ST/STM32CubeIDE_1.15.1/STM32CubeIDE/plugins/com.st.stm32cube.ide.mcu.externaltools.gnu-tools-for-stm32.12.3.rel1.win32_1.0.100.202403111256/tools/bin/../lib/gcc/arm-none-eabi/12.3.1/../../../../arm-none-eabi/lib/thumb/v8-m.main+fp/hard\libc_nano.a(libc_a-findfp.o) (_fwalk_sglue)
C:/ST/STM32CubeIDE_1.15.1/STM32CubeIDE/plugins/com.st.stm32cube.ide.mcu.externaltools.gnu-tools-for-stm32.12.3.rel1.win32_1.0.100.202403111256/tools/bin/../lib/gcc/arm-none-eabi/12.3.1/../../../../arm-none-eabi/lib/thumb/v8-m.main+fp/hard\libc_nano.a(libc_a-stdio.o)
                              C:/ST/STM32CubeIDE_1.15.1/STM32CubeIDE/plugins/com.st.stm32cube.ide.mcu.externaltools.gnu-tools-for-stm32.12.3.rel1.win32_1.0.100.202403111256/tools/bin/../lib/gcc/arm-none-eabi/12.3.1/../../../../arm-none-eabi/lib/thumb/v8-m.main+fp/hard\libc_nano.a(libc_a-findfp.o) (__sread)
C:/ST/STM32CubeIDE_1.15.1/STM32CubeIDE/plugins/com.st.stm32cube.ide.mcu.externaltools.gnu-tools-for-stm32.12.3.rel1.win32_1.0.100.202403111256/tools/bin/../lib/gcc/arm-none-eabi/12.3.1/../../../../arm-none-eabi/lib/thumb/v8-m.main+fp/hard\libc_nano.a(libc_a-memcmp.o)
                              ./thirdparty/SEGGER/OS/SEGGER_SYSVIEW_FreeRTOS.o (memcmp)
C:/ST/STM32CubeIDE_1.15.1/STM32CubeIDE/plugins/com.st.stm32cube.ide.mcu.externaltools.gnu-tools-for-stm32.12.3.rel1.win32_1.0.100.202403111256/tools/bin/../lib/gcc/arm-none-eabi/12.3.1/../../../../arm-none-eabi/lib/thumb/v8-m.main+fp/hard\libc_nano.a(libc_a-memset.o)
                              C:/ST/STM32CubeIDE_1.15.1/STM32CubeIDE/plugins/com.st.stm32cube.ide.mcu.externaltools.gnu-tools-for-stm32.12.3.rel1.win32_1.0.100.202403111256/tools/bin/../lib/gcc/arm-none-eabi/12.3.1/../../../../arm-none-eabi/lib/thumb/v8-m.main+fp/hard/crt0.o (memset)
C:/ST/STM32CubeIDE_1.15.1/STM32CubeIDE/plugins/com.st.stm32cube.ide.mcu.externaltools.gnu-tools-for-stm32.12.3.rel1.win32_1.0.100.202403111256/tools/bin/../lib/gcc/arm-none-eabi/12.3.1/../../../../arm-none-eabi/lib/thumb/v8-m.main+fp/hard\libc_nano.a(libc_a-closer.o)
                              C:/ST/STM32CubeIDE_1.15.1/STM32CubeIDE/plugins/com.st.stm32cube.ide.mcu.externaltools.gnu-tools-for-stm32.12.3.rel1.win32_1.0.100.202403111256/tools/bin/../lib/gcc/arm-none-eabi/12.3.1/../../../../arm-none-eabi/lib/thumb/v8-m.main+fp/hard\libc_nano.a(libc_a-stdio.o) (_close_r)
C:/ST/STM32CubeIDE_1.15.1/STM32CubeIDE/plugins/com.st.stm32cube.ide.mcu.externaltools.gnu-tools-for-stm32.12.3.rel1.win32_1.0.100.202403111256/tools/bin/../lib/gcc/arm-none-eabi/12.3.1/../../../../arm-none-eabi/lib/thumb/v8-m.main+fp/hard\libc_nano.a(libc_a-reent.o)
                              C:/ST/STM32CubeIDE_1.15.1/STM32CubeIDE/plugins/com.st.stm32cube.ide.mcu.externaltools.gnu-tools-for-stm32.12.3.rel1.win32_1.0.100.202403111256/tools/bin/../lib/gcc/arm-none-eabi/12.3.1/../../../../arm-none-eabi/lib/thumb/v8-m.main+fp/hard\libc_nano.a(libc_a-closer.o) (errno)
C:/ST/STM32CubeIDE_1.15.1/STM32CubeIDE/plugins/com.st.stm32cube.ide.mcu.externaltools.gnu-tools-for-stm32.12.3.rel1.win32_1.0.100.202403111256/tools/bin/../lib/gcc/arm-none-eabi/12.3.1/../../../../arm-none-eabi/lib/thumb/v8-m.main+fp/hard\libc_nano.a(libc_a-impure.o)
                              C:/ST/STM32CubeIDE_1.15.1/STM32CubeIDE/plugins/com.st.stm32cube.ide.mcu.externaltools.gnu-tools-for-stm32.12.3.rel1.win32_1.0.100.202403111256/tools/bin/../lib/gcc/arm-none-eabi/12.3.1/../../../../arm-none-eabi/lib/thumb/v8-m.main+fp/hard\libc_nano.a(libc_a-reent.o) (_impure_ptr)
[...]
Memory Configuration

Name             Origin             Length             Attributes
RAM              0x20000000         0x00008000         xrw
FLASH            0x08000000         0x00020000         xr
*default*        0x00000000         0xffffffff

Linker script and memory map

LOAD C:/ST/STM32CubeIDE_1.15.1/STM32CubeIDE/plugins/com.st.stm32cube.ide.mcu.externaltools.gnu-tools-for-stm32.12.3.rel1.win32_1.0.100.202403111256/tools/bin/../lib/gcc/arm-none-eabi/12.3.1/thumb/v8-m.main+fp/hard/crti.o
LOAD C:/ST/STM32CubeIDE_1.15.1/STM32CubeIDE/plugins/com.st.stm32cube.ide.mcu.externaltools.gnu-tools-for-stm32.12.3.rel1.win32_1.0.100.202403111256/tools/bin/../lib/gcc/arm-none-eabi/12.3.1/thumb/v8-m.main+fp/hard/crtbegin.o
LOAD C:/ST/STM32CubeIDE_1.15.1/STM32CubeIDE/plugins/com.st.stm32cube.ide.mcu.externaltools.gnu-tools-for-stm32.12.3.rel1.win32_1.0.100.202403111256/tools/bin/../lib/gcc/arm-none-eabi/12.3.1/../../../../arm-none-eabi/lib/thumb/v8-m.main+fp/hard/crt0.o
LOAD ./Core/Src/main.o
LOAD ./Core/Src/stm32h5xx_hal_msp.o
LOAD ./Core/Src/stm32h5xx_hal_timebase_tim.o
LOAD ./Core/Src/stm32h5xx_it.o
LOAD ./Core/Src/syscalls.o
LOAD ./Core/Src/system_stm32h5xx.o
LOAD ./Core/Startup/startup_stm32h503rbtx.o
LOAD ./Drivers/STM32H5xx_HAL_Driver/Src/stm32h5xx_hal.o
LOAD ./Drivers/STM32H5xx_HAL_Driver/Src/stm32h5xx_hal_cortex.o
LOAD ./Drivers/STM32H5xx_HAL_Driver/Src/stm32h5xx_hal_dma.o
LOAD ./Drivers/STM32H5xx_HAL_Driver/Src/stm32h5xx_hal_dma_ex.o
LOAD ./Drivers/STM32H5xx_HAL_Driver/Src/stm32h5xx_hal_exti.o
LOAD ./Drivers/STM32H5xx_HAL_Driver/Src/stm32h5xx_hal_flash.o
LOAD ./Drivers/STM32H5xx_HAL_Driver/Src/stm32h5xx_hal_flash_ex.o
LOAD ./Drivers/STM32H5xx_HAL_Driver/Src/stm32h5xx_hal_gpio.o
LOAD ./Drivers/STM32H5xx_HAL_Driver/Src/stm32h5xx_hal_icache.o
LOAD ./Drivers/STM32H5xx_HAL_Driver/Src/stm32h5xx_hal_pcd.o
LOAD ./Drivers/STM32H5xx_HAL_Driver/Src/stm32h5xx_hal_pcd_ex.o
LOAD ./Drivers/STM32H5xx_HAL_Driver/Src/stm32h5xx_hal_pwr.o
LOAD ./Drivers/STM32H5xx_HAL_Driver/Src/stm32h5xx_hal_pwr_ex.o
LOAD ./Drivers/STM32H5xx_HAL_Driver/Src/stm32h5xx_hal_rcc.o
LOAD ./Drivers/STM32H5xx_HAL_Driver/Src/stm32h5xx_hal_rcc_ex.o
LOAD ./Drivers/STM32H5xx_HAL_Driver/Src/stm32h5xx_hal_tim.o
LOAD ./Drivers/STM32H5xx_HAL_Driver/Src/stm32h5xx_hal_tim_ex.o
LOAD ./Drivers/STM32H5xx_HAL_Driver/Src/stm32h5xx_hal_uart.o
LOAD ./Drivers/STM32H5xx_HAL_Driver/Src/stm32h5xx_hal_uart_ex.o
LOAD ./Drivers/STM32H5xx_HAL_Driver/Src/stm32h5xx_ll_usb.o
LOAD ./thirdparty/FreeRTOS/croutine.o
LOAD ./thirdparty/FreeRTOS/event_groups.o
LOAD ./thirdparty/FreeRTOS/list.o
LOAD ./thirdparty/FreeRTOS/queue.o
LOAD ./thirdparty/FreeRTOS/stream_buffer.o
LOAD ./thirdparty/FreeRTOS/tasks.o
LOAD ./thirdparty/FreeRTOS/timers.o
LOAD ./thirdparty/FreeRTOS/portable/GCC/ARM_CM33_NTZ/port.o
LOAD ./thirdparty/FreeRTOS/portable/GCC/ARM_CM33_NTZ/portasm.o
LOAD ./thirdparty/FreeRTOS/portable/MemMang/heap_4.o
LOAD ./thirdparty/SEGGER/Config/SEGGER_SYSVIEW_Config_FreeRTOS.o
LOAD ./thirdparty/SEGGER/OS/SEGGER_SYSVIEW_FreeRTOS.o
LOAD ./thirdparty/SEGGER/SEGGER/SEGGER_RTT.o
LOAD ./thirdparty/SEGGER/SEGGER/SEGGER_RTT_ASM_ARMv7M.o
LOAD ./thirdparty/SEGGER/SEGGER/SEGGER_RTT_printf.o
LOAD ./thirdparty/SEGGER/SEGGER/SEGGER_SYSVIEW.o
LOAD ./thirdparty/SEGGER/SEGGER/Syscalls/SEGGER_RTT_Syscalls_GCC.o
START GROUP
LOAD C:/ST/STM32CubeIDE_1.15.1/STM32CubeIDE/plugins/com.st.stm32cube.ide.mcu.externaltools.gnu-tools-for-stm32.12.3.rel1.win32_1.0.100.202403111256/tools/bin/../lib/gcc/arm-none-eabi/12.3.1/../../../../arm-none-eabi/lib/thumb/v8-m.main+fp/hard\libc_nano.a
LOAD C:/ST/STM32CubeIDE_1.15.1/STM32CubeIDE/plugins/com.st.stm32cube.ide.mcu.externaltools.gnu-tools-for-stm32.12.3.rel1.win32_1.0.100.202403111256/tools/bin/../lib/gcc/arm-none-eabi/12.3.1/../../../../arm-none-eabi/lib/thumb/v8-m.main+fp/hard\libm.a
END GROUP
START GROUP
LOAD C:/ST/STM32CubeIDE_1.15.1/STM32CubeIDE/plugins/com.st.stm32cube.ide.mcu.externaltools.gnu-tools-for-stm32.12.3.rel1.win32_1.0.100.202403111256/tools/bin/../lib/gcc/arm-none-eabi/12.3.1/thumb/v8-m.main+fp/hard\libgcc.a
LOAD C:/ST/STM32CubeIDE_1.15.1/STM32CubeIDE/plugins/com.st.stm32cube.ide.mcu.externaltools.gnu-tools-for-stm32.12.3.rel1.win32_1.0.100.202403111256/tools/bin/../lib/gcc/arm-none-eabi/12.3.1/../../../../arm-none-eabi/lib/thumb/v8-m.main+fp/hard\libc_nano.a
END GROUP
START GROUP
LOAD C:/ST/STM32CubeIDE_1.15.1/STM32CubeIDE/plugins/com.st.stm32cube.ide.mcu.externaltools.gnu-tools-for-stm32.12.3.rel1.win32_1.0.100.202403111256/tools/bin/../lib/gcc/arm-none-eabi/12.3.1/thumb/v8-m.main+fp/hard\libgcc.a
LOAD C:/ST/STM32CubeIDE_1.15.1/STM32CubeIDE/plugins/com.st.stm32cube.ide.mcu.externaltools.gnu-tools-for-stm32.12.3.rel1.win32_1.0.100.202403111256/tools/bin/../lib/gcc/arm-none-eabi/12.3.1/../../../../arm-none-eabi/lib/thumb/v8-m.main+fp/hard\libc_nano.a
LOAD C:/ST/STM32CubeIDE_1.15.1/STM32CubeIDE/plugins/com.st.stm32cube.ide.mcu.externaltools.gnu-tools-for-stm32.12.3.rel1.win32_1.0.100.202403111256/tools/bin/../lib/gcc/arm-none-eabi/12.3.1/../../../../arm-none-eabi/lib/thumb/v8-m.main+fp/hard\libnosys.a
END GROUP
START GROUP
LOAD C:/ST/STM32CubeIDE_1.15.1/STM32CubeIDE/plugins/com.st.stm32cube.ide.mcu.externaltools.gnu-tools-for-stm32.12.3.rel1.win32_1.0.100.202403111256/tools/bin/../lib/gcc/arm-none-eabi/12.3.1/thumb/v8-m.main+fp/hard\libgcc.a
LOAD C:/ST/STM32CubeIDE_1.15.1/STM32CubeIDE/plugins/com.st.stm32cube.ide.mcu.externaltools.gnu-tools-for-stm32.12.3.rel1.win32_1.0.100.202403111256/tools/bin/../lib/gcc/arm-none-eabi/12.3.1/../../../../arm-none-eabi/lib/thumb/v8-m.main+fp/hard\libc_nano.a
LOAD C:/ST/STM32CubeIDE_1.15.1/STM32CubeIDE/plugins/com.st.stm32cube.ide.mcu.externaltools.gnu-tools-for-stm32.12.3.rel1.win32_1.0.100.202403111256/tools/bin/../lib/gcc/arm-none-eabi/12.3.1/../../../../arm-none-eabi/lib/thumb/v8-m.main+fp/hard\libnosys.a
END GROUP
LOAD C:/ST/STM32CubeIDE_1.15.1/STM32CubeIDE/plugins/com.st.stm32cube.ide.mcu.externaltools.gnu-tools-for-stm32.12.3.rel1.win32_1.0.100.202403111256/tools/bin/../lib/gcc/arm-none-eabi/12.3.1/thumb/v8-m.main+fp/hard/crtend.o
LOAD C:/ST/STM32CubeIDE_1.15.1/STM32CubeIDE/plugins/com.st.stm32cube.ide.mcu.externaltools.gnu-tools-for-stm32.12.3.rel1.win32_1.0.100.202403111256/tools/bin/../lib/gcc/arm-none-eabi/12.3.1/thumb/v8-m.main+fp/hard/crtn.o
                0x20008000                        _estack = (ORIGIN (RAM) + LENGTH (RAM))
                0x00000200                        _Min_Heap_Size = 0x200
                0x00000400                        _Min_Stack_Size = 0x400

.isr_vector     0x08000000      0x258
                0x08000000                        . = ALIGN (0x4)
 *(.isr_vector)
 .isr_vector    0x08000000      0x258 ./Core/Startup/startup_stm32h503rbtx.o
                0x08000000                g_pfnVectors
                0x08000258                        . = ALIGN (0x4)

.text           0x08000260     0x801c
                0x08000260                        . = ALIGN (0x4)
 *(.text)
 .text          0x08000260       0x40 C:/ST/STM32CubeIDE_1.15.1/STM32CubeIDE/plugins/com.st.stm32cube.ide.mcu.externaltools.gnu-tools-for-stm32.12.3.rel1.win32_1.0.100.202403111256/tools/bin/../lib/gcc/arm-none-eabi/12.3.1/thumb/v8-m.main+fp/hard/crtbegin.o
 .text          0x080002a0       0x94 ./thirdparty/SEGGER/SEGGER/SEGGER_RTT_ASM_ARMv7M.o
                0x080002a0                SEGGER_RTT_ASM_WriteSkipNoLock
 .text          0x08000334       0x30 C:/ST/STM32CubeIDE_1.15.1/STM32CubeIDE/plugins/com.st.stm32cube.ide.mcu.externaltools.gnu-tools-for-stm32.12.3.rel1.win32_1.0.100.202403111256/tools/bin/../lib/gcc/arm-none-eabi/12.3.1/thumb/v8-m.main+fp/hard\libgcc.a(_aeabi_uldivmod.o)
                0x08000334                __aeabi_uldivmod
 .text          0x08000364      0x2e4 C:/ST/STM32CubeIDE_1.15.1/STM32CubeIDE/plugins/com.st.stm32cube.ide.mcu.externaltools.gnu-tools-for-stm32.12.3.rel1.win32_1.0.100.202403111256/tools/bin/../lib/gcc/arm-none-eabi/12.3.1/thumb/v8-m.main+fp/hard\libgcc.a(_udivmoddi4.o)
                0x08000364                __udivmoddi4
 .text          0x08000648        0x4 C:/ST/STM32CubeIDE_1.15.1/STM32CubeIDE/plugins/com.st.stm32cube.ide.mcu.externaltools.gnu-tools-for-stm32.12.3.rel1.win32_1.0.100.202403111256/tools/bin/../lib/gcc/arm-none-eabi/12.3.1/thumb/v8-m.main+fp/hard\libgcc.a(_dvmd_tls.o)
                0x08000648                __aeabi_idiv0
                0x08000648                __aeabi_ldiv0
 *(.text*)
 .text.main     0x0800064c       0xa4 ./Core/Src/main.o
                0x0800064c                main
 .text.SystemClock_Config
                0x080006f0       0xd4 ./Core/Src/main.o
                0x080006f0                SystemClock_Config
 .text.MX_ICACHE_Init
                0x080007c4       0x16 ./Core/Src/main.o
 *fill*         0x080007da        0x2 
 .text.MX_USART1_UART_Init
                0x080007dc       0x98 ./Core/Src/main.o
 .text.MX_USART3_UART_Init
                0x08000874       0x98 ./Core/Src/main.o
 .text.MX_USB_PCD_Init
                0x0800090c       0x64 ./Core/Src/main.o
 .text.MX_GPIO_Init
                0x08000970      0x164 ./Core/Src/main.o
 .text.task1_handler
                0x08000ad4       0x1c ./Core/Src/main.o
 .text.task2_handler
                0x08000af0       0x1c ./Core/Src/main.o
 .text.HAL_TIM_PeriodElapsedCallback
                0x08000b0c       0x24 ./Core/Src/main.o
                0x08000b0c                HAL_TIM_PeriodElapsedCallback
 .text.Error_Handler
                0x08000b30        0xc ./Core/Src/main.o
                0x08000b30                Error_Handler
 .text.HAL_MspInit
                0x08000b3c        0xe ./Core/Src/stm32h5xx_hal_msp.o
                0x08000b3c                HAL_MspInit
 *fill*         0x08000b4a        0x2 
 .text.HAL_UART_MspInit
                0x08000b4c      0x170 ./Core/Src/stm32h5xx_hal_msp.o
                0x08000b4c                HAL_UART_MspInit
 .text.HAL_PCD_MspInit
                0x08000cbc       0x74 ./Core/Src/stm32h5xx_hal_msp.o
                0x08000cbc                HAL_PCD_MspInit
 .text.HAL_InitTick
                0x08000d30       0xec ./Core/Src/stm32h5xx_hal_timebase_tim.o
                0x08000d30                HAL_InitTick
 .text.NMI_Handler
                0x08000e1c        0x8 ./Core/Src/stm32h5xx_it.o
                0x08000e1c                NMI_Handler
 .text.HardFault_Handler
                0x08000e24        0x8 ./Core/Src/stm32h5xx_it.o
                0x08000e24                HardFault_Handler
 .text.MemManage_Handler
                0x08000e2c        0x8 ./Core/Src/stm32h5xx_it.o
                0x08000e2c                MemManage_Handler
 .text.BusFault_Handler
                0x08000e34        0x8 ./Core/Src/stm32h5xx_it.o
                0x08000e34                BusFault_Handler
 .text.DebugMon_Handler
                0x08000e3c        0xe ./Core/Src/stm32h5xx_it.o
                0x08000e3c                DebugMon_Handler
 *fill*         0x08000e4a        0x2 
 .text.TIM7_IRQHandler
                0x08000e4c       0x14 ./Core/Src/stm32h5xx_it.o
                0x08000e4c                TIM7_IRQHandler
 .text.SystemInit
                0x08000e60       0xe4 ./Core/Src/system_stm32h5xx.o
                0x08000e60                SystemInit
 .text.Reset_Handler
                0x08000f44       0x50 ./Core/Startup/startup_stm32h503rbtx.o
                0x08000f44                Reset_Handler
 .text.Default_Handler
                0x08000f94        0x2 ./Core/Startup/startup_stm32h503rbtx.o
                0x08000f94                EXTI2_IRQHandler
                0x08000f94                EXTI5_IRQHandler
                0x08000f94                I3C1_ER_IRQHandler
                0x08000f94                GPDMA2_Channel1_IRQHandler
                0x08000f94                EXTI13_IRQHandler
                0x08000f94                TIM1_CC_IRQHandler
                0x08000f94                GPDMA2_Channel3_IRQHandler
                0x08000f94                TAMP_IRQHandler
                0x08000f94                TIM6_IRQHandler
                0x08000f94                EXTI12_IRQHandler
                0x08000f94                USB_DRD_FS_IRQHandler
                0x08000f94                EXTI3_IRQHandler
                0x08000f94                GPDMA1_Channel5_IRQHandler
                0x08000f94                EXTI8_IRQHandler
                0x08000f94                GPDMA2_Channel5_IRQHandler
                0x08000f94                LPTIM2_IRQHandler
                0x08000f94                GPDMA2_Channel2_IRQHandler
                0x08000f94                EXTI0_IRQHandler
                0x08000f94                I2C2_EV_IRQHandler
                0x08000f94                FPU_IRQHandler
                0x08000f94                GPDMA1_Channel3_IRQHandler
                0x08000f94                GPDMA1_Channel7_IRQHandler
                0x08000f94                FDCAN1_IT1_IRQHandler
                0x08000f94                RAMCFG_IRQHandler
                0x08000f94                UsageFault_Handler
                0x08000f94                SPI1_IRQHandler
                0x08000f94                GPDMA1_Channel2_IRQHandler
                0x08000f94                ADC1_IRQHandler
                0x08000f94                I3C2_ER_IRQHandler
                0x08000f94                EXTI15_IRQHandler
                0x08000f94                USART3_IRQHandler
                0x08000f94                RTC_IRQHandler
                0x08000f94                EXTI9_IRQHandler
                0x08000f94                I3C2_EV_IRQHandler
                0x08000f94                I2C1_EV_IRQHandler
                0x08000f94                GPDMA1_Channel1_IRQHandler
                0x08000f94                TIM3_IRQHandler
                0x08000f94                RCC_IRQHandler
                0x08000f94                TIM1_TRG_COM_IRQHandler
                0x08000f94                Default_Handler
                0x08000f94                GPDMA2_Channel4_IRQHandler
                0x08000f94                GPDMA1_Channel0_IRQHandler
                0x08000f94                I3C1_EV_IRQHandler
                0x08000f94                PVD_AVD_IRQHandler
                0x08000f94                SPI2_IRQHandler
                0x08000f94                EXTI14_IRQHandler
                0x08000f94                EXTI11_IRQHandler
                0x08000f94                CRS_IRQHandler
                0x08000f94                EXTI4_IRQHandler
                0x08000f94                GPDMA2_Channel0_IRQHandler
                0x08000f94                RNG_IRQHandler
                0x08000f94                GPDMA2_Channel6_IRQHandler
                0x08000f94                TIM1_UP_IRQHandler
                0x08000f94                WWDG_IRQHandler
                0x08000f94                IWDG_IRQHandler
                0x08000f94                LPUART1_IRQHandler
                0x08000f94                FDCAN1_IT0_IRQHandler
                0x08000f94                TIM2_IRQHandler
                0x08000f94                GPDMA1_Channel4_IRQHandler
                0x08000f94                EXTI7_IRQHandler
                0x08000f94                TIM1_BRK_IRQHandler
                0x08000f94                EXTI1_IRQHandler
                0x08000f94                DAC1_IRQHandler
                0x08000f94                DTS_IRQHandler
                0x08000f94                GTZC_IRQHandler
                0x08000f94                USART2_IRQHandler
                0x08000f94                GPDMA1_Channel6_IRQHandler
                0x08000f94                GPDMA2_Channel7_IRQHandler
                0x08000f94                I2C2_ER_IRQHandler
                0x08000f94                FLASH_IRQHandler
                0x08000f94                USART1_IRQHandler
                0x08000f94                EXTI10_IRQHandler
                0x08000f94                SPI3_IRQHandler
                0x08000f94                I2C1_ER_IRQHandler
                0x08000f94                EXTI6_IRQHandler
                0x08000f94                COMP1_IRQHandler
                0x08000f94                LPTIM1_IRQHandler
                0x08000f94                ICACHE_IRQHandler
                0x08000f94                HASH_IRQHandler
 *fill*         0x08000f96        0x2 
 .text.HAL_Init
                0x08000f98       0x50 ./Drivers/STM32H5xx_HAL_Driver/Src/stm32h5xx_hal.o
                0x08000f98                HAL_Init
 .text.HAL_IncTick
                0x08000fe8       0x28 ./Drivers/STM32H5xx_HAL_Driver/Src/stm32h5xx_hal.o
                0x08000fe8                HAL_IncTick
 .text.HAL_GetTick
                0x08001010       0x18 ./Drivers/STM32H5xx_HAL_Driver/Src/stm32h5xx_hal.o
                0x08001010                HAL_GetTick
 .text.__NVIC_SetPriorityGrouping
                0x08001028       0x48 ./Drivers/STM32H5xx_HAL_Driver/Src/stm32h5xx_hal_cortex.o
 .text.__NVIC_GetPriorityGrouping
                0x08001070       0x1c ./Drivers/STM32H5xx_HAL_Driver/Src/stm32h5xx_hal_cortex.o
 .text.__NVIC_EnableIRQ
                0x0800108c       0x3c ./Drivers/STM32H5xx_HAL_Driver/Src/stm32h5xx_hal_cortex.o
 .text.__NVIC_SetPriority
                0x080010c8       0x54 ./Drivers/STM32H5xx_HAL_Driver/Src/stm32h5xx_hal_cortex.o
 .text.NVIC_EncodePriority
                0x0800111c       0x66 ./Drivers/STM32H5xx_HAL_Driver/Src/stm32h5xx_hal_cortex.o
 .text.HAL_NVIC_SetPriorityGrouping
                0x08001182       0x16 ./Drivers/STM32H5xx_HAL_Driver/Src/stm32h5xx_hal_cortex.o
                0x08001182                HAL_NVIC_SetPriorityGrouping
 .text.HAL_NVIC_SetPriority
                0x08001198       0x34 ./Drivers/STM32H5xx_HAL_Driver/Src/stm32h5xx_hal_cortex.o
                0x08001198                HAL_NVIC_SetPriority
 .text.HAL_NVIC_EnableIRQ
                0x080011cc       0x1c ./Drivers/STM32H5xx_HAL_Driver/Src/stm32h5xx_hal_cortex.o
                0x080011cc                HAL_NVIC_EnableIRQ
 .text.HAL_SYSTICK_CLKSourceConfig
                0x080011e8       0xb0 ./Drivers/STM32H5xx_HAL_Driver/Src/stm32h5xx_hal_cortex.o
                0x080011e8                HAL_SYSTICK_CLKSourceConfig
 .text.HAL_GPIO_Init
                0x08001298      0x2a4 ./Drivers/STM32H5xx_HAL_Driver/Src/stm32h5xx_hal_gpio.o
                0x08001298                HAL_GPIO_Init
 .text.HAL_GPIO_WritePin
                0x0800153c       0x30 ./Drivers/STM32H5xx_HAL_Driver/Src/stm32h5xx_hal_gpio.o
                0x0800153c                HAL_GPIO_WritePin
 .text.HAL_ICACHE_Enable
                0x0800156c       0x20 ./Drivers/STM32H5xx_HAL_Driver/Src/stm32h5xx_hal_icache.o
                0x0800156c                HAL_ICACHE_Enable
 .text.HAL_PCD_Init
                0x0800158c      0x1a2 ./Drivers/STM32H5xx_HAL_Driver/Src/stm32h5xx_hal_pcd.o
                0x0800158c                HAL_PCD_Init
 .text.HAL_PCDEx_ActivateLPM
                0x0800172e       0x44 ./Drivers/STM32H5xx_HAL_Driver/Src/stm32h5xx_hal_pcd_ex.o
                0x0800172e                HAL_PCDEx_ActivateLPM
 *fill*         0x08001772        0x2 
 .text.HAL_RCC_OscConfig
                0x08001774      0x870 ./Drivers/STM32H5xx_HAL_Driver/Src/stm32h5xx_hal_rcc.o
                0x08001774                HAL_RCC_OscConfig
 .text.HAL_RCC_ClockConfig
                0x08001fe4      0x370 ./Drivers/STM32H5xx_HAL_Driver/Src/stm32h5xx_hal_rcc.o
                0x08001fe4                HAL_RCC_ClockConfig
 .text.HAL_RCC_GetSysClockFreq
                0x08002354      0x258 ./Drivers/STM32H5xx_HAL_Driver/Src/stm32h5xx_hal_rcc.o
                0x08002354                HAL_RCC_GetSysClockFreq
 .text.HAL_RCC_GetHCLKFreq
                0x080025ac       0x38 ./Drivers/STM32H5xx_HAL_Driver/Src/stm32h5xx_hal_rcc.o
                0x080025ac                HAL_RCC_GetHCLKFreq
 .text.HAL_RCC_GetPCLK1Freq
                0x080025e4       0x2c ./Drivers/STM32H5xx_HAL_Driver/Src/stm32h5xx_hal_rcc.o
                0x080025e4                HAL_RCC_GetPCLK1Freq
 .text.HAL_RCC_GetPCLK2Freq
                0x08002610       0x2c ./Drivers/STM32H5xx_HAL_Driver/Src/stm32h5xx_hal_rcc.o
                0x08002610                HAL_RCC_GetPCLK2Freq
 .text.HAL_RCC_GetPCLK3Freq
                0x0800263c       0x2c ./Drivers/STM32H5xx_HAL_Driver/Src/stm32h5xx_hal_rcc.o
                0x0800263c                HAL_RCC_GetPCLK3Freq
 .text.HAL_RCC_GetClockConfig
                0x08002668       0x70 ./Drivers/STM32H5xx_HAL_Driver/Src/stm32h5xx_hal_rcc.o
                0x08002668                HAL_RCC_GetClockConfig
 .text.HAL_RCCEx_PeriphCLKConfig
                0x080026d8      0xc48 ./Drivers/STM32H5xx_HAL_Driver/Src/stm32h5xx_hal_rcc_ex.o
                0x080026d8                HAL_RCCEx_PeriphCLKConfig
 .text.HAL_RCCEx_GetPLL1ClockFreq
                0x08003320      0x2d4 ./Drivers/STM32H5xx_HAL_Driver/Src/stm32h5xx_hal_rcc_ex.o
                0x08003320                HAL_RCCEx_GetPLL1ClockFreq
 .text.HAL_RCCEx_GetPLL2ClockFreq
                0x080035f4      0x2d4 ./Drivers/STM32H5xx_HAL_Driver/Src/stm32h5xx_hal_rcc_ex.o
                0x080035f4                HAL_RCCEx_GetPLL2ClockFreq
 .text.HAL_RCCEx_GetPeriphCLKFreq
                0x080038c8      0xe7c ./Drivers/STM32H5xx_HAL_Driver/Src/stm32h5xx_hal_rcc_ex.o
                0x080038c8                HAL_RCCEx_GetPeriphCLKFreq
 .text.RCCEx_PLL2_Config
                0x08004744      0x130 ./Drivers/STM32H5xx_HAL_Driver/Src/stm32h5xx_hal_rcc_ex.o
 .text.HAL_TIM_Base_Init
                0x08004874       0xae ./Drivers/STM32H5xx_HAL_Driver/Src/stm32h5xx_hal_tim.o
                0x08004874                HAL_TIM_Base_Init
 .text.HAL_TIM_Base_MspInit
                0x08004922       0x14 ./Drivers/STM32H5xx_HAL_Driver/Src/stm32h5xx_hal_tim.o
                0x08004922                HAL_TIM_Base_MspInit
 *fill*         0x08004936        0x2 
 .text.HAL_TIM_Base_Start_IT
                0x08004938       0xa8 ./Drivers/STM32H5xx_HAL_Driver/Src/stm32h5xx_hal_tim.o
                0x08004938                HAL_TIM_Base_Start_IT
 .text.HAL_TIM_IRQHandler
                0x080049e0      0x29e ./Drivers/STM32H5xx_HAL_Driver/Src/stm32h5xx_hal_tim.o
                0x080049e0                HAL_TIM_IRQHandler
 .text.HAL_TIM_OC_DelayElapsedCallback
                0x08004c7e       0x14 ./Drivers/STM32H5xx_HAL_Driver/Src/stm32h5xx_hal_tim.o
                0x08004c7e                HAL_TIM_OC_DelayElapsedCallback
 .text.HAL_TIM_IC_CaptureCallback
                0x08004c92       0x14 ./Drivers/STM32H5xx_HAL_Driver/Src/stm32h5xx_hal_tim.o
                0x08004c92                HAL_TIM_IC_CaptureCallback
 .text.HAL_TIM_PWM_PulseFinishedCallback
                0x08004ca6       0x14 ./Drivers/STM32H5xx_HAL_Driver/Src/stm32h5xx_hal_tim.o
                0x08004ca6                HAL_TIM_PWM_PulseFinishedCallback
 .text.HAL_TIM_TriggerCallback
                0x08004cba       0x14 ./Drivers/STM32H5xx_HAL_Driver/Src/stm32h5xx_hal_tim.o
                0x08004cba                HAL_TIM_TriggerCallback
 *fill*         0x08004cce        0x2 
 .text.TIM_Base_SetConfig
                0x08004cd0       0xcc ./Drivers/STM32H5xx_HAL_Driver/Src/stm32h5xx_hal_tim.o
                0x08004cd0                TIM_Base_SetConfig
 .text.HAL_TIMEx_CommutCallback
                0x08004d9c       0x14 ./Drivers/STM32H5xx_HAL_Driver/Src/stm32h5xx_hal_tim_ex.o
                0x08004d9c                HAL_TIMEx_CommutCallback
 .text.HAL_TIMEx_BreakCallback
                0x08004db0       0x14 ./Drivers/STM32H5xx_HAL_Driver/Src/stm32h5xx_hal_tim_ex.o
                0x08004db0                HAL_TIMEx_BreakCallback
 .text.HAL_TIMEx_Break2Callback
                0x08004dc4       0x14 ./Drivers/STM32H5xx_HAL_Driver/Src/stm32h5xx_hal_tim_ex.o
                0x08004dc4                HAL_TIMEx_Break2Callback
 .text.HAL_TIMEx_EncoderIndexCallback
                0x08004dd8       0x14 ./Drivers/STM32H5xx_HAL_Driver/Src/stm32h5xx_hal_tim_ex.o
                0x08004dd8                HAL_TIMEx_EncoderIndexCallback
 .text.HAL_TIMEx_DirectionChangeCallback
                0x08004dec       0x14 ./Drivers/STM32H5xx_HAL_Driver/Src/stm32h5xx_hal_tim_ex.o
                0x08004dec                HAL_TIMEx_DirectionChangeCallback
 .text.HAL_TIMEx_IndexErrorCallback
                0x08004e00       0x14 ./Drivers/STM32H5xx_HAL_Driver/Src/stm32h5xx_hal_tim_ex.o
                0x08004e00                HAL_TIMEx_IndexErrorCallback
 .text.HAL_TIMEx_TransitionErrorCallback
                0x08004e14       0x14 ./Drivers/STM32H5xx_HAL_Driver/Src/stm32h5xx_hal_tim_ex.o
                0x08004e14                HAL_TIMEx_TransitionErrorCallback
 .text.HAL_UART_Init
                0x08004e28       0xa0 ./Drivers/STM32H5xx_HAL_Driver/Src/stm32h5xx_hal_uart.o
                0x08004e28                HAL_UART_Init
 .text.HAL_UART_Transmit
                0x08004ec8      0x13c ./Drivers/STM32H5xx_HAL_Driver/Src/stm32h5xx_hal_uart.o
                0x08004ec8                HAL_UART_Transmit
 .text.UART_SetConfig
                0x08005004      0x2fc ./Drivers/STM32H5xx_HAL_Driver/Src/stm32h5xx_hal_uart.o
                0x08005004                UART_SetConfig
 .text.UART_AdvFeatureConfig
                0x08005300      0x144 ./Drivers/STM32H5xx_HAL_Driver/Src/stm32h5xx_hal_uart.o
                0x08005300                UART_AdvFeatureConfig
 .text.UART_CheckIdleState
                0x08005444      0x154 ./Drivers/STM32H5xx_HAL_Driver/Src/stm32h5xx_hal_uart.o
                0x08005444                UART_CheckIdleState
 .text.UART_WaitOnFlagUntilTimeout
                0x08005598       0xda ./Drivers/STM32H5xx_HAL_Driver/Src/stm32h5xx_hal_uart.o
                0x08005598                UART_WaitOnFlagUntilTimeout
 .text.UART_EndRxTransfer
                0x08005672       0xcc ./Drivers/STM32H5xx_HAL_Driver/Src/stm32h5xx_hal_uart.o
 .text.HAL_UARTEx_DisableFifoMode
                0x0800573e       0x72 ./Drivers/STM32H5xx_HAL_Driver/Src/stm32h5xx_hal_uart_ex.o
                0x0800573e                HAL_UARTEx_DisableFifoMode
 .text.HAL_UARTEx_SetTxFifoThreshold
                0x080057b0       0x7c ./Drivers/STM32H5xx_HAL_Driver/Src/stm32h5xx_hal_uart_ex.o
                0x080057b0                HAL_UARTEx_SetTxFifoThreshold
 .text.HAL_UARTEx_SetRxFifoThreshold
                0x0800582c       0x7c ./Drivers/STM32H5xx_HAL_Driver/Src/stm32h5xx_hal_uart_ex.o
                0x0800582c                HAL_UARTEx_SetRxFifoThreshold
 .text.UARTEx_SetNbDataToProcess
                0x080058a8       0x9c ./Drivers/STM32H5xx_HAL_Driver/Src/stm32h5xx_hal_uart_ex.o
 .text.USB_DisableGlobalInt
                0x08005944       0x2a ./Drivers/STM32H5xx_HAL_Driver/Src/stm32h5xx_ll_usb.o
                0x08005944                USB_DisableGlobalInt
 .text.USB_SetCurrentMode
                0x0800596e       0x46 ./Drivers/STM32H5xx_HAL_Driver/Src/stm32h5xx_ll_usb.o
                0x0800596e                USB_SetCurrentMode
 .text.USB_DevInit
                0x080059b4       0x46 ./Drivers/STM32H5xx_HAL_Driver/Src/stm32h5xx_ll_usb.o
                0x080059b4                USB_DevInit
 .text.vListInitialise
                0x080059fa       0x40 ./thirdparty/FreeRTOS/list.o
                0x080059fa                vListInitialise
 .text.vListInitialiseItem
                0x08005a3a       0x1a ./thirdparty/FreeRTOS/list.o
                0x08005a3a                vListInitialiseItem
 .text.vListInsertEnd
                0x08005a54       0x48 ./thirdparty/FreeRTOS/list.o
                0x08005a54                vListInsertEnd
 .text.uxListRemove
                0x08005a9c       0x54 ./thirdparty/FreeRTOS/list.o
                0x08005a9c                uxListRemove
 .text.xTaskCreate
                0x08005af0       0x82 ./thirdparty/FreeRTOS/tasks.o
                0x08005af0                xTaskCreate
 .text.prvInitialiseNewTask
                0x08005b72      0x112 ./thirdparty/FreeRTOS/tasks.o
 .text.prvAddNewTaskToReadyList
                0x08005c84      0x104 ./thirdparty/FreeRTOS/tasks.o
 .text.vTaskStartScheduler
                0x08005d88       0x98 ./thirdparty/FreeRTOS/tasks.o
                0x08005d88                vTaskStartScheduler
 .text.vTaskSuspendAll
                0x08005e20       0x1c ./thirdparty/FreeRTOS/tasks.o
                0x08005e20                vTaskSuspendAll
 .text.xTaskResumeAll
                0x08005e3c      0x124 ./thirdparty/FreeRTOS/tasks.o
                0x08005e3c                xTaskResumeAll
 .text.xTaskGetTickCountFromISR
                0x08005f60       0x24 ./thirdparty/FreeRTOS/tasks.o
                0x08005f60                xTaskGetTickCountFromISR
 .text.xTaskIncrementTick
                0x08005f84      0x16c ./thirdparty/FreeRTOS/tasks.o
                0x08005f84                xTaskIncrementTick
 .text.vTaskSwitchContext
                0x080060f0       0xc8 ./thirdparty/FreeRTOS/tasks.o
                0x080060f0                vTaskSwitchContext
 .text.prvIdleTask
                0x080061b8       0x20 ./thirdparty/FreeRTOS/tasks.o
 .text.prvInitialiseTaskLists
                0x080061d8       0x80 ./thirdparty/FreeRTOS/tasks.o
 .text.prvCheckTasksWaitingTermination
                0x08006258       0x5c ./thirdparty/FreeRTOS/tasks.o
 .text.prvDeleteTCB
                0x080062b4       0x20 ./thirdparty/FreeRTOS/tasks.o
 .text.prvResetNextTaskUnblockTime
                0x080062d4       0x38 ./thirdparty/FreeRTOS/tasks.o
 .text.vPortSetupTimerInterrupt
                0x0800630c       0x48 ./thirdparty/FreeRTOS/portable/GCC/ARM_CM33_NTZ/port.o
                0x0800630c                vPortSetupTimerInterrupt
 .text.prvTaskExitError
                0x08006354       0x38 ./thirdparty/FreeRTOS/portable/GCC/ARM_CM33_NTZ/port.o
 .text.prvSetupFPU
                0x0800638c       0x30 ./thirdparty/FreeRTOS/portable/GCC/ARM_CM33_NTZ/port.o
 .text.vPortYield
                0x080063bc       0x24 ./thirdparty/FreeRTOS/portable/GCC/ARM_CM33_NTZ/port.o
                0x080063bc                vPortYield
 .text.vPortEnterCritical
                0x080063e0       0x24 ./thirdparty/FreeRTOS/portable/GCC/ARM_CM33_NTZ/port.o
                0x080063e0                vPortEnterCritical
 .text.vPortExitCritical
                0x08006404       0x34 ./thirdparty/FreeRTOS/portable/GCC/ARM_CM33_NTZ/port.o
                0x08006404                vPortExitCritical
 .text.SysTick_Handler
                0x08006438       0x30 ./thirdparty/FreeRTOS/portable/GCC/ARM_CM33_NTZ/port.o
                0x08006438                SysTick_Handler
 .text.vPortSVCHandler_C
                0x08006468       0x36 ./thirdparty/FreeRTOS/portable/GCC/ARM_CM33_NTZ/port.o
                0x08006468                vPortSVCHandler_C
 *fill*         0x0800649e        0x2 
 .text.pxPortInitialiseStack
                0x080064a0      0x114 ./thirdparty/FreeRTOS/portable/GCC/ARM_CM33_NTZ/port.o
                0x080064a0                pxPortInitialiseStack
 .text.xPortStartScheduler
                0x080065b4       0x40 ./thirdparty/FreeRTOS/portable/GCC/ARM_CM33_NTZ/port.o
                0x080065b4                xPortStartScheduler
 *fill*         0x080065f4        0xc 
 .text.vRestoreContextOfFirstTask
                0x08006600       0x38 ./thirdparty/FreeRTOS/portable/GCC/ARM_CM33_NTZ/portasm.o
                0x08006600                vRestoreContextOfFirstTask
 *fill*         0x08006638        0x8 
 .text.vStartFirstTask
                0x08006640       0x28 ./thirdparty/FreeRTOS/portable/GCC/ARM_CM33_NTZ/portasm.o
                0x08006640                vStartFirstTask
 .text.ulSetInterruptMask
                0x08006668       0x1a ./thirdparty/FreeRTOS/portable/GCC/ARM_CM33_NTZ/portasm.o
                0x08006668                ulSetInterruptMask
 .text.vClearInterruptMask
                0x08006682       0x10 ./thirdparty/FreeRTOS/portable/GCC/ARM_CM33_NTZ/portasm.o
                0x08006682                vClearInterruptMask
 *fill*         0x08006692        0xe 
 .text.PendSV_Handler
                0x080066a0       0x68 ./thirdparty/FreeRTOS/portable/GCC/ARM_CM33_NTZ/portasm.o
                0x080066a0                PendSV_Handler
 *fill*         0x08006708        0x8 
 .text.SVC_Handler
                0x08006710       0x28 ./thirdparty/FreeRTOS/portable/GCC/ARM_CM33_NTZ/portasm.o
                0x08006710                SVC_Handler
 .text.pvPortMalloc
                0x08006738      0x194 ./thirdparty/FreeRTOS/portable/MemMang/heap_4.o
                0x08006738                pvPortMalloc
 .text.vPortFree
                0x080068cc       0xa8 ./thirdparty/FreeRTOS/portable/MemMang/heap_4.o
                0x080068cc                vPortFree
 .text.prvHeapInit
                0x08006974       0xc4 ./thirdparty/FreeRTOS/portable/MemMang/heap_4.o
 .text.prvInsertBlockIntoFreeList
                0x08006a38       0xb4 ./thirdparty/FreeRTOS/portable/MemMang/heap_4.o
 .text._cbSendSystemDesc
                0x08006aec       0x1c ./thirdparty/SEGGER/Config/SEGGER_SYSVIEW_Config_FreeRTOS.o
 .text.SEGGER_SYSVIEW_Conf
                0x08006b08       0x2c ./thirdparty/SEGGER/Config/SEGGER_SYSVIEW_Config_FreeRTOS.o
                0x08006b08                SEGGER_SYSVIEW_Conf
 .text._cbSendTaskList
                0x08006b34       0x90 ./thirdparty/SEGGER/OS/SEGGER_SYSVIEW_FreeRTOS.o
 .text._cbGetTime
                0x08006bc4       0x86 ./thirdparty/SEGGER/OS/SEGGER_SYSVIEW_FreeRTOS.o
 *fill*         0x08006c4a        0x2 
 .text.SYSVIEW_AddTask
                0x08006c4c       0xd0 ./thirdparty/SEGGER/OS/SEGGER_SYSVIEW_FreeRTOS.o
                0x08006c4c                SYSVIEW_AddTask
 .text.SYSVIEW_SendTaskInfo
                0x08006d1c       0x42 ./thirdparty/SEGGER/OS/SEGGER_SYSVIEW_FreeRTOS.o
                0x08006d1c                SYSVIEW_SendTaskInfo
 *fill*         0x08006d5e        0x2 
 .text._DoInit  0x08006d60       0xb4 ./thirdparty/SEGGER/SEGGER/SEGGER_RTT.o
 .text.SEGGER_RTT_ReadNoLock
                0x08006e14      0x10c ./thirdparty/SEGGER/SEGGER/SEGGER_RTT.o
                0x08006e14                SEGGER_RTT_ReadNoLock
 .text.SEGGER_RTT_AllocUpBuffer
                0x08006f20      0x108 ./thirdparty/SEGGER/SEGGER/SEGGER_RTT.o
                0x08006f20                SEGGER_RTT_AllocUpBuffer
 .text.SEGGER_RTT_ConfigDownBuffer
                0x08007028       0x98 ./thirdparty/SEGGER/SEGGER/SEGGER_RTT.o
                0x08007028                SEGGER_RTT_ConfigDownBuffer
 .text._EncodeStr
                0x080070c0       0x72 ./thirdparty/SEGGER/SEGGER/SEGGER_SYSVIEW.o
 .text._PreparePacket
                0x08007132       0x18 ./thirdparty/SEGGER/SEGGER/SEGGER_SYSVIEW.o
 *fill*         0x0800714a        0x2 
 .text._HandleIncomingPacket
                0x0800714c       0xdc ./thirdparty/SEGGER/SEGGER/SEGGER_SYSVIEW.o
 .text._TrySendOverflowPacket
                0x08007228       0xe4 ./thirdparty/SEGGER/SEGGER/SEGGER_SYSVIEW.o
 .text._SendPacket
                0x0800730c      0x2dc ./thirdparty/SEGGER/SEGGER/SEGGER_SYSVIEW.o
 .text.SEGGER_SYSVIEW_Init
                0x080075e8       0x88 ./thirdparty/SEGGER/SEGGER/SEGGER_SYSVIEW.o
                0x080075e8                SEGGER_SYSVIEW_Init
 .text.SEGGER_SYSVIEW_SetRAMBase
                0x08007670       0x20 ./thirdparty/SEGGER/SEGGER/SEGGER_SYSVIEW.o
                0x08007670                SEGGER_SYSVIEW_SetRAMBase
 .text.SEGGER_SYSVIEW_RecordVoid
                0x08007690       0x3c ./thirdparty/SEGGER/SEGGER/SEGGER_SYSVIEW.o
                0x08007690                SEGGER_SYSVIEW_RecordVoid
 .text.SEGGER_SYSVIEW_RecordU32
                0x080076cc       0x78 ./thirdparty/SEGGER/SEGGER/SEGGER_SYSVIEW.o
                0x080076cc                SEGGER_SYSVIEW_RecordU32
 .text.SEGGER_SYSVIEW_RecordU32x2
                0x08007744       0xb4 ./thirdparty/SEGGER/SEGGER/SEGGER_SYSVIEW.o
                0x08007744                SEGGER_SYSVIEW_RecordU32x2
 .text.SEGGER_SYSVIEW_Start
                0x080077f8      0x174 ./thirdparty/SEGGER/SEGGER/SEGGER_SYSVIEW.o
                0x080077f8                SEGGER_SYSVIEW_Start
 .text.SEGGER_SYSVIEW_Stop
                0x0800796c       0x4c ./thirdparty/SEGGER/SEGGER/SEGGER_SYSVIEW.o
                0x0800796c                SEGGER_SYSVIEW_Stop
 .text.SEGGER_SYSVIEW_GetSysDesc
                0x080079b8      0x134 ./thirdparty/SEGGER/SEGGER/SEGGER_SYSVIEW.o
                0x080079b8                SEGGER_SYSVIEW_GetSysDesc
 .text.SEGGER_SYSVIEW_SendTaskInfo
                0x08007aec      0x1c8 ./thirdparty/SEGGER/SEGGER/SEGGER_SYSVIEW.o
                0x08007aec                SEGGER_SYSVIEW_SendTaskInfo
 .text.SEGGER_SYSVIEW_SendTaskList
                0x08007cb4       0x28 ./thirdparty/SEGGER/SEGGER/SEGGER_SYSVIEW.o
                0x08007cb4                SEGGER_SYSVIEW_SendTaskList
 .text.SEGGER_SYSVIEW_SendSysDesc
                0x08007cdc       0x48 ./thirdparty/SEGGER/SEGGER/SEGGER_SYSVIEW.o
                0x08007cdc                SEGGER_SYSVIEW_SendSysDesc
 .text.SEGGER_SYSVIEW_RecordSystime
                0x08007d24       0x64 ./thirdparty/SEGGER/SEGGER/SEGGER_SYSVIEW.o
                0x08007d24                SEGGER_SYSVIEW_RecordSystime
 .text.SEGGER_SYSVIEW_OnIdle
                0x08007d88       0x38 ./thirdparty/SEGGER/SEGGER/SEGGER_SYSVIEW.o
                0x08007d88                SEGGER_SYSVIEW_OnIdle
 .text.SEGGER_SYSVIEW_OnTaskCreate
                0x08007dc0       0x84 ./thirdparty/SEGGER/SEGGER/SEGGER_SYSVIEW.o
                0x08007dc0                SEGGER_SYSVIEW_OnTaskCreate
 .text.SEGGER_SYSVIEW_OnTaskStartExec
                0x08007e44       0x84 ./thirdparty/SEGGER/SEGGER/SEGGER_SYSVIEW.o
                0x08007e44                SEGGER_SYSVIEW_OnTaskStartExec
 .text.SEGGER_SYSVIEW_OnTaskStartReady
                0x08007ec8       0x84 ./thirdparty/SEGGER/SEGGER/SEGGER_SYSVIEW.o
                0x08007ec8                SEGGER_SYSVIEW_OnTaskStartReady
 .text.SEGGER_SYSVIEW_SendModule
                0x08007f4c      0x114 ./thirdparty/SEGGER/SEGGER/SEGGER_SYSVIEW.o
                0x08007f4c                SEGGER_SYSVIEW_SendModule
 .text.SEGGER_SYSVIEW_SendModuleDescription
                0x08008060       0x3c ./thirdparty/SEGGER/SEGGER/SEGGER_SYSVIEW.o
                0x08008060                SEGGER_SYSVIEW_SendModuleDescription
 .text.SEGGER_SYSVIEW_SendNumModules
                0x0800809c       0x7c ./thirdparty/SEGGER/SEGGER/SEGGER_SYSVIEW.o
                0x0800809c                SEGGER_SYSVIEW_SendNumModules
 .text.SEGGER_SYSVIEW_Warn
                0x08008118       0xb8 ./thirdparty/SEGGER/SEGGER/SEGGER_SYSVIEW.o
                0x08008118                SEGGER_SYSVIEW_Warn
 .text.memcmp   0x080081d0       0x20 C:/ST/STM32CubeIDE_1.15.1/STM32CubeIDE/plugins/com.st.stm32cube.ide.mcu.externaltools.gnu-tools-for-stm32.12.3.rel1.win32_1.0.100.202403111256/tools/bin/../lib/gcc/arm-none-eabi/12.3.1/../../../../arm-none-eabi/lib/thumb/v8-m.main+fp/hard\libc_nano.a(libc_a-memcmp.o)
                0x080081d0                memcmp
 .text.memset   0x080081f0       0x10 C:/ST/STM32CubeIDE_1.15.1/STM32CubeIDE/plugins/com.st.stm32cube.ide.mcu.externaltools.gnu-tools-for-stm32.12.3.rel1.win32_1.0.100.202403111256/tools/bin/../lib/gcc/arm-none-eabi/12.3.1/../../../../arm-none-eabi/lib/thumb/v8-m.main+fp/hard\libc_nano.a(libc_a-memset.o)
                0x080081f0                memset
 .text.__libc_init_array
                0x08008200       0x48 C:/ST/STM32CubeIDE_1.15.1/STM32CubeIDE/plugins/com.st.stm32cube.ide.mcu.externaltools.gnu-tools-for-stm32.12.3.rel1.win32_1.0.100.202403111256/tools/bin/../lib/gcc/arm-none-eabi/12.3.1/../../../../arm-none-eabi/lib/thumb/v8-m.main+fp/hard\libc_nano.a(libc_a-init.o)
                0x08008200                __libc_init_array
 .text.memcpy   0x08008248       0x1a C:/ST/STM32CubeIDE_1.15.1/STM32CubeIDE/plugins/com.st.stm32cube.ide.mcu.externaltools.gnu-tools-for-stm32.12.3.rel1.win32_1.0.100.202403111256/tools/bin/../lib/gcc/arm-none-eabi/12.3.1/../../../../arm-none-eabi/lib/thumb/v8-m.main+fp/hard\libc_nano.a(libc_a-memcpy-stub.o)
                0x08008248                memcpy
 *(.glue_7)
 .glue_7        0x08008262        0x0 linker stubs
 *(.glue_7t)
 .glue_7t       0x08008262        0x0 linker stubs
 *(.eh_frame)
 *fill*         0x08008262        0x2 
 .eh_frame      0x08008264        0x0 C:/ST/STM32CubeIDE_1.15.1/STM32CubeIDE/plugins/com.st.stm32cube.ide.mcu.externaltools.gnu-tools-for-stm32.12.3.rel1.win32_1.0.100.202403111256/tools/bin/../lib/gcc/arm-none-eabi/12.3.1/thumb/v8-m.main+fp/hard/crtbegin.o
 *(.init)
 .init          0x08008264        0x4 C:/ST/STM32CubeIDE_1.15.1/STM32CubeIDE/plugins/com.st.stm32cube.ide.mcu.externaltools.gnu-tools-for-stm32.12.3.rel1.win32_1.0.100.202403111256/tools/bin/../lib/gcc/arm-none-eabi/12.3.1/thumb/v8-m.main+fp/hard/crti.o
                0x08008264                _init
 .init          0x08008268        0x8 C:/ST/STM32CubeIDE_1.15.1/STM32CubeIDE/plugins/com.st.stm32cube.ide.mcu.externaltools.gnu-tools-for-stm32.12.3.rel1.win32_1.0.100.202403111256/tools/bin/../lib/gcc/arm-none-eabi/12.3.1/thumb/v8-m.main+fp/hard/crtn.o
 *(.fini)
 .fini          0x08008270        0x4 C:/ST/STM32CubeIDE_1.15.1/STM32CubeIDE/plugins/com.st.stm32cube.ide.mcu.externaltools.gnu-tools-for-stm32.12.3.rel1.win32_1.0.100.202403111256/tools/bin/../lib/gcc/arm-none-eabi/12.3.1/thumb/v8-m.main+fp/hard/crti.o
                0x08008270                _fini
 .fini          0x08008274        0x8 C:/ST/STM32CubeIDE_1.15.1/STM32CubeIDE/plugins/com.st.stm32cube.ide.mcu.externaltools.gnu-tools-for-stm32.12.3.rel1.win32_1.0.100.202403111256/tools/bin/../lib/gcc/arm-none-eabi/12.3.1/thumb/v8-m.main+fp/hard/crtn.o
                0x0800827c                        . = ALIGN (0x4)
                0x0800827c                        _etext = .

.vfp11_veneer   0x0800827c        0x0
 .vfp11_veneer  0x0800827c        0x0 linker stubs

.v4_bx          0x0800827c        0x0
 .v4_bx         0x0800827c        0x0 linker stubs

.iplt           0x0800827c        0x0
 .iplt          0x0800827c        0x0 C:/ST/STM32CubeIDE_1.15.1/STM32CubeIDE/plugins/com.st.stm32cube.ide.mcu.externaltools.gnu-tools-for-stm32.12.3.rel1.win32_1.0.100.202403111256/tools/bin/../lib/gcc/arm-none-eabi/12.3.1/thumb/v8-m.main+fp/hard/crtbegin.o

.rodata         0x0800827c      0x158
                0x0800827c                        . = ALIGN (0x4)
 *(.rodata)
 .rodata        0x0800827c       0x26 ./Core/Src/main.o
 *fill*         0x080082a2        0x2 
 .rodata        0x080082a4        0x5 ./thirdparty/FreeRTOS/tasks.o
 *fill*         0x080082a9        0x3 
 .rodata        0x080082ac       0x49 ./thirdparty/SEGGER/Config/SEGGER_SYSVIEW_Config_FreeRTOS.o
 *fill*         0x080082f5        0x3 
 .rodata        0x080082f8       0x58 ./thirdparty/SEGGER/OS/SEGGER_SYSVIEW_FreeRTOS.o
 .rodata        0x08008350        0x9 ./thirdparty/SEGGER/SEGGER/SEGGER_RTT.o
 *fill*         0x08008359        0x3 
 .rodata        0x0800835c       0x10 ./thirdparty/SEGGER/SEGGER/SEGGER_SYSVIEW.o
 *(.rodata*)
 .rodata.AHBPrescTable
                0x0800836c       0x10 ./Core/Src/system_stm32h5xx.o
                0x0800836c                AHBPrescTable
 .rodata.APBPrescTable
                0x0800837c        0x8 ./Core/Src/system_stm32h5xx.o
                0x0800837c                APBPrescTable
 .rodata.UARTPrescTable
                0x08008384       0x18 ./Drivers/STM32H5xx_HAL_Driver/Src/stm32h5xx_hal_uart.o
                0x08008384                UARTPrescTable
 .rodata.numerator.1
                0x0800839c        0x8 ./Drivers/STM32H5xx_HAL_Driver/Src/stm32h5xx_hal_uart_ex.o
 .rodata.denominator.0
                0x080083a4        0x8 ./Drivers/STM32H5xx_HAL_Driver/Src/stm32h5xx_hal_uart_ex.o
 .rodata.SYSVIEW_X_OS_TraceAPI
                0x080083ac        0x8 ./thirdparty/SEGGER/OS/SEGGER_SYSVIEW_FreeRTOS.o
                0x080083ac                SYSVIEW_X_OS_TraceAPI
 .rodata._aInitStr.0
                0x080083b4       0x11 ./thirdparty/SEGGER/SEGGER/SEGGER_RTT.o
 *fill*         0x080083c5        0x3 
 .rodata._abSync
                0x080083c8        0xa ./thirdparty/SEGGER/SEGGER/SEGGER_SYSVIEW.o
                0x080083d4                        . = ALIGN (0x4)
 *fill*         0x080083d2        0x2 

.ARM.extab      0x080083d4        0x0
                0x080083d4                        . = ALIGN (0x4)
 *(.ARM.extab* .gnu.linkonce.armextab.*)
                0x080083d4                        . = ALIGN (0x4)

.ARM            0x080083d4        0x8
                0x080083d4                        . = ALIGN (0x4)
                0x080083d4                        __exidx_start = .
 *(.ARM.exidx*)
 .ARM.exidx     0x080083d4        0x8 C:/ST/STM32CubeIDE_1.15.1/STM32CubeIDE/plugins/com.st.stm32cube.ide.mcu.externaltools.gnu-tools-for-stm32.12.3.rel1.win32_1.0.100.202403111256/tools/bin/../lib/gcc/arm-none-eabi/12.3.1/thumb/v8-m.main+fp/hard\libgcc.a(_udivmoddi4.o)
                0x080083dc                        __exidx_end = .
                0x080083dc                        . = ALIGN (0x4)

.preinit_array  0x080083dc        0x0
                0x080083dc                        . = ALIGN (0x4)
                0x080083dc                        PROVIDE (__preinit_array_start = .)
 *(.preinit_array*)
                0x080083dc                        PROVIDE (__preinit_array_end = .)
                0x080083dc                        . = ALIGN (0x4)

.init_array     0x080083dc        0x4
                0x080083dc                        . = ALIGN (0x4)
                0x080083dc                        PROVIDE (__init_array_start = .)
 *(SORT_BY_NAME(.init_array.*))
 *(.init_array*)
 .init_array    0x080083dc        0x4 C:/ST/STM32CubeIDE_1.15.1/STM32CubeIDE/plugins/com.st.stm32cube.ide.mcu.externaltools.gnu-tools-for-stm32.12.3.rel1.win32_1.0.100.202403111256/tools/bin/../lib/gcc/arm-none-eabi/12.3.1/thumb/v8-m.main+fp/hard/crtbegin.o
                0x080083e0                        PROVIDE (__init_array_end = .)
                0x080083e0                        . = ALIGN (0x4)

.fini_array     0x080083e0        0x4
                0x080083e0                        . = ALIGN (0x4)
                [!provide]                        PROVIDE (__fini_array_start = .)
 *(SORT_BY_NAME(.fini_array.*))
 *(.fini_array*)
 .fini_array    0x080083e0        0x4 C:/ST/STM32CubeIDE_1.15.1/STM32CubeIDE/plugins/com.st.stm32cube.ide.mcu.externaltools.gnu-tools-for-stm32.12.3.rel1.win32_1.0.100.202403111256/tools/bin/../lib/gcc/arm-none-eabi/12.3.1/thumb/v8-m.main+fp/hard/crtbegin.o
                [!provide]                        PROVIDE (__fini_array_end = .)
                0x080083e4                        . = ALIGN (0x4)
                0x080083e4                        _sidata = LOADADDR (.data)

.rel.dyn        0x080083e4        0x0
 .rel.iplt      0x080083e4        0x0 C:/ST/STM32CubeIDE_1.15.1/STM32CubeIDE/plugins/com.st.stm32cube.ide.mcu.externaltools.gnu-tools-for-stm32.12.3.rel1.win32_1.0.100.202403111256/tools/bin/../lib/gcc/arm-none-eabi/12.3.1/thumb/v8-m.main+fp/hard/crtbegin.o

.data           0x20000000       0x14 load address 0x080083e4
                0x20000000                        . = ALIGN (0x4)
                0x20000000                        _sdata = .
 *(.data)
 *(.data*)
 .data.SystemCoreClock
                0x20000000        0x4 ./Core/Src/system_stm32h5xx.o
                0x20000000                SystemCoreClock
 .data.uwTickPrio
                0x20000004        0x4 ./Drivers/STM32H5xx_HAL_Driver/Src/stm32h5xx_hal.o
                0x20000004                uwTickPrio
 .data.uwTickFreq
                0x20000008        0x1 ./Drivers/STM32H5xx_HAL_Driver/Src/stm32h5xx_hal.o
                0x20000008                uwTickFreq
 *fill*         0x20000009        0x3 
 .data.uxTopUsedPriority
                0x2000000c        0x4 ./thirdparty/FreeRTOS/tasks.o
                0x2000000c                uxTopUsedPriority
 .data.ulCriticalNesting
                0x20000010        0x4 ./thirdparty/FreeRTOS/portable/GCC/ARM_CM33_NTZ/port.o
 *(.RamFunc)
 *(.RamFunc*)
                0x20000014                        . = ALIGN (0x4)
                0x20000014                        _edata = .

.igot.plt       0x20000014        0x0 load address 0x080083f8
 .igot.plt      0x20000014        0x0 C:/ST/STM32CubeIDE_1.15.1/STM32CubeIDE/plugins/com.st.stm32cube.ide.mcu.externaltools.gnu-tools-for-stm32.12.3.rel1.win32_1.0.100.202403111256/tools/bin/../lib/gcc/arm-none-eabi/12.3.1/thumb/v8-m.main+fp/hard/crtbegin.o
                0x20000014                        . = ALIGN (0x4)

.bss            0x20000014     0x4438 load address 0x080083f8
                0x20000014                        _sbss = .
                0x20000014                        __bss_start__ = _sbss
 *(.bss)
 .bss           0x20000014       0x1c C:/ST/STM32CubeIDE_1.15.1/STM32CubeIDE/plugins/com.st.stm32cube.ide.mcu.externaltools.gnu-tools-for-stm32.12.3.rel1.win32_1.0.100.202403111256/tools/bin/../lib/gcc/arm-none-eabi/12.3.1/thumb/v8-m.main+fp/hard/crtbegin.o
 *(.bss*)
 .bss.huart1    0x20000030       0x94 ./Core/Src/main.o
                0x20000030                huart1
 .bss.huart3    0x200000c4       0x94 ./Core/Src/main.o
                0x200000c4                huart3
 .bss.hpcd_USB_DRD_FS
                0x20000158      0x2e0 ./Core/Src/main.o
                0x20000158                hpcd_USB_DRD_FS
 .bss.htim7     0x20000438       0x4c ./Core/Src/stm32h5xx_hal_timebase_tim.o
                0x20000438                htim7
 .bss.uwTick    0x20000484        0x4 ./Drivers/STM32H5xx_HAL_Driver/Src/stm32h5xx_hal.o
                0x20000484                uwTick
 .bss.pxCurrentTCB
                0x20000488        0x4 ./thirdparty/FreeRTOS/tasks.o
                0x20000488                pxCurrentTCB
 .bss.pxReadyTasksLists
                0x2000048c       0x8c ./thirdparty/FreeRTOS/tasks.o
 .bss.xDelayedTaskList1
                0x20000518       0x14 ./thirdparty/FreeRTOS/tasks.o
 .bss.xDelayedTaskList2
                0x2000052c       0x14 ./thirdparty/FreeRTOS/tasks.o
 .bss.pxDelayedTaskList
                0x20000540        0x4 ./thirdparty/FreeRTOS/tasks.o
 .bss.pxOverflowDelayedTaskList
                0x20000544        0x4 ./thirdparty/FreeRTOS/tasks.o
 .bss.xPendingReadyList
                0x20000548       0x14 ./thirdparty/FreeRTOS/tasks.o
 .bss.xTasksWaitingTermination
                0x2000055c       0x14 ./thirdparty/FreeRTOS/tasks.o
 .bss.uxDeletedTasksWaitingCleanUp
                0x20000570        0x4 ./thirdparty/FreeRTOS/tasks.o
 .bss.xSuspendedTaskList
                0x20000574       0x14 ./thirdparty/FreeRTOS/tasks.o
 .bss.uxCurrentNumberOfTasks
                0x20000588        0x4 ./thirdparty/FreeRTOS/tasks.o
 .bss.xTickCount
                0x2000058c        0x4 ./thirdparty/FreeRTOS/tasks.o
 .bss.uxTopReadyPriority
                0x20000590        0x4 ./thirdparty/FreeRTOS/tasks.o
 .bss.xSchedulerRunning
                0x20000594        0x4 ./thirdparty/FreeRTOS/tasks.o
 .bss.xPendedTicks
                0x20000598        0x4 ./thirdparty/FreeRTOS/tasks.o
 .bss.xYieldPending
                0x2000059c        0x4 ./thirdparty/FreeRTOS/tasks.o
 .bss.xNumOfOverflows
                0x200005a0        0x4 ./thirdparty/FreeRTOS/tasks.o
 .bss.uxTaskNumber
                0x200005a4        0x4 ./thirdparty/FreeRTOS/tasks.o
 .bss.xNextTaskUnblockTime
                0x200005a8        0x4 ./thirdparty/FreeRTOS/tasks.o
 .bss.xIdleTaskHandle
                0x200005ac        0x4 ./thirdparty/FreeRTOS/tasks.o
 .bss.uxSchedulerSuspended
                0x200005b0        0x4 ./thirdparty/FreeRTOS/tasks.o
 .bss.ucHeap    0x200005b4     0x2800 ./thirdparty/FreeRTOS/portable/MemMang/heap_4.o
 .bss.xStart    0x20002db4        0x8 ./thirdparty/FreeRTOS/portable/MemMang/heap_4.o
 .bss.pxEnd     0x20002dbc        0x4 ./thirdparty/FreeRTOS/portable/MemMang/heap_4.o
 .bss.xFreeBytesRemaining
                0x20002dc0        0x4 ./thirdparty/FreeRTOS/portable/MemMang/heap_4.o
 .bss.xMinimumEverFreeBytesRemaining
                0x20002dc4        0x4 ./thirdparty/FreeRTOS/portable/MemMang/heap_4.o
 .bss.xNumberOfSuccessfulAllocations
                0x20002dc8        0x4 ./thirdparty/FreeRTOS/portable/MemMang/heap_4.o
 .bss.xNumberOfSuccessfulFrees
                0x20002dcc        0x4 ./thirdparty/FreeRTOS/portable/MemMang/heap_4.o
 .bss.xBlockAllocatedBit
                0x20002dd0        0x4 ./thirdparty/FreeRTOS/portable/MemMang/heap_4.o
 .bss._aTasks   0x20002dd4       0xa0 ./thirdparty/SEGGER/OS/SEGGER_SYSVIEW_FreeRTOS.o
 .bss._NumTasks
                0x20002e74        0x4 ./thirdparty/SEGGER/OS/SEGGER_SYSVIEW_FreeRTOS.o
 .bss._SEGGER_RTT
                0x20002e78       0xa8 ./thirdparty/SEGGER/SEGGER/SEGGER_RTT.o
                0x20002e78                _SEGGER_RTT
 .bss._acUpBuffer
                0x20002f20      0x400 ./thirdparty/SEGGER/SEGGER/SEGGER_RTT.o
 .bss._acDownBuffer
                0x20003320       0x10 ./thirdparty/SEGGER/SEGGER/SEGGER_RTT.o
 .bss._UpBuffer
                0x20003330     0x1000 ./thirdparty/SEGGER/SEGGER/SEGGER_SYSVIEW.o
 .bss._DownBuffer
                0x20004330        0x8 ./thirdparty/SEGGER/SEGGER/SEGGER_SYSVIEW.o
 .bss._SYSVIEW_Globals
                0x20004338       0x28 ./thirdparty/SEGGER/SEGGER/SEGGER_SYSVIEW.o
 .bss._pFirstModule
                0x20004360        0x4 ./thirdparty/SEGGER/SEGGER/SEGGER_SYSVIEW.o
 .bss._NumModules
                0x20004364        0x1 ./thirdparty/SEGGER/SEGGER/SEGGER_SYSVIEW.o
 *fill*         0x20004365        0x3 
 .bss._aPacket  0x20004368       0xe3 ./thirdparty/SEGGER/SEGGER/SEGGER_SYSVIEW.o
 *(COMMON)
                0x2000444c                        . = ALIGN (0x4)
 *fill*         0x2000444b        0x1 
                0x2000444c                        _ebss = .
                0x2000444c                        __bss_end__ = _ebss

._user_heap_stack
                0x2000444c      0x604 load address 0x080083f8
                0x20004450                        . = ALIGN (0x8)
 *fill*         0x2000444c        0x4 
                0x20004450                        PROVIDE (end = .)
                [!provide]                        PROVIDE (_end = .)
                0x20004650                        . = (. + _Min_Heap_Size)
 *fill*         0x20004450      0x200 
                0x20004a50                        . = (. + _Min_Stack_Size)
 *fill*         0x20004650      0x400 
                0x20004a50                        . = ALIGN (0x8)

/DISCARD/
 libc.a(*)
 libm.a(*)
 libgcc.a(*)

.ARM.attributes
                0x00000000       0x36
 *(.ARM.attributes)
 .ARM.attributes
                0x00000000       0x26 C:/ST/STM32CubeIDE_1.15.1/STM32CubeIDE/plugins/com.st.stm32cube.ide.mcu.externaltools.gnu-tools-for-stm32.12.3.rel1.win32_1.0.100.202403111256/tools/bin/../lib/gcc/arm-none-eabi/12.3.1/thumb/v8-m.main+fp/hard/crti.o
 .ARM.attributes
                0x00000026       0x38 C:/ST/STM32CubeIDE_1.15.1/STM32CubeIDE/plugins/com.st.stm32cube.ide.mcu.externaltools.gnu-tools-for-stm32.12.3.rel1.win32_1.0.100.202403111256/tools/bin/../lib/gcc/arm-none-eabi/12.3.1/thumb/v8-m.main+fp/hard/crtbegin.o
 .ARM.attributes
                0x0000005e       0x3a ./Core/Src/main.o
 .ARM.attributes
                0x00000098       0x3a ./Core/Src/stm32h5xx_hal_msp.o
 .ARM.attributes
                0x000000d2       0x3a ./Core/Src/stm32h5xx_hal_timebase_tim.o
 .ARM.attributes
                0x0000010c       0x3a ./Core/Src/stm32h5xx_it.o
 .ARM.attributes
                0x00000146       0x3a ./Core/Src/system_stm32h5xx.o
 .ARM.attributes
                0x00000180       0x24 ./Core/Startup/startup_stm32h503rbtx.o
 .ARM.attributes
                0x000001a4       0x3a ./Drivers/STM32H5xx_HAL_Driver/Src/stm32h5xx_hal.o
 .ARM.attributes
                0x000001de       0x3a ./Drivers/STM32H5xx_HAL_Driver/Src/stm32h5xx_hal_cortex.o
 .ARM.attributes
                0x00000218       0x3a ./Drivers/STM32H5xx_HAL_Driver/Src/stm32h5xx_hal_gpio.o
 .ARM.attributes
                0x00000252       0x3a ./Drivers/STM32H5xx_HAL_Driver/Src/stm32h5xx_hal_icache.o
 .ARM.attributes
                0x0000028c       0x3a ./Drivers/STM32H5xx_HAL_Driver/Src/stm32h5xx_hal_pcd.o
 .ARM.attributes
                0x000002c6       0x3a ./Drivers/STM32H5xx_HAL_Driver/Src/stm32h5xx_hal_pcd_ex.o
 .ARM.attributes
                0x00000300       0x3a ./Drivers/STM32H5xx_HAL_Driver/Src/stm32h5xx_hal_rcc.o
 .ARM.attributes
                0x0000033a       0x3a ./Drivers/STM32H5xx_HAL_Driver/Src/stm32h5xx_hal_rcc_ex.o
 .ARM.attributes
                0x00000374       0x3a ./Drivers/STM32H5xx_HAL_Driver/Src/stm32h5xx_hal_tim.o
 .ARM.attributes
                0x000003ae       0x3a ./Drivers/STM32H5xx_HAL_Driver/Src/stm32h5xx_hal_tim_ex.o
 .ARM.attributes
                0x000003e8       0x3a ./Drivers/STM32H5xx_HAL_Driver/Src/stm32h5xx_hal_uart.o
 .ARM.attributes
                0x00000422       0x3a ./Drivers/STM32H5xx_HAL_Driver/Src/stm32h5xx_hal_uart_ex.o
 .ARM.attributes
                0x0000045c       0x3a ./Drivers/STM32H5xx_HAL_Driver/Src/stm32h5xx_ll_usb.o
 .ARM.attributes
                0x00000496       0x3a ./thirdparty/FreeRTOS/list.o
 .ARM.attributes
                0x000004d0       0x3a ./thirdparty/FreeRTOS/tasks.o
 .ARM.attributes
                0x0000050a       0x3a ./thirdparty/FreeRTOS/portable/GCC/ARM_CM33_NTZ/port.o
 .ARM.attributes
                0x00000544       0x3a ./thirdparty/FreeRTOS/portable/GCC/ARM_CM33_NTZ/portasm.o
 .ARM.attributes
                0x0000057e       0x3a ./thirdparty/FreeRTOS/portable/MemMang/heap_4.o
 .ARM.attributes
                0x000005b8       0x3a ./thirdparty/SEGGER/Config/SEGGER_SYSVIEW_Config_FreeRTOS.o
 .ARM.attributes
                0x000005f2       0x3a ./thirdparty/SEGGER/OS/SEGGER_SYSVIEW_FreeRTOS.o
 .ARM.attributes
                0x0000062c       0x3a ./thirdparty/SEGGER/SEGGER/SEGGER_RTT.o
 .ARM.attributes
                0x00000666       0x26 ./thirdparty/SEGGER/SEGGER/SEGGER_RTT_ASM_ARMv7M.o
 .ARM.attributes
                0x0000068c       0x3a ./thirdparty/SEGGER/SEGGER/SEGGER_SYSVIEW.o
 .ARM.attributes
                0x000006c6       0x38 C:/ST/STM32CubeIDE_1.15.1/STM32CubeIDE/plugins/com.st.stm32cube.ide.mcu.externaltools.gnu-tools-for-stm32.12.3.rel1.win32_1.0.100.202403111256/tools/bin/../lib/gcc/arm-none-eabi/12.3.1/../../../../arm-none-eabi/lib/thumb/v8-m.main+fp/hard\libc_nano.a(libc_a-memcmp.o)
 .ARM.attributes
                0x000006fe       0x38 C:/ST/STM32CubeIDE_1.15.1/STM32CubeIDE/plugins/com.st.stm32cube.ide.mcu.externaltools.gnu-tools-for-stm32.12.3.rel1.win32_1.0.100.202403111256/tools/bin/../lib/gcc/arm-none-eabi/12.3.1/../../../../arm-none-eabi/lib/thumb/v8-m.main+fp/hard\libc_nano.a(libc_a-memset.o)
 .ARM.attributes
                0x00000736       0x38 C:/ST/STM32CubeIDE_1.15.1/STM32CubeIDE/plugins/com.st.stm32cube.ide.mcu.externaltools.gnu-tools-for-stm32.12.3.rel1.win32_1.0.100.202403111256/tools/bin/../lib/gcc/arm-none-eabi/12.3.1/../../../../arm-none-eabi/lib/thumb/v8-m.main+fp/hard\libc_nano.a(libc_a-init.o)
 .ARM.attributes
                0x0000076e       0x38 C:/ST/STM32CubeIDE_1.15.1/STM32CubeIDE/plugins/com.st.stm32cube.ide.mcu.externaltools.gnu-tools-for-stm32.12.3.rel1.win32_1.0.100.202403111256/tools/bin/../lib/gcc/arm-none-eabi/12.3.1/../../../../arm-none-eabi/lib/thumb/v8-m.main+fp/hard\libc_nano.a(libc_a-memcpy-stub.o)
 .ARM.attributes
                0x000007a6       0x26 C:/ST/STM32CubeIDE_1.15.1/STM32CubeIDE/plugins/com.st.stm32cube.ide.mcu.externaltools.gnu-tools-for-stm32.12.3.rel1.win32_1.0.100.202403111256/tools/bin/../lib/gcc/arm-none-eabi/12.3.1/thumb/v8-m.main+fp/hard\libgcc.a(_aeabi_uldivmod.o)
 .ARM.attributes
                0x000007cc       0x38 C:/ST/STM32CubeIDE_1.15.1/STM32CubeIDE/plugins/com.st.stm32cube.ide.mcu.externaltools.gnu-tools-for-stm32.12.3.rel1.win32_1.0.100.202403111256/tools/bin/../lib/gcc/arm-none-eabi/12.3.1/thumb/v8-m.main+fp/hard\libgcc.a(_udivmoddi4.o)
 .ARM.attributes
                0x00000804       0x26 C:/ST/STM32CubeIDE_1.15.1/STM32CubeIDE/plugins/com.st.stm32cube.ide.mcu.externaltools.gnu-tools-for-stm32.12.3.rel1.win32_1.0.100.202403111256/tools/bin/../lib/gcc/arm-none-eabi/12.3.1/thumb/v8-m.main+fp/hard\libgcc.a(_dvmd_tls.o)
 .ARM.attributes
                0x0000082a       0x26 C:/ST/STM32CubeIDE_1.15.1/STM32CubeIDE/plugins/com.st.stm32cube.ide.mcu.externaltools.gnu-tools-for-stm32.12.3.rel1.win32_1.0.100.202403111256/tools/bin/../lib/gcc/arm-none-eabi/12.3.1/thumb/v8-m.main+fp/hard/crtn.o
OUTPUT(freertos_v1.elf elf32-littlearm)
LOAD linker stubs
LOAD C:/ST/STM32CubeIDE_1.15.1/STM32CubeIDE/plugins/com.st.stm32cube.ide.mcu.externaltools.gnu-tools-for-stm32.12.3.rel1.win32_1.0.100.202403111256/tools/bin/../lib/gcc/arm-none-eabi/12.3.1/../../../../arm-none-eabi/lib/thumb/v8-m.main+fp/hard\libc.a
LOAD C:/ST/STM32CubeIDE_1.15.1/STM32CubeIDE/plugins/com.st.stm32cube.ide.mcu.externaltools.gnu-tools-for-stm32.12.3.rel1.win32_1.0.100.202403111256/tools/bin/../lib/gcc/arm-none-eabi/12.3.1/../../../../arm-none-eabi/lib/thumb/v8-m.main+fp/hard\libm.a
LOAD C:/ST/STM32CubeIDE_1.15.1/STM32CubeIDE/plugins/com.st.stm32cube.ide.mcu.externaltools.gnu-tools-for-stm32.12.3.rel1.win32_1.0.100.202403111256/tools/bin/../lib/gcc/arm-none-eabi/12.3.1/thumb/v8-m.main+fp/hard\libgcc.a

.debug_info     0x00000000    0x1faf2
 .debug_info    0x00000000     0x1d2a ./Core/Src/main.o
 .debug_info    0x00001d2a     0x156f ./Core/Src/stm32h5xx_hal_msp.o
 .debug_info    0x00003299     0x105c ./Core/Src/stm32h5xx_hal_timebase_tim.o
 .debug_info    0x000042f5      0x936 ./Core/Src/stm32h5xx_it.o
 .debug_info    0x00004c2b      0xc0b ./Core/Src/system_stm32h5xx.o
 .debug_info    0x00005836       0x30 ./Core/Startup/startup_stm32h503rbtx.o
 .debug_info    0x00005866     0x1069 ./Drivers/STM32H5xx_HAL_Driver/Src/stm32h5xx_hal.o
 .debug_info    0x000068cf     0x1522 ./Drivers/STM32H5xx_HAL_Driver/Src/stm32h5xx_hal_cortex.o
 .debug_info    0x00007df1      0x6aa ./Drivers/STM32H5xx_HAL_Driver/Src/stm32h5xx_hal_gpio.o
 .debug_info    0x0000849b      0x377 ./Drivers/STM32H5xx_HAL_Driver/Src/stm32h5xx_hal_icache.o
 .debug_info    0x00008812     0x1461 ./Drivers/STM32H5xx_HAL_Driver/Src/stm32h5xx_hal_pcd.o
 .debug_info    0x00009c73      0x7cb ./Drivers/STM32H5xx_HAL_Driver/Src/stm32h5xx_hal_pcd_ex.o
 .debug_info    0x0000a43e      0xfdf ./Drivers/STM32H5xx_HAL_Driver/Src/stm32h5xx_hal_rcc.o
 .debug_info    0x0000b41d      0xf52 ./Drivers/STM32H5xx_HAL_Driver/Src/stm32h5xx_hal_rcc_ex.o
 .debug_info    0x0000c36f     0x2e54 ./Drivers/STM32H5xx_HAL_Driver/Src/stm32h5xx_hal_tim.o
 .debug_info    0x0000f1c3     0x1eaa ./Drivers/STM32H5xx_HAL_Driver/Src/stm32h5xx_hal_tim_ex.o
 .debug_info    0x0001106d     0x4030 ./Drivers/STM32H5xx_HAL_Driver/Src/stm32h5xx_hal_uart.o
 .debug_info    0x0001509d     0x10ed ./Drivers/STM32H5xx_HAL_Driver/Src/stm32h5xx_hal_uart_ex.o
 .debug_info    0x0001618a     0x1914 ./Drivers/STM32H5xx_HAL_Driver/Src/stm32h5xx_ll_usb.o
 .debug_info    0x00017a9e      0x2b6 ./thirdparty/FreeRTOS/list.o
 .debug_info    0x00017d54     0x170c ./thirdparty/FreeRTOS/tasks.o
 .debug_info    0x00019460      0x305 ./thirdparty/FreeRTOS/portable/GCC/ARM_CM33_NTZ/port.o
 .debug_info    0x00019765      0x15c ./thirdparty/FreeRTOS/portable/GCC/ARM_CM33_NTZ/portasm.o
 .debug_info    0x000198c1      0x446 ./thirdparty/FreeRTOS/portable/MemMang/heap_4.o
 .debug_info    0x00019d07      0x181 ./thirdparty/SEGGER/Config/SEGGER_SYSVIEW_Config_FreeRTOS.o
 .debug_info    0x00019e88      0x426 ./thirdparty/SEGGER/OS/SEGGER_SYSVIEW_FreeRTOS.o
 .debug_info    0x0001a2ae     0x14d5 ./thirdparty/SEGGER/SEGGER/SEGGER_RTT.o
 .debug_info    0x0001b783       0x25 ./thirdparty/SEGGER/SEGGER/SEGGER_RTT_ASM_ARMv7M.o
 .debug_info    0x0001b7a8     0x434a ./thirdparty/SEGGER/SEGGER/SEGGER_SYSVIEW.o

.debug_abbrev   0x00000000     0x3d03
 .debug_abbrev  0x00000000      0x356 ./Core/Src/main.o
 .debug_abbrev  0x00000356      0x232 ./Core/Src/stm32h5xx_hal_msp.o
 .debug_abbrev  0x00000588      0x229 ./Core/Src/stm32h5xx_hal_timebase_tim.o
 .debug_abbrev  0x000007b1      0x1af ./Core/Src/stm32h5xx_it.o
 .debug_abbrev  0x00000960      0x13a ./Core/Src/system_stm32h5xx.o
 .debug_abbrev  0x00000a9a       0x24 ./Core/Startup/startup_stm32h503rbtx.o
 .debug_abbrev  0x00000abe      0x2ac ./Drivers/STM32H5xx_HAL_Driver/Src/stm32h5xx_hal.o
 .debug_abbrev  0x00000d6a      0x311 ./Drivers/STM32H5xx_HAL_Driver/Src/stm32h5xx_hal_cortex.o
 .debug_abbrev  0x0000107b      0x1db ./Drivers/STM32H5xx_HAL_Driver/Src/stm32h5xx_hal_gpio.o
 .debug_abbrev  0x00001256      0x1e4 ./Drivers/STM32H5xx_HAL_Driver/Src/stm32h5xx_hal_icache.o
 .debug_abbrev  0x0000143a      0x307 ./Drivers/STM32H5xx_HAL_Driver/Src/stm32h5xx_hal_pcd.o
 .debug_abbrev  0x00001741      0x228 ./Drivers/STM32H5xx_HAL_Driver/Src/stm32h5xx_hal_pcd_ex.o
 .debug_abbrev  0x00001969      0x28e ./Drivers/STM32H5xx_HAL_Driver/Src/stm32h5xx_hal_rcc.o
 .debug_abbrev  0x00001bf7      0x25c ./Drivers/STM32H5xx_HAL_Driver/Src/stm32h5xx_hal_rcc_ex.o
 .debug_abbrev  0x00001e53      0x2bd ./Drivers/STM32H5xx_HAL_Driver/Src/stm32h5xx_hal_tim.o
 .debug_abbrev  0x00002110      0x2c7 ./Drivers/STM32H5xx_HAL_Driver/Src/stm32h5xx_hal_tim_ex.o
 .debug_abbrev  0x000023d7      0x305 ./Drivers/STM32H5xx_HAL_Driver/Src/stm32h5xx_hal_uart.o
 .debug_abbrev  0x000026dc      0x2d4 ./Drivers/STM32H5xx_HAL_Driver/Src/stm32h5xx_hal_uart_ex.o
 .debug_abbrev  0x000029b0      0x2c3 ./Drivers/STM32H5xx_HAL_Driver/Src/stm32h5xx_ll_usb.o
 .debug_abbrev  0x00002c73       0xf5 ./thirdparty/FreeRTOS/list.o
 .debug_abbrev  0x00002d68      0x328 ./thirdparty/FreeRTOS/tasks.o
 .debug_abbrev  0x00003090      0x1bc ./thirdparty/FreeRTOS/portable/GCC/ARM_CM33_NTZ/port.o
 .debug_abbrev  0x0000324c       0xb7 ./thirdparty/FreeRTOS/portable/GCC/ARM_CM33_NTZ/portasm.o
 .debug_abbrev  0x00003303      0x1ce ./thirdparty/FreeRTOS/portable/MemMang/heap_4.o
 .debug_abbrev  0x000034d1       0xee ./thirdparty/SEGGER/Config/SEGGER_SYSVIEW_Config_FreeRTOS.o
 .debug_abbrev  0x000035bf      0x1c0 ./thirdparty/SEGGER/OS/SEGGER_SYSVIEW_FreeRTOS.o
 .debug_abbrev  0x0000377f      0x230 ./thirdparty/SEGGER/SEGGER/SEGGER_RTT.o
 .debug_abbrev  0x000039af       0x14 ./thirdparty/SEGGER/SEGGER/SEGGER_RTT_ASM_ARMv7M.o
 .debug_abbrev  0x000039c3      0x340 ./thirdparty/SEGGER/SEGGER/SEGGER_SYSVIEW.o

.debug_aranges  0x00000000     0x1ad8
 .debug_aranges
                0x00000000       0x70 ./Core/Src/main.o
 .debug_aranges
                0x00000070       0x40 ./Core/Src/stm32h5xx_hal_msp.o
 .debug_aranges
                0x000000b0       0x30 ./Core/Src/stm32h5xx_hal_timebase_tim.o
 .debug_aranges
                0x000000e0       0x48 ./Core/Src/stm32h5xx_it.o
 .debug_aranges
                0x00000128       0x28 ./Core/Src/system_stm32h5xx.o
 .debug_aranges
                0x00000150       0x28 ./Core/Startup/startup_stm32h503rbtx.o
 .debug_aranges
                0x00000178      0x1a0 ./Drivers/STM32H5xx_HAL_Driver/Src/stm32h5xx_hal.o
 .debug_aranges
                0x00000318      0x140 ./Drivers/STM32H5xx_HAL_Driver/Src/stm32h5xx_hal_cortex.o
 .debug_aranges
                0x00000458       0x78 ./Drivers/STM32H5xx_HAL_Driver/Src/stm32h5xx_hal_gpio.o
 .debug_aranges
                0x000004d0       0x98 ./Drivers/STM32H5xx_HAL_Driver/Src/stm32h5xx_hal_icache.o
 .debug_aranges
                0x00000568      0x150 ./Drivers/STM32H5xx_HAL_Driver/Src/stm32h5xx_hal_pcd.o
 .debug_aranges
                0x000006b8       0x58 ./Drivers/STM32H5xx_HAL_Driver/Src/stm32h5xx_hal_pcd_ex.o
 .debug_aranges
                0x00000710       0xa0 ./Drivers/STM32H5xx_HAL_Driver/Src/stm32h5xx_hal_rcc.o
 .debug_aranges
                0x000007b0       0xe8 ./Drivers/STM32H5xx_HAL_Driver/Src/stm32h5xx_hal_rcc_ex.o
 .debug_aranges
                0x00000898      0x3e8 ./Drivers/STM32H5xx_HAL_Driver/Src/stm32h5xx_hal_tim.o
 .debug_aranges
                0x00000c80      0x240 ./Drivers/STM32H5xx_HAL_Driver/Src/stm32h5xx_hal_tim_ex.o
 .debug_aranges
                0x00000ec0      0x248 ./Drivers/STM32H5xx_HAL_Driver/Src/stm32h5xx_hal_uart.o
 .debug_aranges
                0x00001108       0xa8 ./Drivers/STM32H5xx_HAL_Driver/Src/stm32h5xx_hal_uart_ex.o
 .debug_aranges
                0x000011b0      0x130 ./Drivers/STM32H5xx_HAL_Driver/Src/stm32h5xx_ll_usb.o
 .debug_aranges
                0x000012e0       0x40 ./thirdparty/FreeRTOS/list.o
 .debug_aranges
                0x00001320      0x1c0 ./thirdparty/FreeRTOS/tasks.o
 .debug_aranges
                0x000014e0       0x78 ./thirdparty/FreeRTOS/portable/GCC/ARM_CM33_NTZ/port.o
 .debug_aranges
                0x00001558       0x60 ./thirdparty/FreeRTOS/portable/GCC/ARM_CM33_NTZ/portasm.o
 .debug_aranges
                0x000015b8       0x58 ./thirdparty/FreeRTOS/portable/MemMang/heap_4.o
 .debug_aranges
                0x00001610       0x28 ./thirdparty/SEGGER/Config/SEGGER_SYSVIEW_Config_FreeRTOS.o
 .debug_aranges
                0x00001638       0x48 ./thirdparty/SEGGER/OS/SEGGER_SYSVIEW_FreeRTOS.o
 .debug_aranges
                0x00001680      0x138 ./thirdparty/SEGGER/SEGGER/SEGGER_RTT.o
 .debug_aranges
                0x000017b8       0x20 ./thirdparty/SEGGER/SEGGER/SEGGER_RTT_ASM_ARMv7M.o
 .debug_aranges
                0x000017d8      0x300 ./thirdparty/SEGGER/SEGGER/SEGGER_SYSVIEW.o

.debug_rnglists
                0x00000000     0x14c7
 .debug_rnglists
                0x00000000       0x54 ./Core/Src/main.o
 .debug_rnglists
                0x00000054       0x2c ./Core/Src/stm32h5xx_hal_msp.o
 .debug_rnglists
                0x00000080       0x20 ./Core/Src/stm32h5xx_hal_timebase_tim.o
 .debug_rnglists
                0x000000a0       0x31 ./Core/Src/stm32h5xx_it.o
 .debug_rnglists
                0x000000d1       0x1b ./Core/Src/system_stm32h5xx.o
 .debug_rnglists
                0x000000ec       0x19 ./Core/Startup/startup_stm32h503rbtx.o
 .debug_rnglists
                0x00000105      0x134 ./Drivers/STM32H5xx_HAL_Driver/Src/stm32h5xx_hal.o
 .debug_rnglists
                0x00000239       0xec ./Drivers/STM32H5xx_HAL_Driver/Src/stm32h5xx_hal_cortex.o
 .debug_rnglists
                0x00000325       0x57 ./Drivers/STM32H5xx_HAL_Driver/Src/stm32h5xx_hal_gpio.o
 .debug_rnglists
                0x0000037c       0x6d ./Drivers/STM32H5xx_HAL_Driver/Src/stm32h5xx_hal_icache.o
 .debug_rnglists
                0x000003e9      0x100 ./Drivers/STM32H5xx_HAL_Driver/Src/stm32h5xx_hal_pcd.o
 .debug_rnglists
                0x000004e9       0x3f ./Drivers/STM32H5xx_HAL_Driver/Src/stm32h5xx_hal_pcd_ex.o
 .debug_rnglists
                0x00000528       0x79 ./Drivers/STM32H5xx_HAL_Driver/Src/stm32h5xx_hal_rcc.o
 .debug_rnglists
                0x000005a1       0xb4 ./Drivers/STM32H5xx_HAL_Driver/Src/stm32h5xx_hal_rcc_ex.o
 .debug_rnglists
                0x00000655      0x32e ./Drivers/STM32H5xx_HAL_Driver/Src/stm32h5xx_hal_tim.o
 .debug_rnglists
                0x00000983      0x1cb ./Drivers/STM32H5xx_HAL_Driver/Src/stm32h5xx_hal_tim_ex.o
 .debug_rnglists
                0x00000b4e      0x1f9 ./Drivers/STM32H5xx_HAL_Driver/Src/stm32h5xx_hal_uart.o
 .debug_rnglists
                0x00000d47       0x7f ./Drivers/STM32H5xx_HAL_Driver/Src/stm32h5xx_hal_uart_ex.o
 .debug_rnglists
                0x00000dc6       0xeb ./Drivers/STM32H5xx_HAL_Driver/Src/stm32h5xx_ll_usb.o
 .debug_rnglists
                0x00000eb1       0x2b ./thirdparty/FreeRTOS/list.o
 .debug_rnglists
                0x00000edc      0x164 ./thirdparty/FreeRTOS/tasks.o
 .debug_rnglists
                0x00001040       0x56 ./thirdparty/FreeRTOS/portable/GCC/ARM_CM33_NTZ/port.o
 .debug_rnglists
                0x00001096       0x43 ./thirdparty/FreeRTOS/portable/GCC/ARM_CM33_NTZ/portasm.o
 .debug_rnglists
                0x000010d9       0x42 ./thirdparty/FreeRTOS/portable/MemMang/heap_4.o
 .debug_rnglists
                0x0000111b       0x19 ./thirdparty/SEGGER/Config/SEGGER_SYSVIEW_Config_FreeRTOS.o
 .debug_rnglists
                0x00001134       0x36 ./thirdparty/SEGGER/OS/SEGGER_SYSVIEW_FreeRTOS.o
 .debug_rnglists
                0x0000116a       0xf5 ./thirdparty/SEGGER/SEGGER/SEGGER_RTT.o
 .debug_rnglists
                0x0000125f      0x268 ./thirdparty/SEGGER/SEGGER/SEGGER_SYSVIEW.o

.debug_macro    0x00000000    0x23e0c
 .debug_macro   0x00000000      0x37e ./Core/Src/main.o
 .debug_macro   0x0000037e      0xaba ./Core/Src/main.o
 .debug_macro   0x00000e38      0x1d6 ./Core/Src/main.o
 .debug_macro   0x0000100e       0x22 ./Core/Src/main.o
 .debug_macro   0x00001030       0x5b ./Core/Src/main.o
 .debug_macro   0x0000108b       0x2a ./Core/Src/main.o
 .debug_macro   0x000010b5       0x94 ./Core/Src/main.o
 .debug_macro   0x00001149       0x43 ./Core/Src/main.o
 .debug_macro   0x0000118c       0x34 ./Core/Src/main.o
 .debug_macro   0x000011c0      0x189 ./Core/Src/main.o
 .debug_macro   0x00001349       0x16 ./Core/Src/main.o
 .debug_macro   0x0000135f       0x43 ./Core/Src/main.o
 .debug_macro   0x000013a2       0x57 ./Core/Src/main.o
 .debug_macro   0x000013f9       0x34 ./Core/Src/main.o
 .debug_macro   0x0000142d       0x10 ./Core/Src/main.o
 .debug_macro   0x0000143d       0x58 ./Core/Src/main.o
 .debug_macro   0x00001495       0x8e ./Core/Src/main.o
 .debug_macro   0x00001523       0x1c ./Core/Src/main.o
 .debug_macro   0x0000153f      0x177 ./Core/Src/main.o
 .debug_macro   0x000016b6      0x369 ./Core/Src/main.o
 .debug_macro   0x00001a1f      0x19b ./Core/Src/main.o
 .debug_macro   0x00001bba       0x28 ./Core/Src/main.o
 .debug_macro   0x00001be2       0x42 ./Core/Src/main.o
 .debug_macro   0x00001c24      0x103 ./Core/Src/main.o
 .debug_macro   0x00001d27       0x6a ./Core/Src/main.o
 .debug_macro   0x00001d91      0x1df ./Core/Src/main.o
 .debug_macro   0x00001f70       0x1c ./Core/Src/main.o
 .debug_macro   0x00001f8c       0x29 ./Core/Src/main.o
 .debug_macro   0x00001fb5       0xfb ./Core/Src/main.o
 .debug_macro   0x000020b0     0x1685 ./Core/Src/main.o
 .debug_macro   0x00003735       0x5e ./Core/Src/main.o
 .debug_macro   0x00003793    0x12007 ./Core/Src/main.o
 .debug_macro   0x0001579a       0x6d ./Core/Src/main.o
 .debug_macro   0x00015807     0x3891 ./Core/Src/main.o
 .debug_macro   0x00019098       0x63 ./Core/Src/main.o
 .debug_macro   0x000190fb     0x146a ./Core/Src/main.o
 .debug_macro   0x0001a565      0x75e ./Core/Src/main.o
 .debug_macro   0x0001acc3      0x166 ./Core/Src/main.o
 .debug_macro   0x0001ae29      0x1a6 ./Core/Src/main.o
 .debug_macro   0x0001afcf       0x6e ./Core/Src/main.o
 .debug_macro   0x0001b03d      0x527 ./Core/Src/main.o
 .debug_macro   0x0001b564      0x40f ./Core/Src/main.o
 .debug_macro   0x0001b973       0xd6 ./Core/Src/main.o
 .debug_macro   0x0001ba49      0x1ce ./Core/Src/main.o
 .debug_macro   0x0001bc17      0x1c3 ./Core/Src/main.o
 .debug_macro   0x0001bdda      0x4ef ./Core/Src/main.o
 .debug_macro   0x0001c2c9       0x58 ./Core/Src/main.o
 .debug_macro   0x0001c321      0x272 ./Core/Src/main.o
 .debug_macro   0x0001c593      0x1a6 ./Core/Src/main.o
 .debug_macro   0x0001c739      0xbef ./Core/Src/main.o
 .debug_macro   0x0001d328      0x2b6 ./Core/Src/main.o
 .debug_macro   0x0001d5de      0x693 ./Core/Src/main.o
 .debug_macro   0x0001dc71       0xa6 ./Core/Src/main.o
 .debug_macro   0x0001dd17      0x224 ./Core/Src/main.o
 .debug_macro   0x0001df3b      0x169 ./Core/Src/main.o
 .debug_macro   0x0001e0a4      0x20a ./Core/Src/main.o
 .debug_macro   0x0001e2ae      0x31f ./Core/Src/main.o
 .debug_macro   0x0001e5cd       0xb8 ./Core/Src/main.o
 .debug_macro   0x0001e685       0xf4 ./Core/Src/main.o
 .debug_macro   0x0001e779       0x58 ./Core/Src/main.o
 .debug_macro   0x0001e7d1       0x46 ./Core/Src/main.o
 .debug_macro   0x0001e817       0x63 ./Core/Src/main.o
 .debug_macro   0x0001e87a       0x49 ./Core/Src/main.o
 .debug_macro   0x0001e8c3       0xd1 ./Core/Src/main.o
 .debug_macro   0x0001e994      0x233 ./Core/Src/main.o
 .debug_macro   0x0001ebc7      0x454 ./Core/Src/main.o
 .debug_macro   0x0001f01b      0x15a ./Core/Src/main.o
 .debug_macro   0x0001f175      0x1c6 ./Core/Src/main.o
 .debug_macro   0x0001f33b       0x26 ./Core/Src/main.o
 .debug_macro   0x0001f361      0x3c1 ./Core/Src/main.o
 .debug_macro   0x0001f722       0xb5 ./Core/Src/main.o
 .debug_macro   0x0001f7d7      0x120 ./Core/Src/main.o
 .debug_macro   0x0001f8f7      0x35c ./Core/Src/stm32h5xx_hal_msp.o
 .debug_macro   0x0001fc53      0x29b ./Core/Src/stm32h5xx_hal_timebase_tim.o
 .debug_macro   0x0001feee      0x2b4 ./Core/Src/stm32h5xx_it.o
 .debug_macro   0x000201a2      0x2a2 ./Core/Src/system_stm32h5xx.o
 .debug_macro   0x00020444      0x2cb ./Drivers/STM32H5xx_HAL_Driver/Src/stm32h5xx_hal.o
 .debug_macro   0x0002070f      0x29b ./Drivers/STM32H5xx_HAL_Driver/Src/stm32h5xx_hal_cortex.o
 .debug_macro   0x000209aa      0x2d1 ./Drivers/STM32H5xx_HAL_Driver/Src/stm32h5xx_hal_gpio.o
 .debug_macro   0x00020c7b      0x2b3 ./Drivers/STM32H5xx_HAL_Driver/Src/stm32h5xx_hal_icache.o
 .debug_macro   0x00020f2e      0x2a7 ./Drivers/STM32H5xx_HAL_Driver/Src/stm32h5xx_hal_pcd.o
 .debug_macro   0x000211d5      0x29b ./Drivers/STM32H5xx_HAL_Driver/Src/stm32h5xx_hal_pcd_ex.o
 .debug_macro   0x00021470      0x2dd ./Drivers/STM32H5xx_HAL_Driver/Src/stm32h5xx_hal_rcc.o
 .debug_macro   0x0002174d      0x2a7 ./Drivers/STM32H5xx_HAL_Driver/Src/stm32h5xx_hal_rcc_ex.o
 .debug_macro   0x000219f4      0x2a3 ./Drivers/STM32H5xx_HAL_Driver/Src/stm32h5xx_hal_tim.o
 .debug_macro   0x00021c97      0x2a1 ./Drivers/STM32H5xx_HAL_Driver/Src/stm32h5xx_hal_tim_ex.o
 .debug_macro   0x00021f38      0x2c6 ./Drivers/STM32H5xx_HAL_Driver/Src/stm32h5xx_hal_uart.o
 .debug_macro   0x000221fe      0x2a7 ./Drivers/STM32H5xx_HAL_Driver/Src/stm32h5xx_hal_uart_ex.o
 .debug_macro   0x000224a5      0x29b ./Drivers/STM32H5xx_HAL_Driver/Src/stm32h5xx_ll_usb.o
 .debug_macro   0x00022740      0x1f5 ./thirdparty/FreeRTOS/list.o
 .debug_macro   0x00022935      0x2e8 ./thirdparty/FreeRTOS/tasks.o
 .debug_macro   0x00022c1d       0x10 ./thirdparty/FreeRTOS/tasks.o
 .debug_macro   0x00022c2d      0x34a ./thirdparty/FreeRTOS/portable/GCC/ARM_CM33_NTZ/port.o
 .debug_macro   0x00022f77      0x134 ./thirdparty/FreeRTOS/portable/GCC/ARM_CM33_NTZ/portasm.o
 .debug_macro   0x000230ab      0x210 ./thirdparty/FreeRTOS/portable/MemMang/heap_4.o
 .debug_macro   0x000232bb      0x138 ./thirdparty/SEGGER/Config/SEGGER_SYSVIEW_Config_FreeRTOS.o
 .debug_macro   0x000233f3      0x204 ./thirdparty/SEGGER/OS/SEGGER_SYSVIEW_FreeRTOS.o
 .debug_macro   0x000235f7      0x1e8 ./thirdparty/SEGGER/SEGGER/SEGGER_RTT.o
 .debug_macro   0x000237df       0x35 ./thirdparty/SEGGER/SEGGER/SEGGER_RTT.o
 .debug_macro   0x00023814      0x138 ./thirdparty/SEGGER/SEGGER/SEGGER_RTT.o
 .debug_macro   0x0002394c      0x252 ./thirdparty/SEGGER/SEGGER/SEGGER_SYSVIEW.o
 .debug_macro   0x00023b9e      0x233 ./thirdparty/SEGGER/SEGGER/SEGGER_SYSVIEW.o
 .debug_macro   0x00023dd1       0x3b ./thirdparty/SEGGER/SEGGER/SEGGER_SYSVIEW.o

.debug_line     0x00000000    0x2098d
 .debug_line    0x00000000      0xec1 ./Core/Src/main.o
 .debug_line    0x00000ec1      0xd1b ./Core/Src/stm32h5xx_hal_msp.o
 .debug_line    0x00001bdc      0x95a ./Core/Src/stm32h5xx_hal_timebase_tim.o
 .debug_line    0x00002536      0x969 ./Core/Src/stm32h5xx_it.o
 .debug_line    0x00002e9f      0xa57 ./Core/Src/system_stm32h5xx.o
 .debug_line    0x000038f6       0x77 ./Core/Startup/startup_stm32h503rbtx.o
 .debug_line    0x0000396d      0xea7 ./Drivers/STM32H5xx_HAL_Driver/Src/stm32h5xx_hal.o
 .debug_line    0x00004814      0xf56 ./Drivers/STM32H5xx_HAL_Driver/Src/stm32h5xx_hal_cortex.o
 .debug_line    0x0000576a      0xce2 ./Drivers/STM32H5xx_HAL_Driver/Src/stm32h5xx_hal_gpio.o
 .debug_line    0x0000644c      0xb1d ./Drivers/STM32H5xx_HAL_Driver/Src/stm32h5xx_hal_icache.o
 .debug_line    0x00006f69     0x15e8 ./Drivers/STM32H5xx_HAL_Driver/Src/stm32h5xx_hal_pcd.o
 .debug_line    0x00008551      0xa7b ./Drivers/STM32H5xx_HAL_Driver/Src/stm32h5xx_hal_pcd_ex.o
 .debug_line    0x00008fcc     0x1341 ./Drivers/STM32H5xx_HAL_Driver/Src/stm32h5xx_hal_rcc.o
 .debug_line    0x0000a30d     0x1c1d ./Drivers/STM32H5xx_HAL_Driver/Src/stm32h5xx_hal_rcc_ex.o
 .debug_line    0x0000bf2a     0x3d84 ./Drivers/STM32H5xx_HAL_Driver/Src/stm32h5xx_hal_tim.o
 .debug_line    0x0000fcae     0x20c5 ./Drivers/STM32H5xx_HAL_Driver/Src/stm32h5xx_hal_tim_ex.o
 .debug_line    0x00011d73     0x39b0 ./Drivers/STM32H5xx_HAL_Driver/Src/stm32h5xx_hal_uart.o
 .debug_line    0x00015723      0xf2a ./Drivers/STM32H5xx_HAL_Driver/Src/stm32h5xx_hal_uart_ex.o
 .debug_line    0x0001664d     0x16d6 ./Drivers/STM32H5xx_HAL_Driver/Src/stm32h5xx_ll_usb.o
 .debug_line    0x00017d23      0x9db ./thirdparty/FreeRTOS/list.o
 .debug_line    0x000186fe     0x1a7b ./thirdparty/FreeRTOS/tasks.o
 .debug_line    0x0001a179      0x9ee ./thirdparty/FreeRTOS/portable/GCC/ARM_CM33_NTZ/port.o
 .debug_line    0x0001ab67      0x875 ./thirdparty/FreeRTOS/portable/GCC/ARM_CM33_NTZ/portasm.o
 .debug_line    0x0001b3dc      0xbf2 ./thirdparty/FreeRTOS/portable/MemMang/heap_4.o
 .debug_line    0x0001bfce      0x7b2 ./thirdparty/SEGGER/Config/SEGGER_SYSVIEW_Config_FreeRTOS.o
 .debug_line    0x0001c780      0xab2 ./thirdparty/SEGGER/OS/SEGGER_SYSVIEW_FreeRTOS.o
 .debug_line    0x0001d232      0xf83 ./thirdparty/SEGGER/SEGGER/SEGGER_RTT.o
 .debug_line    0x0001e1b5       0x86 ./thirdparty/SEGGER/SEGGER/SEGGER_RTT_ASM_ARMv7M.o
 .debug_line    0x0001e23b     0x2752 ./thirdparty/SEGGER/SEGGER/SEGGER_SYSVIEW.o

.debug_str      0x00000000    0xe03be
 .debug_str     0x00000000    0xd564d ./Core/Src/main.o
                              0xd5aea (size before relaxing)
 .debug_str     0x000d564d      0x2f2 ./Core/Src/stm32h5xx_hal_msp.o
                              0xd3c27 (size before relaxing)
 .debug_str     0x000d593f      0x5dc ./Core/Src/stm32h5xx_hal_timebase_tim.o
                              0xcc5a5 (size before relaxing)
 .debug_str     0x000d5f1b       0xa2 ./Core/Src/stm32h5xx_it.o
                              0xcc0c6 (size before relaxing)
 .debug_str     0x000d5fbd      0x2e9 ./Core/Src/system_stm32h5xx.o
                              0xcbb5c (size before relaxing)
 .debug_str     0x000d62a6       0x44 ./Core/Startup/startup_stm32h503rbtx.o
                                 0x8c (size before relaxing)
 .debug_str     0x000d62ea      0x7fe ./Drivers/STM32H5xx_HAL_Driver/Src/stm32h5xx_hal.o
                              0xcc6cf (size before relaxing)
 .debug_str     0x000d6ae8      0x3ea ./Drivers/STM32H5xx_HAL_Driver/Src/stm32h5xx_hal_cortex.o
                              0xcc439 (size before relaxing)
 .debug_str     0x000d6ed2      0x2b4 ./Drivers/STM32H5xx_HAL_Driver/Src/stm32h5xx_hal_gpio.o
                              0xcba3a (size before relaxing)
 .debug_str     0x000d7186      0x343 ./Drivers/STM32H5xx_HAL_Driver/Src/stm32h5xx_hal_icache.o
                              0xcb9ec (size before relaxing)
 .debug_str     0x000d74c9      0x59b ./Drivers/STM32H5xx_HAL_Driver/Src/stm32h5xx_hal_pcd.o
                              0xcc03e (size before relaxing)
 .debug_str     0x000d7a64      0x186 ./Drivers/STM32H5xx_HAL_Driver/Src/stm32h5xx_hal_pcd_ex.o
                              0xcbc35 (size before relaxing)
 .debug_str     0x000d7bea      0x354 ./Drivers/STM32H5xx_HAL_Driver/Src/stm32h5xx_hal_rcc.o
                              0xcc09c (size before relaxing)
 .debug_str     0x000d7f3e      0x5b1 ./Drivers/STM32H5xx_HAL_Driver/Src/stm32h5xx_hal_rcc_ex.o
                              0xcc1f3 (size before relaxing)
 .debug_str     0x000d84ef      0xfc7 ./Drivers/STM32H5xx_HAL_Driver/Src/stm32h5xx_hal_tim.o
                              0xcce88 (size before relaxing)
 .debug_str     0x000d94b6      0x99e ./Drivers/STM32H5xx_HAL_Driver/Src/stm32h5xx_hal_tim_ex.o
                              0xccab2 (size before relaxing)
 .debug_str     0x000d9e54      0x939 ./Drivers/STM32H5xx_HAL_Driver/Src/stm32h5xx_hal_uart.o
                              0xcc71f (size before relaxing)
 .debug_str     0x000da78d      0x264 ./Drivers/STM32H5xx_HAL_Driver/Src/stm32h5xx_hal_uart_ex.o
                              0xcc0f0 (size before relaxing)
 .debug_str     0x000da9f1      0x38e ./Drivers/STM32H5xx_HAL_Driver/Src/stm32h5xx_ll_usb.o
                              0xcbe0c (size before relaxing)
 .debug_str     0x000dad7f      0x272 ./thirdparty/FreeRTOS/list.o
                               0xef2e (size before relaxing)
 .debug_str     0x000daff1     0x1d1d ./thirdparty/FreeRTOS/tasks.o
                              0x11f1f (size before relaxing)
 .debug_str     0x000dcd0e      0xeb3 ./thirdparty/FreeRTOS/portable/GCC/ARM_CM33_NTZ/port.o
                               0xde3d (size before relaxing)
 .debug_str     0x000ddbc1       0x70 ./thirdparty/FreeRTOS/portable/GCC/ARM_CM33_NTZ/portasm.o
                               0xb54e (size before relaxing)
 .debug_str     0x000ddc31      0x319 ./thirdparty/FreeRTOS/portable/MemMang/heap_4.o
                              0x103eb (size before relaxing)
 .debug_str     0x000ddf4a      0x1c3 ./thirdparty/SEGGER/Config/SEGGER_SYSVIEW_Config_FreeRTOS.o
                               0xb5f4 (size before relaxing)
 .debug_str     0x000de10d      0x125 ./thirdparty/SEGGER/OS/SEGGER_SYSVIEW_FreeRTOS.o
                              0x1017a (size before relaxing)
 .debug_str     0x000de232     0x107f ./thirdparty/SEGGER/SEGGER/SEGGER_RTT.o
                               0x87a3 (size before relaxing)
 .debug_str     0x000df2b1       0x34 ./thirdparty/SEGGER/SEGGER/SEGGER_RTT_ASM_ARMv7M.o
                                 0x8a (size before relaxing)
 .debug_str     0x000df2e5     0x10d9 ./thirdparty/SEGGER/SEGGER/SEGGER_SYSVIEW.o
                               0xabfe (size before relaxing)

.comment        0x00000000       0x43
 .comment       0x00000000       0x43 ./Core/Src/main.o
                                 0x44 (size before relaxing)
 .comment       0x00000043       0x44 ./Core/Src/stm32h5xx_hal_msp.o
 .comment       0x00000043       0x44 ./Core/Src/stm32h5xx_hal_timebase_tim.o
 .comment       0x00000043       0x44 ./Core/Src/stm32h5xx_it.o
 .comment       0x00000043       0x44 ./Core/Src/system_stm32h5xx.o
 .comment       0x00000043       0x44 ./Drivers/STM32H5xx_HAL_Driver/Src/stm32h5xx_hal.o
 .comment       0x00000043       0x44 ./Drivers/STM32H5xx_HAL_Driver/Src/stm32h5xx_hal_cortex.o
 .comment       0x00000043       0x44 ./Drivers/STM32H5xx_HAL_Driver/Src/stm32h5xx_hal_gpio.o
 .comment       0x00000043       0x44 ./Drivers/STM32H5xx_HAL_Driver/Src/stm32h5xx_hal_icache.o
 .comment       0x00000043       0x44 ./Drivers/STM32H5xx_HAL_Driver/Src/stm32h5xx_hal_pcd.o
 .comment       0x00000043       0x44 ./Drivers/STM32H5xx_HAL_Driver/Src/stm32h5xx_hal_pcd_ex.o
 .comment       0x00000043       0x44 ./Drivers/STM32H5xx_HAL_Driver/Src/stm32h5xx_hal_rcc.o
 .comment       0x00000043       0x44 ./Drivers/STM32H5xx_HAL_Driver/Src/stm32h5xx_hal_rcc_ex.o
 .comment       0x00000043       0x44 ./Drivers/STM32H5xx_HAL_Driver/Src/stm32h5xx_hal_tim.o
 .comment       0x00000043       0x44 ./Drivers/STM32H5xx_HAL_Driver/Src/stm32h5xx_hal_tim_ex.o
 .comment       0x00000043       0x44 ./Drivers/STM32H5xx_HAL_Driver/Src/stm32h5xx_hal_uart.o
 .comment       0x00000043       0x44 ./Drivers/STM32H5xx_HAL_Driver/Src/stm32h5xx_hal_uart_ex.o
 .comment       0x00000043       0x44 ./Drivers/STM32H5xx_HAL_Driver/Src/stm32h5xx_ll_usb.o
 .comment       0x00000043       0x44 ./thirdparty/FreeRTOS/list.o
 .comment       0x00000043       0x44 ./thirdparty/FreeRTOS/tasks.o
 .comment       0x00000043       0x44 ./thirdparty/FreeRTOS/portable/GCC/ARM_CM33_NTZ/port.o
 .comment       0x00000043       0x44 ./thirdparty/FreeRTOS/portable/GCC/ARM_CM33_NTZ/portasm.o
 .comment       0x00000043       0x44 ./thirdparty/FreeRTOS/portable/MemMang/heap_4.o
 .comment       0x00000043       0x44 ./thirdparty/SEGGER/Config/SEGGER_SYSVIEW_Config_FreeRTOS.o
 .comment       0x00000043       0x44 ./thirdparty/SEGGER/OS/SEGGER_SYSVIEW_FreeRTOS.o
 .comment       0x00000043       0x44 ./thirdparty/SEGGER/SEGGER/SEGGER_RTT.o
 .comment       0x00000043       0x44 ./thirdparty/SEGGER/SEGGER/SEGGER_SYSVIEW.o

.debug_frame    0x00000000     0x71ec
 .debug_frame   0x00000000      0x164 ./Core/Src/main.o
 .debug_frame   0x00000164       0xc8 ./Core/Src/stm32h5xx_hal_msp.o
 .debug_frame   0x0000022c       0x74 ./Core/Src/stm32h5xx_hal_timebase_tim.o
 .debug_frame   0x000002a0       0xac ./Core/Src/stm32h5xx_it.o
 .debug_frame   0x0000034c       0x60 ./Core/Src/system_stm32h5xx.o
 .debug_frame   0x000003ac      0x66c ./Drivers/STM32H5xx_HAL_Driver/Src/stm32h5xx_hal.o
 .debug_frame   0x00000a18      0x560 ./Drivers/STM32H5xx_HAL_Driver/Src/stm32h5xx_hal_cortex.o
 .debug_frame   0x00000f78      0x1ec ./Drivers/STM32H5xx_HAL_Driver/Src/stm32h5xx_hal_gpio.o
 .debug_frame   0x00001164      0x248 ./Drivers/STM32H5xx_HAL_Driver/Src/stm32h5xx_hal_icache.o
 .debug_frame   0x000013ac      0x5e0 ./Drivers/STM32H5xx_HAL_Driver/Src/stm32h5xx_hal_pcd.o
 .debug_frame   0x0000198c      0x14c ./Drivers/STM32H5xx_HAL_Driver/Src/stm32h5xx_hal_pcd_ex.o
 .debug_frame   0x00001ad8      0x264 ./Drivers/STM32H5xx_HAL_Driver/Src/stm32h5xx_hal_rcc.o
 .debug_frame   0x00001d3c      0x3d0 ./Drivers/STM32H5xx_HAL_Driver/Src/stm32h5xx_hal_rcc_ex.o
 .debug_frame   0x0000210c     0x124c ./Drivers/STM32H5xx_HAL_Driver/Src/stm32h5xx_hal_tim.o
 .debug_frame   0x00003358      0xa68 ./Drivers/STM32H5xx_HAL_Driver/Src/stm32h5xx_hal_tim_ex.o
 .debug_frame   0x00003dc0      0xa84 ./Drivers/STM32H5xx_HAL_Driver/Src/stm32h5xx_hal_uart.o
 .debug_frame   0x00004844      0x2c0 ./Drivers/STM32H5xx_HAL_Driver/Src/stm32h5xx_hal_uart_ex.o
 .debug_frame   0x00004b04      0x590 ./Drivers/STM32H5xx_HAL_Driver/Src/stm32h5xx_ll_usb.o
 .debug_frame   0x00005094       0xd8 ./thirdparty/FreeRTOS/list.o
 .debug_frame   0x0000516c      0x790 ./thirdparty/FreeRTOS/tasks.o
 .debug_frame   0x000058fc      0x19c ./thirdparty/FreeRTOS/portable/GCC/ARM_CM33_NTZ/port.o
 .debug_frame   0x00005a98       0xa0 ./thirdparty/FreeRTOS/portable/GCC/ARM_CM33_NTZ/portasm.o
 .debug_frame   0x00005b38      0x12c ./thirdparty/FreeRTOS/portable/MemMang/heap_4.o
 .debug_frame   0x00005c64       0x48 ./thirdparty/SEGGER/Config/SEGGER_SYSVIEW_Config_FreeRTOS.o
 .debug_frame   0x00005cac      0x104 ./thirdparty/SEGGER/OS/SEGGER_SYSVIEW_FreeRTOS.o
 .debug_frame   0x00005db0      0x52c ./thirdparty/SEGGER/SEGGER/SEGGER_RTT.o
 .debug_frame   0x000062dc      0xe10 ./thirdparty/SEGGER/SEGGER/SEGGER_SYSVIEW.o
 .debug_frame   0x000070ec       0x28 C:/ST/STM32CubeIDE_1.15.1/STM32CubeIDE/plugins/com.st.stm32cube.ide.mcu.externaltools.gnu-tools-for-stm32.12.3.rel1.win32_1.0.100.202403111256/tools/bin/../lib/gcc/arm-none-eabi/12.3.1/../../../../arm-none-eabi/lib/thumb/v8-m.main+fp/hard\libc_nano.a(libc_a-memcmp.o)
 .debug_frame   0x00007114       0x20 C:/ST/STM32CubeIDE_1.15.1/STM32CubeIDE/plugins/com.st.stm32cube.ide.mcu.externaltools.gnu-tools-for-stm32.12.3.rel1.win32_1.0.100.202403111256/tools/bin/../lib/gcc/arm-none-eabi/12.3.1/../../../../arm-none-eabi/lib/thumb/v8-m.main+fp/hard\libc_nano.a(libc_a-memset.o)
 .debug_frame   0x00007134       0x2c C:/ST/STM32CubeIDE_1.15.1/STM32CubeIDE/plugins/com.st.stm32cube.ide.mcu.externaltools.gnu-tools-for-stm32.12.3.rel1.win32_1.0.100.202403111256/tools/bin/../lib/gcc/arm-none-eabi/12.3.1/../../../../arm-none-eabi/lib/thumb/v8-m.main+fp/hard\libc_nano.a(libc_a-init.o)
 .debug_frame   0x00007160       0x28 C:/ST/STM32CubeIDE_1.15.1/STM32CubeIDE/plugins/com.st.stm32cube.ide.mcu.externaltools.gnu-tools-for-stm32.12.3.rel1.win32_1.0.100.202403111256/tools/bin/../lib/gcc/arm-none-eabi/12.3.1/../../../../arm-none-eabi/lib/thumb/v8-m.main+fp/hard\libc_nano.a(libc_a-memcpy-stub.o)
 .debug_frame   0x00007188       0x2c C:/ST/STM32CubeIDE_1.15.1/STM32CubeIDE/plugins/com.st.stm32cube.ide.mcu.externaltools.gnu-tools-for-stm32.12.3.rel1.win32_1.0.100.202403111256/tools/bin/../lib/gcc/arm-none-eabi/12.3.1/thumb/v8-m.main+fp/hard\libgcc.a(_aeabi_uldivmod.o)
 .debug_frame   0x000071b4       0x38 C:/ST/STM32CubeIDE_1.15.1/STM32CubeIDE/plugins/com.st.stm32cube.ide.mcu.externaltools.gnu-tools-for-stm32.12.3.rel1.win32_1.0.100.202403111256/tools/bin/../lib/gcc/arm-none-eabi/12.3.1/thumb/v8-m.main+fp/hard\libgcc.a(_udivmoddi4.o)

.debug_line_str
                0x00000000       0xa4
 .debug_line_str
                0x00000000       0x70 ./Core/Startup/startup_stm32h503rbtx.o
 .debug_line_str
                0x00000070       0x34 ./thirdparty/SEGGER/SEGGER/SEGGER_RTT_ASM_ARMv7M.o
                                 0x7c (size before relaxing)