Archive member included to satisfy reference by file (symbol)

C:/ST/STM32CubeIDE_1.15.1/STM32CubeIDE/plugins/com.st.stm32cube.ide.mcu.externaltools.gnu-tools-for-stm32.12.3.rel1.win32_1.0.100.202403111256/tools/bin/../lib/gcc/arm-none-eabi/12.3.1/../../../../arm-none-eabi/lib/thumb/v8-m.main+fp/hard\libc_nano.a(libc_a-exit.o)
                              C:/ST/STM32CubeIDE_1.15.1/STM32CubeIDE/plugins/com.st.stm32cube.ide.mcu.externaltools.gnu-tools-for-stm32.12.3.rel1.win32_1.0.100.202403111256/tools/bin/../lib/gcc/arm-none-eabi/12.3.1/../../../../arm-none-eabi/lib/thumb/v8-m.main+fp/hard/crt0.o (exit)
C:/ST/STM32CubeIDE_1.15.1/STM32CubeIDE/plugins/com.st.stm32cube.ide.mcu.externaltools.gnu-tools-for-stm32.12.3.rel1.win32_1.0.100.202403111256/tools/bin/../lib/gcc/arm-none-eabi/12.3.1/../../../../arm-none-eabi/lib/thumb/v8-m.main+fp/hard\libc_nano.a(libc_a-findfp.o)
                              C:/ST/STM32CubeIDE_1.15.1/STM32CubeIDE/plugins/com.st.stm32cube.ide.mcu.externaltools.gnu-tools-for-stm32.12.3.rel1.win32_1.0.100.202403111256/tools/bin/../lib/gcc/arm-none-eabi/12.3.1/../../../../arm-none-eabi/lib/thumb/v8-m.main+fp/hard\libc_nano.a(libc_a-exit.o) (__stdio_exit_handler)
C:/ST/STM32CubeIDE_1.15.1/STM32CubeIDE/plugins/com.st.stm32cube.ide.mcu.externaltools.gnu-tools-for-stm32.12.3.rel1.win32_1.0.100.202403111256/tools/bin/../lib/gcc/arm-none-eabi/12.3.1/../../../../arm-none-eabi/lib/thumb/v8-m.main+fp/hard\libc_nano.a(libc_a-fwalk.o)
                              C:/ST/STM32CubeIDE_1.15.1/STM32CubeIDE/plugins/com.st.stm32cube.ide.mcu.externaltools.gnu-tools-for-stm32.12.3.rel1.win32_1.0.100.202403111256/tools/bin/../lib/gcc/arm-none-eabi/12.3.1/../../../../arm-none-eabi/lib/thumb/v8-m.main+fp/hard\libc_nano.a(libc_a-findfp.o) (_fwalk_sglue)
C:/ST/STM32CubeIDE_1.15.1/STM32CubeIDE/plugins/com.st.stm32cube.ide.mcu.externaltools.gnu-tools-for-stm32.12.3.rel1.win32_1.0.100.202403111256/tools/bin/../lib/gcc/arm-none-eabi/12.3.1/../../../../arm-none-eabi/lib/thumb/v8-m.main+fp/hard\libc_nano.a(libc_a-stdio.o)
                              C:/ST/STM32CubeIDE_1.15.1/STM32CubeIDE/plugins/com.st.stm32cube.ide.mcu.externaltools.gnu-tools-for-stm32.12.3.rel1.win32_1.0.100.202403111256/tools/bin/../lib/gcc/arm-none-eabi/12.3.1/../../../../arm-none-eabi/lib/thumb/v8-m.main+fp/hard\libc_nano.a(libc_a-findfp.o) (__sread)
C:/ST/STM32CubeIDE_1.15.1/STM32CubeIDE/plugins/com.st.stm32cube.ide.mcu.externaltools.gnu-tools-for-stm32.12.3.rel1.win32_1.0.100.202403111256/tools/bin/../lib/gcc/arm-none-eabi/12.3.1/../../../../arm-none-eabi/lib/thumb/v8-m.main+fp/hard\libc_nano.a(libc_a-memset.o)
                              C:/ST/STM32CubeIDE_1.15.1/STM32CubeIDE/plugins/com.st.stm32cube.ide.mcu.externaltools.gnu-tools-for-stm32.12.3.rel1.win32_1.0.100.202403111256/tools/bin/../lib/gcc/arm-none-eabi/12.3.1/../../../../arm-none-eabi/lib/thumb/v8-m.main+fp/hard/crt0.o (memset)
C:/ST/STM32CubeIDE_1.15.1/STM32CubeIDE/plugins/com.st.stm32cube.ide.mcu.externaltools.gnu-tools-for-stm32.12.3.rel1.win32_1.0.100.202403111256/tools/bin/../lib/gcc/arm-none-eabi/12.3.1/../../../../arm-none-eabi/lib/thumb/v8-m.main+fp/hard\libc_nano.a(libc_a-closer.o)
                              C:/ST/STM32CubeIDE_1.15.1/STM32CubeIDE/plugins/com.st.stm32cube.ide.mcu.externaltools.gnu-tools-for-stm32.12.3.rel1.win32_1.0.100.202403111256/tools/bin/../lib/gcc/arm-none-eabi/12.3.1/../../../../arm-none-eabi/lib/thumb/v8-m.main+fp/hard\libc_nano.a(libc_a-stdio.o) (_close_r)
C:/ST/STM32CubeIDE_1.15.1/STM32CubeIDE/plugins/com.st.stm32cube.ide.mcu.externaltools.gnu-tools-for-stm32.12.3.rel1.win32_1.0.100.202403111256/tools/bin/../lib/gcc/arm-none-eabi/12.3.1/../../../../arm-none-eabi/lib/thumb/v8-m.main+fp/hard\libc_nano.a(libc_a-reent.o)
                              C:/ST/STM32CubeIDE_1.15.1/STM32CubeIDE/plugins/com.st.stm32cube.ide.mcu.externaltools.gnu-tools-for-stm32.12.3.rel1.win32_1.0.100.202403111256/tools/bin/../lib/gcc/arm-none-eabi/12.3.1/../../../../arm-none-eabi/lib/thumb/v8-m.main+fp/hard\libc_nano.a(libc_a-closer.o) (errno)
C:/ST/STM32CubeIDE_1.15.1/STM32CubeIDE/plugins/com.st.stm32cube.ide.mcu.externaltools.gnu-tools-for-stm32.12.3.rel1.win32_1.0.100.202403111256/tools/bin/../lib/gcc/arm-none-eabi/12.3.1/../../../../arm-none-eabi/lib/thumb/v8-m.main+fp/hard\libc_nano.a(libc_a-impure.o)
                              C:/ST/STM32CubeIDE_1.15.1/STM32CubeIDE/plugins/com.st.stm32cube.ide.mcu.externaltools.gnu-tools-for-stm32.12.3.rel1.win32_1.0.100.202403111256/tools/bin/../lib/gcc/arm-none-eabi/12.3.1/../../../../arm-none-eabi/lib/thumb/v8-m.main+fp/hard\libc_nano.a(libc_a-reent.o) (_impure_ptr)
C:/ST/STM32CubeIDE_1.15.1/STM32CubeIDE/plugins/com.st.stm32cube.ide.mcu.externaltools.gnu-tools-for-stm32.12.3.rel1.win32_1.0.100.202403111256/tools/bin/../lib/gcc/arm-none-eabi/12.3.1/../../../../arm-none-eabi/lib/thumb/v8-m.main+fp/hard\libc_nano.a(libc_a-lseekr.o)
[...]
Memory Configuration

Name             Origin             Length             Attributes
RAM              0x20000000         0x00008000         xrw
FLASH            0x08000000         0x00020000         xr
*default*        0x00000000         0xffffffff

Linker script and memory map

LOAD C:/ST/STM32CubeIDE_1.15.1/STM32CubeIDE/plugins/com.st.stm32cube.ide.mcu.externaltools.gnu-tools-for-stm32.12.3.rel1.win32_1.0.100.202403111256/tools/bin/../lib/gcc/arm-none-eabi/12.3.1/thumb/v8-m.main+fp/hard/crti.o
LOAD C:/ST/STM32CubeIDE_1.15.1/STM32CubeIDE/plugins/com.st.stm32cube.ide.mcu.externaltools.gnu-tools-for-stm32.12.3.rel1.win32_1.0.100.202403111256/tools/bin/../lib/gcc/arm-none-eabi/12.3.1/thumb/v8-m.main+fp/hard/crtbegin.o
LOAD C:/ST/STM32CubeIDE_1.15.1/STM32CubeIDE/plugins/com.st.stm32cube.ide.mcu.externaltools.gnu-tools-for-stm32.12.3.rel1.win32_1.0.100.202403111256/tools/bin/../lib/gcc/arm-none-eabi/12.3.1/../../../../arm-none-eabi/lib/thumb/v8-m.main+fp/hard/crt0.o
LOAD ./Core/Src/main.o
LOAD ./Core/Src/stm32h5xx_hal_msp.o
LOAD ./Core/Src/stm32h5xx_it.o
LOAD ./Core/Src/syscalls.o
LOAD ./Core/Src/sysmem.o
LOAD ./Core/Src/system_stm32h5xx.o
LOAD ./Core/Startup/startup_stm32h503rbtx.o
LOAD ./Drivers/STM32H5xx_HAL_Driver/Src/stm32h5xx_hal.o
LOAD ./Drivers/STM32H5xx_HAL_Driver/Src/stm32h5xx_hal_cortex.o
LOAD ./Drivers/STM32H5xx_HAL_Driver/Src/stm32h5xx_hal_dma.o
LOAD ./Drivers/STM32H5xx_HAL_Driver/Src/stm32h5xx_hal_dma_ex.o
LOAD ./Drivers/STM32H5xx_HAL_Driver/Src/stm32h5xx_hal_exti.o
LOAD ./Drivers/STM32H5xx_HAL_Driver/Src/stm32h5xx_hal_flash.o
LOAD ./Drivers/STM32H5xx_HAL_Driver/Src/stm32h5xx_hal_flash_ex.o
LOAD ./Drivers/STM32H5xx_HAL_Driver/Src/stm32h5xx_hal_gpio.o
LOAD ./Drivers/STM32H5xx_HAL_Driver/Src/stm32h5xx_hal_pwr.o
LOAD ./Drivers/STM32H5xx_HAL_Driver/Src/stm32h5xx_hal_pwr_ex.o
LOAD ./Drivers/STM32H5xx_HAL_Driver/Src/stm32h5xx_hal_rcc.o
LOAD ./Drivers/STM32H5xx_HAL_Driver/Src/stm32h5xx_hal_rcc_ex.o
LOAD ./Drivers/STM32H5xx_HAL_Driver/Src/stm32h5xx_hal_tim.o
LOAD ./Drivers/STM32H5xx_HAL_Driver/Src/stm32h5xx_hal_tim_ex.o
START GROUP
LOAD C:/ST/STM32CubeIDE_1.15.1/STM32CubeIDE/plugins/com.st.stm32cube.ide.mcu.externaltools.gnu-tools-for-stm32.12.3.rel1.win32_1.0.100.202403111256/tools/bin/../lib/gcc/arm-none-eabi/12.3.1/../../../../arm-none-eabi/lib/thumb/v8-m.main+fp/hard\libc_nano.a
LOAD C:/ST/STM32CubeIDE_1.15.1/STM32CubeIDE/plugins/com.st.stm32cube.ide.mcu.externaltools.gnu-tools-for-stm32.12.3.rel1.win32_1.0.100.202403111256/tools/bin/../lib/gcc/arm-none-eabi/12.3.1/../../../../arm-none-eabi/lib/thumb/v8-m.main+fp/hard\libm.a
END GROUP
START GROUP
LOAD C:/ST/STM32CubeIDE_1.15.1/STM32CubeIDE/plugins/com.st.stm32cube.ide.mcu.externaltools.gnu-tools-for-stm32.12.3.rel1.win32_1.0.100.202403111256/tools/bin/../lib/gcc/arm-none-eabi/12.3.1/thumb/v8-m.main+fp/hard\libgcc.a
LOAD C:/ST/STM32CubeIDE_1.15.1/STM32CubeIDE/plugins/com.st.stm32cube.ide.mcu.externaltools.gnu-tools-for-stm32.12.3.rel1.win32_1.0.100.202403111256/tools/bin/../lib/gcc/arm-none-eabi/12.3.1/../../../../arm-none-eabi/lib/thumb/v8-m.main+fp/hard\libc_nano.a
END GROUP
START GROUP
LOAD C:/ST/STM32CubeIDE_1.15.1/STM32CubeIDE/plugins/com.st.stm32cube.ide.mcu.externaltools.gnu-tools-for-stm32.12.3.rel1.win32_1.0.100.202403111256/tools/bin/../lib/gcc/arm-none-eabi/12.3.1/thumb/v8-m.main+fp/hard\libgcc.a
LOAD C:/ST/STM32CubeIDE_1.15.1/STM32CubeIDE/plugins/com.st.stm32cube.ide.mcu.externaltools.gnu-tools-for-stm32.12.3.rel1.win32_1.0.100.202403111256/tools/bin/../lib/gcc/arm-none-eabi/12.3.1/../../../../arm-none-eabi/lib/thumb/v8-m.main+fp/hard\libc_nano.a
LOAD C:/ST/STM32CubeIDE_1.15.1/STM32CubeIDE/plugins/com.st.stm32cube.ide.mcu.externaltools.gnu-tools-for-stm32.12.3.rel1.win32_1.0.100.202403111256/tools/bin/../lib/gcc/arm-none-eabi/12.3.1/../../../../arm-none-eabi/lib/thumb/v8-m.main+fp/hard\libnosys.a
END GROUP
START GROUP
LOAD C:/ST/STM32CubeIDE_1.15.1/STM32CubeIDE/plugins/com.st.stm32cube.ide.mcu.externaltools.gnu-tools-for-stm32.12.3.rel1.win32_1.0.100.202403111256/tools/bin/../lib/gcc/arm-none-eabi/12.3.1/thumb/v8-m.main+fp/hard\libgcc.a
LOAD C:/ST/STM32CubeIDE_1.15.1/STM32CubeIDE/plugins/com.st.stm32cube.ide.mcu.externaltools.gnu-tools-for-stm32.12.3.rel1.win32_1.0.100.202403111256/tools/bin/../lib/gcc/arm-none-eabi/12.3.1/../../../../arm-none-eabi/lib/thumb/v8-m.main+fp/hard\libc_nano.a
LOAD C:/ST/STM32CubeIDE_1.15.1/STM32CubeIDE/plugins/com.st.stm32cube.ide.mcu.externaltools.gnu-tools-for-stm32.12.3.rel1.win32_1.0.100.202403111256/tools/bin/../lib/gcc/arm-none-eabi/12.3.1/../../../../arm-none-eabi/lib/thumb/v8-m.main+fp/hard\libnosys.a
END GROUP
LOAD C:/ST/STM32CubeIDE_1.15.1/STM32CubeIDE/plugins/com.st.stm32cube.ide.mcu.externaltools.gnu-tools-for-stm32.12.3.rel1.win32_1.0.100.202403111256/tools/bin/../lib/gcc/arm-none-eabi/12.3.1/thumb/v8-m.main+fp/hard/crtend.o
LOAD C:/ST/STM32CubeIDE_1.15.1/STM32CubeIDE/plugins/com.st.stm32cube.ide.mcu.externaltools.gnu-tools-for-stm32.12.3.rel1.win32_1.0.100.202403111256/tools/bin/../lib/gcc/arm-none-eabi/12.3.1/thumb/v8-m.main+fp/hard/crtn.o
                0x20008000                        _estack = (ORIGIN (RAM) + LENGTH (RAM))
                0x00000200                        _Min_Heap_Size = 0x200
                0x00000400                        _Min_Stack_Size = 0x400

.isr_vector     0x08000000      0x258
                0x08000000                        . = ALIGN (0x4)
 *(.isr_vector)
 .isr_vector    0x08000000      0x258 ./Core/Startup/startup_stm32h503rbtx.o
                0x08000000                g_pfnVectors
                0x08000258                        . = ALIGN (0x4)

.text           0x08000258     0x1b24
                0x08000258                        . = ALIGN (0x4)
 *(.text)
 .text          0x08000258       0x40 C:/ST/STM32CubeIDE_1.15.1/STM32CubeIDE/plugins/com.st.stm32cube.ide.mcu.externaltools.gnu-tools-for-stm32.12.3.rel1.win32_1.0.100.202403111256/tools/bin/../lib/gcc/arm-none-eabi/12.3.1/thumb/v8-m.main+fp/hard/crtbegin.o
 *(.text*)
 .text.main     0x08000298       0x28 ./Core/Src/main.o
                0x08000298                main
 .text.SystemClock_Config
                0x080002c0       0xcc ./Core/Src/main.o
                0x080002c0                SystemClock_Config
 .text.MX_GPIO_Init
                0x0800038c      0x1cc ./Core/Src/main.o
 .text.Error_Handler
                0x08000558        0xc ./Core/Src/main.o
                0x08000558                Error_Handler
 .text.HAL_MspInit
                0x08000564        0xe ./Core/Src/stm32h5xx_hal_msp.o
                0x08000564                HAL_MspInit
 .text.NMI_Handler
                0x08000572        0x8 ./Core/Src/stm32h5xx_it.o
                0x08000572                NMI_Handler
 .text.HardFault_Handler
                0x0800057a        0x8 ./Core/Src/stm32h5xx_it.o
                0x0800057a                HardFault_Handler
 .text.MemManage_Handler
                0x08000582        0x8 ./Core/Src/stm32h5xx_it.o
                0x08000582                MemManage_Handler
 .text.BusFault_Handler
                0x0800058a        0x8 ./Core/Src/stm32h5xx_it.o
                0x0800058a                BusFault_Handler
 .text.UsageFault_Handler
                0x08000592        0x8 ./Core/Src/stm32h5xx_it.o
                0x08000592                UsageFault_Handler
 .text.SVC_Handler
                0x0800059a        0xe ./Core/Src/stm32h5xx_it.o
                0x0800059a                SVC_Handler
 .text.DebugMon_Handler
                0x080005a8        0xe ./Core/Src/stm32h5xx_it.o
                0x080005a8                DebugMon_Handler
 .text.PendSV_Handler
                0x080005b6        0xe ./Core/Src/stm32h5xx_it.o
                0x080005b6                PendSV_Handler
 .text.SysTick_Handler
                0x080005c4        0xc ./Core/Src/stm32h5xx_it.o
                0x080005c4                SysTick_Handler
 .text.SystemInit
                0x080005d0       0xe4 ./Core/Src/system_stm32h5xx.o
                0x080005d0                SystemInit
 .text.Reset_Handler
                0x080006b4       0x50 ./Core/Startup/startup_stm32h503rbtx.o
                0x080006b4                Reset_Handler
 .text.Default_Handler
                0x08000704        0x2 ./Core/Startup/startup_stm32h503rbtx.o
                0x08000704                EXTI2_IRQHandler
                0x08000704                EXTI5_IRQHandler
                0x08000704                I3C1_ER_IRQHandler
                0x08000704                GPDMA2_Channel1_IRQHandler
                0x08000704                EXTI13_IRQHandler
                0x08000704                TIM1_CC_IRQHandler
                0x08000704                GPDMA2_Channel3_IRQHandler
                0x08000704                TAMP_IRQHandler
                0x08000704                TIM6_IRQHandler
                0x08000704                EXTI12_IRQHandler
                0x08000704                USB_DRD_FS_IRQHandler
                0x08000704                EXTI3_IRQHandler
                0x08000704                GPDMA1_Channel5_IRQHandler
                0x08000704                EXTI8_IRQHandler
                0x08000704                GPDMA2_Channel5_IRQHandler
                0x08000704                LPTIM2_IRQHandler
                0x08000704                GPDMA2_Channel2_IRQHandler
                0x08000704                EXTI0_IRQHandler
                0x08000704                I2C2_EV_IRQHandler
                0x08000704                FPU_IRQHandler
                0x08000704                GPDMA1_Channel3_IRQHandler
                0x08000704                GPDMA1_Channel7_IRQHandler
                0x08000704                FDCAN1_IT1_IRQHandler
                0x08000704                RAMCFG_IRQHandler
                0x08000704                SPI1_IRQHandler
                0x08000704                GPDMA1_Channel2_IRQHandler
                0x08000704                ADC1_IRQHandler
                0x08000704                I3C2_ER_IRQHandler
                0x08000704                EXTI15_IRQHandler
                0x08000704                USART3_IRQHandler
                0x08000704                RTC_IRQHandler
                0x08000704                EXTI9_IRQHandler
                0x08000704                I3C2_EV_IRQHandler
                0x08000704                I2C1_EV_IRQHandler
                0x08000704                GPDMA1_Channel1_IRQHandler
                0x08000704                TIM3_IRQHandler
                0x08000704                RCC_IRQHandler
                0x08000704                TIM1_TRG_COM_IRQHandler
                0x08000704                Default_Handler
                0x08000704                GPDMA2_Channel4_IRQHandler
                0x08000704                TIM7_IRQHandler
                0x08000704                GPDMA1_Channel0_IRQHandler
                0x08000704                I3C1_EV_IRQHandler
                0x08000704                PVD_AVD_IRQHandler
                0x08000704                SPI2_IRQHandler
                0x08000704                EXTI14_IRQHandler
                0x08000704                EXTI11_IRQHandler
                0x08000704                CRS_IRQHandler
                0x08000704                EXTI4_IRQHandler
                0x08000704                GPDMA2_Channel0_IRQHandler
                0x08000704                RNG_IRQHandler
                0x08000704                GPDMA2_Channel6_IRQHandler
                0x08000704                TIM1_UP_IRQHandler
                0x08000704                WWDG_IRQHandler
                0x08000704                IWDG_IRQHandler
                0x08000704                LPUART1_IRQHandler
                0x08000704                FDCAN1_IT0_IRQHandler
                0x08000704                TIM2_IRQHandler
                0x08000704                GPDMA1_Channel4_IRQHandler
                0x08000704                EXTI7_IRQHandler
                0x08000704                TIM1_BRK_IRQHandler
                0x08000704                EXTI1_IRQHandler
                0x08000704                DAC1_IRQHandler
                0x08000704                DTS_IRQHandler
                0x08000704                GTZC_IRQHandler
                0x08000704                USART2_IRQHandler
                0x08000704                GPDMA1_Channel6_IRQHandler
                0x08000704                GPDMA2_Channel7_IRQHandler
                0x08000704                I2C2_ER_IRQHandler
                0x08000704                FLASH_IRQHandler
                0x08000704                USART1_IRQHandler
                0x08000704                EXTI10_IRQHandler
                0x08000704                SPI3_IRQHandler
                0x08000704                I2C1_ER_IRQHandler
                0x08000704                EXTI6_IRQHandler
                0x08000704                COMP1_IRQHandler
                0x08000704                LPTIM1_IRQHandler
                0x08000704                ICACHE_IRQHandler
                0x08000704                HASH_IRQHandler
 *fill*         0x08000706        0x2 
 .text.HAL_Init
                0x08000708       0x50 ./Drivers/STM32H5xx_HAL_Driver/Src/stm32h5xx_hal.o
                0x08000708                HAL_Init
 .text.HAL_InitTick
                0x08000758       0xec ./Drivers/STM32H5xx_HAL_Driver/Src/stm32h5xx_hal.o
                0x08000758                HAL_InitTick
 .text.HAL_IncTick
                0x08000844       0x28 ./Drivers/STM32H5xx_HAL_Driver/Src/stm32h5xx_hal.o
                0x08000844                HAL_IncTick
 .text.HAL_GetTick
                0x0800086c       0x18 ./Drivers/STM32H5xx_HAL_Driver/Src/stm32h5xx_hal.o
                0x0800086c                HAL_GetTick
 .text.HAL_Delay
                0x08000884       0x48 ./Drivers/STM32H5xx_HAL_Driver/Src/stm32h5xx_hal.o
                0x08000884                HAL_Delay
 .text.__NVIC_SetPriorityGrouping
                0x080008cc       0x48 ./Drivers/STM32H5xx_HAL_Driver/Src/stm32h5xx_hal_cortex.o
 .text.__NVIC_GetPriorityGrouping
                0x08000914       0x1c ./Drivers/STM32H5xx_HAL_Driver/Src/stm32h5xx_hal_cortex.o
 .text.__NVIC_SetPriority
                0x08000930       0x54 ./Drivers/STM32H5xx_HAL_Driver/Src/stm32h5xx_hal_cortex.o
 .text.NVIC_EncodePriority
                0x08000984       0x66 ./Drivers/STM32H5xx_HAL_Driver/Src/stm32h5xx_hal_cortex.o
 .text.HAL_NVIC_SetPriorityGrouping
                0x080009ea       0x16 ./Drivers/STM32H5xx_HAL_Driver/Src/stm32h5xx_hal_cortex.o
                0x080009ea                HAL_NVIC_SetPriorityGrouping
 .text.HAL_NVIC_SetPriority
                0x08000a00       0x34 ./Drivers/STM32H5xx_HAL_Driver/Src/stm32h5xx_hal_cortex.o
                0x08000a00                HAL_NVIC_SetPriority
 .text.HAL_SYSTICK_Config
                0x08000a34       0x44 ./Drivers/STM32H5xx_HAL_Driver/Src/stm32h5xx_hal_cortex.o
                0x08000a34                HAL_SYSTICK_Config
 .text.HAL_SYSTICK_CLKSourceConfig
                0x08000a78       0xb0 ./Drivers/STM32H5xx_HAL_Driver/Src/stm32h5xx_hal_cortex.o
                0x08000a78                HAL_SYSTICK_CLKSourceConfig
 .text.HAL_SYSTICK_GetCLKSourceConfig
                0x08000b28       0x6c ./Drivers/STM32H5xx_HAL_Driver/Src/stm32h5xx_hal_cortex.o
                0x08000b28                HAL_SYSTICK_GetCLKSourceConfig
 .text.HAL_GPIO_Init
                0x08000b94      0x2a4 ./Drivers/STM32H5xx_HAL_Driver/Src/stm32h5xx_hal_gpio.o
                0x08000b94                HAL_GPIO_Init
 .text.HAL_GPIO_WritePin
                0x08000e38       0x30 ./Drivers/STM32H5xx_HAL_Driver/Src/stm32h5xx_hal_gpio.o
                0x08000e38                HAL_GPIO_WritePin
 .text.HAL_GPIO_TogglePin
                0x08000e68       0x34 ./Drivers/STM32H5xx_HAL_Driver/Src/stm32h5xx_hal_gpio.o
                0x08000e68                HAL_GPIO_TogglePin
 .text.HAL_RCC_OscConfig
                0x08000e9c      0x870 ./Drivers/STM32H5xx_HAL_Driver/Src/stm32h5xx_hal_rcc.o
                0x08000e9c                HAL_RCC_OscConfig
 .text.HAL_RCC_ClockConfig
                0x0800170c      0x370 ./Drivers/STM32H5xx_HAL_Driver/Src/stm32h5xx_hal_rcc.o
                0x0800170c                HAL_RCC_ClockConfig
 .text.HAL_RCC_GetSysClockFreq
                0x08001a7c      0x258 ./Drivers/STM32H5xx_HAL_Driver/Src/stm32h5xx_hal_rcc.o
                0x08001a7c                HAL_RCC_GetSysClockFreq
 .text.HAL_RCC_GetHCLKFreq
                0x08001cd4       0x38 ./Drivers/STM32H5xx_HAL_Driver/Src/stm32h5xx_hal_rcc.o
                0x08001cd4                HAL_RCC_GetHCLKFreq
 .text.memset   0x08001d0c       0x10 C:/ST/STM32CubeIDE_1.15.1/STM32CubeIDE/plugins/com.st.stm32cube.ide.mcu.externaltools.gnu-tools-for-stm32.12.3.rel1.win32_1.0.100.202403111256/tools/bin/../lib/gcc/arm-none-eabi/12.3.1/../../../../arm-none-eabi/lib/thumb/v8-m.main+fp/hard\libc_nano.a(libc_a-memset.o)
                0x08001d0c                memset
 .text.__libc_init_array
                0x08001d1c       0x48 C:/ST/STM32CubeIDE_1.15.1/STM32CubeIDE/plugins/com.st.stm32cube.ide.mcu.externaltools.gnu-tools-for-stm32.12.3.rel1.win32_1.0.100.202403111256/tools/bin/../lib/gcc/arm-none-eabi/12.3.1/../../../../arm-none-eabi/lib/thumb/v8-m.main+fp/hard\libc_nano.a(libc_a-init.o)
                0x08001d1c                __libc_init_array
 *(.glue_7)
 .glue_7        0x08001d64        0x0 linker stubs
 *(.glue_7t)
 .glue_7t       0x08001d64        0x0 linker stubs
 *(.eh_frame)
 .eh_frame      0x08001d64        0x0 C:/ST/STM32CubeIDE_1.15.1/STM32CubeIDE/plugins/com.st.stm32cube.ide.mcu.externaltools.gnu-tools-for-stm32.12.3.rel1.win32_1.0.100.202403111256/tools/bin/../lib/gcc/arm-none-eabi/12.3.1/thumb/v8-m.main+fp/hard/crtbegin.o
 *(.init)
 .init          0x08001d64        0x4 C:/ST/STM32CubeIDE_1.15.1/STM32CubeIDE/plugins/com.st.stm32cube.ide.mcu.externaltools.gnu-tools-for-stm32.12.3.rel1.win32_1.0.100.202403111256/tools/bin/../lib/gcc/arm-none-eabi/12.3.1/thumb/v8-m.main+fp/hard/crti.o
                0x08001d64                _init
 .init          0x08001d68        0x8 C:/ST/STM32CubeIDE_1.15.1/STM32CubeIDE/plugins/com.st.stm32cube.ide.mcu.externaltools.gnu-tools-for-stm32.12.3.rel1.win32_1.0.100.202403111256/tools/bin/../lib/gcc/arm-none-eabi/12.3.1/thumb/v8-m.main+fp/hard/crtn.o
 *(.fini)
 .fini          0x08001d70        0x4 C:/ST/STM32CubeIDE_1.15.1/STM32CubeIDE/plugins/com.st.stm32cube.ide.mcu.externaltools.gnu-tools-for-stm32.12.3.rel1.win32_1.0.100.202403111256/tools/bin/../lib/gcc/arm-none-eabi/12.3.1/thumb/v8-m.main+fp/hard/crti.o
                0x08001d70                _fini
 .fini          0x08001d74        0x8 C:/ST/STM32CubeIDE_1.15.1/STM32CubeIDE/plugins/com.st.stm32cube.ide.mcu.externaltools.gnu-tools-for-stm32.12.3.rel1.win32_1.0.100.202403111256/tools/bin/../lib/gcc/arm-none-eabi/12.3.1/thumb/v8-m.main+fp/hard/crtn.o
                0x08001d7c                        . = ALIGN (0x4)
                0x08001d7c                        _etext = .

.vfp11_veneer   0x08001d7c        0x0
 .vfp11_veneer  0x08001d7c        0x0 linker stubs

.v4_bx          0x08001d7c        0x0
 .v4_bx         0x08001d7c        0x0 linker stubs

.iplt           0x08001d7c        0x0
 .iplt          0x08001d7c        0x0 C:/ST/STM32CubeIDE_1.15.1/STM32CubeIDE/plugins/com.st.stm32cube.ide.mcu.externaltools.gnu-tools-for-stm32.12.3.rel1.win32_1.0.100.202403111256/tools/bin/../lib/gcc/arm-none-eabi/12.3.1/thumb/v8-m.main+fp/hard/crtbegin.o

.rodata         0x08001d7c       0x10
                0x08001d7c                        . = ALIGN (0x4)
 *(.rodata)
 *(.rodata*)
 .rodata.AHBPrescTable
                0x08001d7c       0x10 ./Core/Src/system_stm32h5xx.o
                0x08001d7c                AHBPrescTable
                0x08001d8c                        . = ALIGN (0x4)

.ARM.extab      0x08001d8c        0x0
                0x08001d8c                        . = ALIGN (0x4)
 *(.ARM.extab* .gnu.linkonce.armextab.*)
                0x08001d8c                        . = ALIGN (0x4)

.ARM            0x08001d8c        0x0
                0x08001d8c                        . = ALIGN (0x4)
                0x08001d8c                        __exidx_start = .
 *(.ARM.exidx*)
                0x08001d8c                        __exidx_end = .
                0x08001d8c                        . = ALIGN (0x4)

.preinit_array  0x08001d8c        0x0
                0x08001d8c                        . = ALIGN (0x4)
                0x08001d8c                        PROVIDE (__preinit_array_start = .)
 *(.preinit_array*)
                0x08001d8c                        PROVIDE (__preinit_array_end = .)
                0x08001d8c                        . = ALIGN (0x4)

.init_array     0x08001d8c        0x4
                0x08001d8c                        . = ALIGN (0x4)
                0x08001d8c                        PROVIDE (__init_array_start = .)
 *(SORT_BY_NAME(.init_array.*))
 *(.init_array*)
 .init_array    0x08001d8c        0x4 C:/ST/STM32CubeIDE_1.15.1/STM32CubeIDE/plugins/com.st.stm32cube.ide.mcu.externaltools.gnu-tools-for-stm32.12.3.rel1.win32_1.0.100.202403111256/tools/bin/../lib/gcc/arm-none-eabi/12.3.1/thumb/v8-m.main+fp/hard/crtbegin.o
                0x08001d90                        PROVIDE (__init_array_end = .)
                0x08001d90                        . = ALIGN (0x4)

.fini_array     0x08001d90        0x4
                0x08001d90                        . = ALIGN (0x4)
                [!provide]                        PROVIDE (__fini_array_start = .)
 *(SORT_BY_NAME(.fini_array.*))
 *(.fini_array*)
 .fini_array    0x08001d90        0x4 C:/ST/STM32CubeIDE_1.15.1/STM32CubeIDE/plugins/com.st.stm32cube.ide.mcu.externaltools.gnu-tools-for-stm32.12.3.rel1.win32_1.0.100.202403111256/tools/bin/../lib/gcc/arm-none-eabi/12.3.1/thumb/v8-m.main+fp/hard/crtbegin.o
                [!provide]                        PROVIDE (__fini_array_end = .)
                0x08001d94                        . = ALIGN (0x4)
                0x08001d94                        _sidata = LOADADDR (.data)

.rel.dyn        0x08001d94        0x0
 .rel.iplt      0x08001d94        0x0 C:/ST/STM32CubeIDE_1.15.1/STM32CubeIDE/plugins/com.st.stm32cube.ide.mcu.externaltools.gnu-tools-for-stm32.12.3.rel1.win32_1.0.100.202403111256/tools/bin/../lib/gcc/arm-none-eabi/12.3.1/thumb/v8-m.main+fp/hard/crtbegin.o

.data           0x20000000        0xc load address 0x08001d94
                0x20000000                        . = ALIGN (0x4)
                0x20000000                        _sdata = .
 *(.data)
 *(.data*)
 .data.SystemCoreClock
                0x20000000        0x4 ./Core/Src/system_stm32h5xx.o
                0x20000000                SystemCoreClock
 .data.uwTickPrio
                0x20000004        0x4 ./Drivers/STM32H5xx_HAL_Driver/Src/stm32h5xx_hal.o
                0x20000004                uwTickPrio
 .data.uwTickFreq
                0x20000008        0x1 ./Drivers/STM32H5xx_HAL_Driver/Src/stm32h5xx_hal.o
                0x20000008                uwTickFreq
 *(.RamFunc)
 *(.RamFunc*)
                0x2000000c                        . = ALIGN (0x4)
 *fill*         0x20000009        0x3 
                0x2000000c                        _edata = .

.igot.plt       0x2000000c        0x0 load address 0x08001da0
 .igot.plt      0x2000000c        0x0 C:/ST/STM32CubeIDE_1.15.1/STM32CubeIDE/plugins/com.st.stm32cube.ide.mcu.externaltools.gnu-tools-for-stm32.12.3.rel1.win32_1.0.100.202403111256/tools/bin/../lib/gcc/arm-none-eabi/12.3.1/thumb/v8-m.main+fp/hard/crtbegin.o
                0x2000000c                        . = ALIGN (0x4)

.bss            0x2000000c       0x20 load address 0x08001da0
                0x2000000c                        _sbss = .
                0x2000000c                        __bss_start__ = _sbss
 *(.bss)
 .bss           0x2000000c       0x1c C:/ST/STM32CubeIDE_1.15.1/STM32CubeIDE/plugins/com.st.stm32cube.ide.mcu.externaltools.gnu-tools-for-stm32.12.3.rel1.win32_1.0.100.202403111256/tools/bin/../lib/gcc/arm-none-eabi/12.3.1/thumb/v8-m.main+fp/hard/crtbegin.o
 *(.bss*)
 .bss.uwTick    0x20000028        0x4 ./Drivers/STM32H5xx_HAL_Driver/Src/stm32h5xx_hal.o
                0x20000028                uwTick
 *(COMMON)
                0x2000002c                        . = ALIGN (0x4)
                0x2000002c                        _ebss = .
                0x2000002c                        __bss_end__ = _ebss

._user_heap_stack
                0x2000002c      0x604 load address 0x08001da0
                0x20000030                        . = ALIGN (0x8)
 *fill*         0x2000002c        0x4 
                [!provide]                        PROVIDE (end = .)
                0x20000030                        PROVIDE (_end = .)
                0x20000230                        . = (. + _Min_Heap_Size)
 *fill*         0x20000030      0x200 
                0x20000630                        . = (. + _Min_Stack_Size)
 *fill*         0x20000230      0x400 
                0x20000630                        . = ALIGN (0x8)

/DISCARD/
 libc.a(*)
 libm.a(*)
 libgcc.a(*)

.ARM.attributes
                0x00000000       0x36
 *(.ARM.attributes)
 .ARM.attributes
                0x00000000       0x26 C:/ST/STM32CubeIDE_1.15.1/STM32CubeIDE/plugins/com.st.stm32cube.ide.mcu.externaltools.gnu-tools-for-stm32.12.3.rel1.win32_1.0.100.202403111256/tools/bin/../lib/gcc/arm-none-eabi/12.3.1/thumb/v8-m.main+fp/hard/crti.o
 .ARM.attributes
                0x00000026       0x38 C:/ST/STM32CubeIDE_1.15.1/STM32CubeIDE/plugins/com.st.stm32cube.ide.mcu.externaltools.gnu-tools-for-stm32.12.3.rel1.win32_1.0.100.202403111256/tools/bin/../lib/gcc/arm-none-eabi/12.3.1/thumb/v8-m.main+fp/hard/crtbegin.o
 .ARM.attributes
                0x0000005e       0x3a ./Core/Src/main.o
 .ARM.attributes
                0x00000098       0x3a ./Core/Src/stm32h5xx_hal_msp.o
 .ARM.attributes
                0x000000d2       0x3a ./Core/Src/stm32h5xx_it.o
 .ARM.attributes
                0x0000010c       0x3a ./Core/Src/system_stm32h5xx.o
 .ARM.attributes
                0x00000146       0x24 ./Core/Startup/startup_stm32h503rbtx.o
 .ARM.attributes
                0x0000016a       0x3a ./Drivers/STM32H5xx_HAL_Driver/Src/stm32h5xx_hal.o
 .ARM.attributes
                0x000001a4       0x3a ./Drivers/STM32H5xx_HAL_Driver/Src/stm32h5xx_hal_cortex.o
 .ARM.attributes
                0x000001de       0x3a ./Drivers/STM32H5xx_HAL_Driver/Src/stm32h5xx_hal_gpio.o
 .ARM.attributes
                0x00000218       0x3a ./Drivers/STM32H5xx_HAL_Driver/Src/stm32h5xx_hal_rcc.o
 .ARM.attributes
                0x00000252       0x38 C:/ST/STM32CubeIDE_1.15.1/STM32CubeIDE/plugins/com.st.stm32cube.ide.mcu.externaltools.gnu-tools-for-stm32.12.3.rel1.win32_1.0.100.202403111256/tools/bin/../lib/gcc/arm-none-eabi/12.3.1/../../../../arm-none-eabi/lib/thumb/v8-m.main+fp/hard\libc_nano.a(libc_a-memset.o)
 .ARM.attributes
                0x0000028a       0x38 C:/ST/STM32CubeIDE_1.15.1/STM32CubeIDE/plugins/com.st.stm32cube.ide.mcu.externaltools.gnu-tools-for-stm32.12.3.rel1.win32_1.0.100.202403111256/tools/bin/../lib/gcc/arm-none-eabi/12.3.1/../../../../arm-none-eabi/lib/thumb/v8-m.main+fp/hard\libc_nano.a(libc_a-init.o)
 .ARM.attributes
                0x000002c2       0x26 C:/ST/STM32CubeIDE_1.15.1/STM32CubeIDE/plugins/com.st.stm32cube.ide.mcu.externaltools.gnu-tools-for-stm32.12.3.rel1.win32_1.0.100.202403111256/tools/bin/../lib/gcc/arm-none-eabi/12.3.1/thumb/v8-m.main+fp/hard/crtn.o
OUTPUT(led_blink_1_h503rb.elf elf32-littlearm)
LOAD linker stubs
LOAD C:/ST/STM32CubeIDE_1.15.1/STM32CubeIDE/plugins/com.st.stm32cube.ide.mcu.externaltools.gnu-tools-for-stm32.12.3.rel1.win32_1.0.100.202403111256/tools/bin/../lib/gcc/arm-none-eabi/12.3.1/../../../../arm-none-eabi/lib/thumb/v8-m.main+fp/hard\libc.a
LOAD C:/ST/STM32CubeIDE_1.15.1/STM32CubeIDE/plugins/com.st.stm32cube.ide.mcu.externaltools.gnu-tools-for-stm32.12.3.rel1.win32_1.0.100.202403111256/tools/bin/../lib/gcc/arm-none-eabi/12.3.1/../../../../arm-none-eabi/lib/thumb/v8-m.main+fp/hard\libm.a
LOAD C:/ST/STM32CubeIDE_1.15.1/STM32CubeIDE/plugins/com.st.stm32cube.ide.mcu.externaltools.gnu-tools-for-stm32.12.3.rel1.win32_1.0.100.202403111256/tools/bin/../lib/gcc/arm-none-eabi/12.3.1/thumb/v8-m.main+fp/hard\libgcc.a

.debug_info     0x00000000     0x5436
 .debug_info    0x00000000      0xa20 ./Core/Src/main.o
 .debug_info    0x00000a20       0x9f ./Core/Src/stm32h5xx_hal_msp.o
 .debug_info    0x00000abf      0x128 ./Core/Src/stm32h5xx_it.o
 .debug_info    0x00000be7      0xc0b ./Core/Src/system_stm32h5xx.o
 .debug_info    0x000017f2       0x30 ./Core/Startup/startup_stm32h503rbtx.o
 .debug_info    0x00001822     0x1069 ./Drivers/STM32H5xx_HAL_Driver/Src/stm32h5xx_hal.o
 .debug_info    0x0000288b     0x1522 ./Drivers/STM32H5xx_HAL_Driver/Src/stm32h5xx_hal_cortex.o
 .debug_info    0x00003dad      0x6aa ./Drivers/STM32H5xx_HAL_Driver/Src/stm32h5xx_hal_gpio.o
 .debug_info    0x00004457      0xfdf ./Drivers/STM32H5xx_HAL_Driver/Src/stm32h5xx_hal_rcc.o

.debug_abbrev   0x00000000      0xe58
 .debug_abbrev  0x00000000      0x21c ./Core/Src/main.o
 .debug_abbrev  0x0000021c       0x45 ./Core/Src/stm32h5xx_hal_msp.o
 .debug_abbrev  0x00000261       0x73 ./Core/Src/stm32h5xx_it.o
 .debug_abbrev  0x000002d4      0x13a ./Core/Src/system_stm32h5xx.o
 .debug_abbrev  0x0000040e       0x24 ./Core/Startup/startup_stm32h503rbtx.o
 .debug_abbrev  0x00000432      0x2ac ./Drivers/STM32H5xx_HAL_Driver/Src/stm32h5xx_hal.o
 .debug_abbrev  0x000006de      0x311 ./Drivers/STM32H5xx_HAL_Driver/Src/stm32h5xx_hal_cortex.o
 .debug_abbrev  0x000009ef      0x1db ./Drivers/STM32H5xx_HAL_Driver/Src/stm32h5xx_hal_gpio.o
 .debug_abbrev  0x00000bca      0x28e ./Drivers/STM32H5xx_HAL_Driver/Src/stm32h5xx_hal_rcc.o

.debug_aranges  0x00000000      0x500
 .debug_aranges
                0x00000000       0x38 ./Core/Src/main.o
 .debug_aranges
                0x00000038       0x20 ./Core/Src/stm32h5xx_hal_msp.o
 .debug_aranges
                0x00000058       0x60 ./Core/Src/stm32h5xx_it.o
 .debug_aranges
                0x000000b8       0x28 ./Core/Src/system_stm32h5xx.o
 .debug_aranges
                0x000000e0       0x28 ./Core/Startup/startup_stm32h503rbtx.o
 .debug_aranges
                0x00000108      0x1a0 ./Drivers/STM32H5xx_HAL_Driver/Src/stm32h5xx_hal.o
 .debug_aranges
                0x000002a8      0x140 ./Drivers/STM32H5xx_HAL_Driver/Src/stm32h5xx_hal_cortex.o
 .debug_aranges
                0x000003e8       0x78 ./Drivers/STM32H5xx_HAL_Driver/Src/stm32h5xx_hal_gpio.o
 .debug_aranges
                0x00000460       0xa0 ./Drivers/STM32H5xx_HAL_Driver/Src/stm32h5xx_hal_rcc.o

.debug_rnglists
                0x00000000      0x3a1
 .debug_rnglists
                0x00000000       0x27 ./Core/Src/main.o
 .debug_rnglists
                0x00000027       0x13 ./Core/Src/stm32h5xx_hal_msp.o
 .debug_rnglists
                0x0000003a       0x43 ./Core/Src/stm32h5xx_it.o
 .debug_rnglists
                0x0000007d       0x1b ./Core/Src/system_stm32h5xx.o
 .debug_rnglists
                0x00000098       0x19 ./Core/Startup/startup_stm32h503rbtx.o
 .debug_rnglists
                0x000000b1      0x134 ./Drivers/STM32H5xx_HAL_Driver/Src/stm32h5xx_hal.o
 .debug_rnglists
                0x000001e5       0xec ./Drivers/STM32H5xx_HAL_Driver/Src/stm32h5xx_hal_cortex.o
 .debug_rnglists
                0x000002d1       0x57 ./Drivers/STM32H5xx_HAL_Driver/Src/stm32h5xx_hal_gpio.o
 .debug_rnglists
                0x00000328       0x79 ./Drivers/STM32H5xx_HAL_Driver/Src/stm32h5xx_hal_rcc.o

.debug_macro    0x00000000    0x1dc24
 .debug_macro   0x00000000      0x254 ./Core/Src/main.o
 .debug_macro   0x00000254      0xaba ./Core/Src/main.o
 .debug_macro   0x00000d0e      0x1be ./Core/Src/main.o
 .debug_macro   0x00000ecc       0x22 ./Core/Src/main.o
 .debug_macro   0x00000eee       0x5b ./Core/Src/main.o
 .debug_macro   0x00000f49       0x2a ./Core/Src/main.o
 .debug_macro   0x00000f73       0x94 ./Core/Src/main.o
 .debug_macro   0x00001007       0x43 ./Core/Src/main.o
 .debug_macro   0x0000104a       0x34 ./Core/Src/main.o
 .debug_macro   0x0000107e      0x189 ./Core/Src/main.o
 .debug_macro   0x00001207       0x16 ./Core/Src/main.o
 .debug_macro   0x0000121d       0x43 ./Core/Src/main.o
 .debug_macro   0x00001260       0x57 ./Core/Src/main.o
 .debug_macro   0x000012b7       0x34 ./Core/Src/main.o
 .debug_macro   0x000012eb       0x10 ./Core/Src/main.o
 .debug_macro   0x000012fb       0x58 ./Core/Src/main.o
 .debug_macro   0x00001353       0x8e ./Core/Src/main.o
 .debug_macro   0x000013e1       0x1c ./Core/Src/main.o
 .debug_macro   0x000013fd      0x177 ./Core/Src/main.o
 .debug_macro   0x00001574      0x369 ./Core/Src/main.o
 .debug_macro   0x000018dd      0x19b ./Core/Src/main.o
 .debug_macro   0x00001a78       0x28 ./Core/Src/main.o
 .debug_macro   0x00001aa0       0x42 ./Core/Src/main.o
 .debug_macro   0x00001ae2      0x103 ./Core/Src/main.o
 .debug_macro   0x00001be5       0x6a ./Core/Src/main.o
 .debug_macro   0x00001c4f      0x1df ./Core/Src/main.o
 .debug_macro   0x00001e2e       0x1c ./Core/Src/main.o
 .debug_macro   0x00001e4a       0x29 ./Core/Src/main.o
 .debug_macro   0x00001e73       0xfb ./Core/Src/main.o
 .debug_macro   0x00001f6e     0x1685 ./Core/Src/main.o
 .debug_macro   0x000035f3       0x5e ./Core/Src/main.o
 .debug_macro   0x00003651    0x12007 ./Core/Src/main.o
 .debug_macro   0x00015658       0x6d ./Core/Src/main.o
 .debug_macro   0x000156c5     0x3891 ./Core/Src/main.o
 .debug_macro   0x00018f56       0x63 ./Core/Src/main.o
 .debug_macro   0x00018fb9     0x146a ./Core/Src/main.o
 .debug_macro   0x0001a423      0x75e ./Core/Src/main.o
 .debug_macro   0x0001ab81      0x166 ./Core/Src/main.o
 .debug_macro   0x0001ace7      0x1a6 ./Core/Src/main.o
 .debug_macro   0x0001ae8d      0x527 ./Core/Src/main.o
 .debug_macro   0x0001b3b4      0x40f ./Core/Src/main.o
 .debug_macro   0x0001b7c3       0xd6 ./Core/Src/main.o
 .debug_macro   0x0001b899      0x1ce ./Core/Src/main.o
 .debug_macro   0x0001ba67      0x1c3 ./Core/Src/main.o
 .debug_macro   0x0001bc2a      0x4ef ./Core/Src/main.o
 .debug_macro   0x0001c119       0x58 ./Core/Src/main.o
 .debug_macro   0x0001c171      0x272 ./Core/Src/main.o
 .debug_macro   0x0001c3e3      0x1a6 ./Core/Src/main.o
 .debug_macro   0x0001c589      0x20a ./Core/Src/main.o
 .debug_macro   0x0001c793      0x31f ./Core/Src/main.o
 .debug_macro   0x0001cab2       0xb8 ./Core/Src/main.o
 .debug_macro   0x0001cb6a      0x254 ./Core/Src/stm32h5xx_hal_msp.o
 .debug_macro   0x0001cdbe      0x25e ./Core/Src/stm32h5xx_it.o
 .debug_macro   0x0001d01c      0x24c ./Core/Src/system_stm32h5xx.o
 .debug_macro   0x0001d268      0x275 ./Drivers/STM32H5xx_HAL_Driver/Src/stm32h5xx_hal.o
 .debug_macro   0x0001d4dd      0x245 ./Drivers/STM32H5xx_HAL_Driver/Src/stm32h5xx_hal_cortex.o
 .debug_macro   0x0001d722      0x27b ./Drivers/STM32H5xx_HAL_Driver/Src/stm32h5xx_hal_gpio.o
 .debug_macro   0x0001d99d      0x287 ./Drivers/STM32H5xx_HAL_Driver/Src/stm32h5xx_hal_rcc.o

.debug_line     0x00000000     0x5f56
 .debug_line    0x00000000      0x942 ./Core/Src/main.o
 .debug_line    0x00000942      0x81c ./Core/Src/stm32h5xx_hal_msp.o
 .debug_line    0x0000115e      0x8e3 ./Core/Src/stm32h5xx_it.o
 .debug_line    0x00001a41      0x992 ./Core/Src/system_stm32h5xx.o
 .debug_line    0x000023d3       0x77 ./Core/Startup/startup_stm32h503rbtx.o
 .debug_line    0x0000244a      0xde2 ./Drivers/STM32H5xx_HAL_Driver/Src/stm32h5xx_hal.o
 .debug_line    0x0000322c      0xe91 ./Drivers/STM32H5xx_HAL_Driver/Src/stm32h5xx_hal_cortex.o
 .debug_line    0x000040bd      0xc1d ./Drivers/STM32H5xx_HAL_Driver/Src/stm32h5xx_hal_gpio.o
 .debug_line    0x00004cda     0x127c ./Drivers/STM32H5xx_HAL_Driver/Src/stm32h5xx_hal_rcc.o

.debug_str      0x00000000    0xba68e
 .debug_str     0x00000000    0xb8b1f ./Core/Src/main.o
                              0xb8e42 (size before relaxing)
 .debug_str     0x000b8b1f       0x2c ./Core/Src/stm32h5xx_hal_msp.o
                              0xb88a6 (size before relaxing)
 .debug_str     0x000b8b4b       0xc9 ./Core/Src/stm32h5xx_it.o
                              0xb8943 (size before relaxing)
 .debug_str     0x000b8c14      0x2e9 ./Core/Src/system_stm32h5xx.o
                              0xb8aa2 (size before relaxing)
 .debug_str     0x000b8efd       0x44 ./Core/Startup/startup_stm32h503rbtx.o
                                 0x93 (size before relaxing)
 .debug_str     0x000b8f41      0xcfa ./Drivers/STM32H5xx_HAL_Driver/Src/stm32h5xx_hal.o
                              0xb9615 (size before relaxing)
 .debug_str     0x000b9c3b      0x418 ./Drivers/STM32H5xx_HAL_Driver/Src/stm32h5xx_hal_cortex.o
                              0xb937f (size before relaxing)
 .debug_str     0x000ba053      0x2b1 ./Drivers/STM32H5xx_HAL_Driver/Src/stm32h5xx_hal_gpio.o
                              0xb8980 (size before relaxing)
 .debug_str     0x000ba304      0x38a ./Drivers/STM32H5xx_HAL_Driver/Src/stm32h5xx_hal_rcc.o
                              0xb8fe2 (size before relaxing)

.comment        0x00000000       0x43
 .comment       0x00000000       0x43 ./Core/Src/main.o
                                 0x44 (size before relaxing)
 .comment       0x00000043       0x44 ./Core/Src/stm32h5xx_hal_msp.o
 .comment       0x00000043       0x44 ./Core/Src/stm32h5xx_it.o
 .comment       0x00000043       0x44 ./Core/Src/system_stm32h5xx.o
 .comment       0x00000043       0x44 ./Drivers/STM32H5xx_HAL_Driver/Src/stm32h5xx_hal.o
 .comment       0x00000043       0x44 ./Drivers/STM32H5xx_HAL_Driver/Src/stm32h5xx_hal_cortex.o
 .comment       0x00000043       0x44 ./Drivers/STM32H5xx_HAL_Driver/Src/stm32h5xx_hal_gpio.o
 .comment       0x00000043       0x44 ./Drivers/STM32H5xx_HAL_Driver/Src/stm32h5xx_hal_rcc.o

.debug_frame    0x00000000     0x1288
 .debug_frame   0x00000000       0x8c ./Core/Src/main.o
 .debug_frame   0x0000008c       0x30 ./Core/Src/stm32h5xx_hal_msp.o
 .debug_frame   0x000000bc      0x104 ./Core/Src/stm32h5xx_it.o
 .debug_frame   0x000001c0       0x60 ./Core/Src/system_stm32h5xx.o
 .debug_frame   0x00000220      0x66c ./Drivers/STM32H5xx_HAL_Driver/Src/stm32h5xx_hal.o
 .debug_frame   0x0000088c      0x560 ./Drivers/STM32H5xx_HAL_Driver/Src/stm32h5xx_hal_cortex.o
 .debug_frame   0x00000dec      0x1ec ./Drivers/STM32H5xx_HAL_Driver/Src/stm32h5xx_hal_gpio.o
 .debug_frame   0x00000fd8      0x264 ./Drivers/STM32H5xx_HAL_Driver/Src/stm32h5xx_hal_rcc.o
 .debug_frame   0x0000123c       0x20 C:/ST/STM32CubeIDE_1.15.1/STM32CubeIDE/plugins/com.st.stm32cube.ide.mcu.externaltools.gnu-tools-for-stm32.12.3.rel1.win32_1.0.100.202403111256/tools/bin/../lib/gcc/arm-none-eabi/12.3.1/../../../../arm-none-eabi/lib/thumb/v8-m.main+fp/hard\libc_nano.a(libc_a-memset.o)
 .debug_frame   0x0000125c       0x2c C:/ST/STM32CubeIDE_1.15.1/STM32CubeIDE/plugins/com.st.stm32cube.ide.mcu.externaltools.gnu-tools-for-stm32.12.3.rel1.win32_1.0.100.202403111256/tools/bin/../lib/gcc/arm-none-eabi/12.3.1/../../../../arm-none-eabi/lib/thumb/v8-m.main+fp/hard\libc_nano.a(libc_a-init.o)

.debug_line_str
                0x00000000       0x77
 .debug_line_str
                0x00000000       0x77 ./Core/Startup/startup_stm32h503rbtx.o
