../Core/Src/main.c:76:5:main	32	static
../Core/Src/main.c:143:6:SystemClock_Config	120	static
../Core/Src/main.c:197:13:MX_ICACHE_Init	8	static
../Core/Src/main.c:225:13:MX_USART1_UART_Init	8	static
../Core/Src/main.c:273:13:MX_USART3_UART_Init	8	static
../Core/Src/main.c:321:13:MX_USB_PCD_Init	8	static
../Core/Src/main.c:357:13:MX_GPIO_Init	48	static
../Core/Src/main.c:413:13:task1_handler	16	static
../Core/Src/main.c:420:13:task2_handler	16	static
../Core/Src/main.c:437:6:HAL_TIM_PeriodElapsedCallback	16	static
../Core/Src/main.c:454:6:Error_Handler	4	static,ignoring_inline_asm
