../thirdparty/FreeRTOS/tasks.c:737:16:xTaskCreate	56	static
../thirdparty/FreeRTOS/tasks.c:828:13:prvInitialiseNewTask	32	static
../thirdparty/FreeRTOS/tasks.c:1079:13:prvAddNewTaskToReadyList	32	static
../thirdparty/FreeRTOS/tasks.c:1165:10:vTaskDelete	24	static
../thirdparty/FreeRTOS/tasks.c:1347:10:vTaskDelay	24	static
../thirdparty/FreeRTOS/tasks.c:1489:17:uxTaskPriorityGet	24	static
../thirdparty/FreeRTOS/tasks.c:1511:17:uxTaskPriorityGetFromISR	32	static
../thirdparty/FreeRTOS/tasks.c:1551:10:vTaskPrioritySet	40	static
../thirdparty/FreeRTOS/tasks.c:1717:10:vTaskSuspend	24	static
../thirdparty/FreeRTOS/tasks.c:1823:23:prvTaskIsTaskSuspended	24	static
../thirdparty/FreeRTOS/tasks.c:1869:10:vTaskResume	24	static
../thirdparty/FreeRTOS/tasks.c:1923:16:xTaskResumeFromISR	32	static
../thirdparty/FreeRTOS/tasks.c:1998:6:vTaskStartScheduler	24	static
../thirdparty/FreeRTOS/tasks.c:2126:6:vTaskEndScheduler	8	static
../thirdparty/FreeRTOS/tasks.c:2137:6:vTaskSuspendAll	4	static,ignoring_inline_asm
../thirdparty/FreeRTOS/tasks.c:2221:12:xTaskResumeAll	24	static
../thirdparty/FreeRTOS/tasks.c:2332:12:xTaskGetTickCount	16	static
../thirdparty/FreeRTOS/tasks.c:2347:12:xTaskGetTickCountFromISR	16	static
../thirdparty/FreeRTOS/tasks.c:2378:13:uxTaskGetNumberOfTasks	4	static
../thirdparty/FreeRTOS/tasks.c:2386:8:pcTaskGetName	24	static
../thirdparty/FreeRTOS/tasks.c:2608:18:xTaskGetIdleTaskHandle	8	static
../thirdparty/FreeRTOS/tasks.c:2638:12:xTaskCatchUpTicks	24	static
../thirdparty/FreeRTOS/tasks.c:2736:12:xTaskIncrementTick	32	static
../thirdparty/FreeRTOS/tasks.c:3021:6:vTaskSwitchContext	16	static
../thirdparty/FreeRTOS/tasks.c:3097:6:vTaskPlaceOnEventList	16	static
../thirdparty/FreeRTOS/tasks.c:3115:6:vTaskPlaceOnUnorderedEventList	24	static
../thirdparty/FreeRTOS/tasks.c:3176:12:xTaskRemoveFromEventList	24	static
../thirdparty/FreeRTOS/tasks.c:3244:6:vTaskRemoveFromUnorderedEventList	24	static
../thirdparty/FreeRTOS/tasks.c:3293:6:vTaskSetTimeOutState	16	static
../thirdparty/FreeRTOS/tasks.c:3305:6:vTaskInternalSetTimeOutState	16	static
../thirdparty/FreeRTOS/tasks.c:3313:12:xTaskCheckForTimeOut	32	static
../thirdparty/FreeRTOS/tasks.c:3378:6:vTaskMissedYield	4	static
../thirdparty/FreeRTOS/tasks.c:3434:8:prvIdleTask	16	static
../thirdparty/FreeRTOS/tasks.c:3659:13:prvInitialiseTaskLists	16	static
../thirdparty/FreeRTOS/tasks.c:3691:13:prvCheckTasksWaitingTermination	16	static
../thirdparty/FreeRTOS/tasks.c:3942:11:pxTaskGetStackStart	24	static
../thirdparty/FreeRTOS/tasks.c:3957:17:prvDeleteTCB	16	static
../thirdparty/FreeRTOS/tasks.c:4013:13:prvResetNextTaskUnblockTime	4	static
../thirdparty/FreeRTOS/tasks.c:4036:18:xTaskGetCurrentTaskHandle	16	static
../thirdparty/FreeRTOS/tasks.c:4053:16:xTaskGetSchedulerState	16	static
../thirdparty/FreeRTOS/tasks.c:4081:16:xTaskPriorityInherit	24	static
../thirdparty/FreeRTOS/tasks.c:4171:16:xTaskPriorityDisinherit	24	static
../thirdparty/FreeRTOS/tasks.c:4251:10:vTaskPriorityDisinheritAfterTimeout	32	static
../thirdparty/FreeRTOS/tasks.c:4676:12:uxTaskResetEventItemValue	16	static
../thirdparty/FreeRTOS/tasks.c:4692:18:pvTaskIncrementMutexHeldCount	4	static
../thirdparty/FreeRTOS/tasks.c:4709:14:ulTaskGenericNotifyTake	32	static
../thirdparty/FreeRTOS/tasks.c:4781:16:xTaskGenericNotifyWait	40	static
../thirdparty/FreeRTOS/tasks.c:4867:16:xTaskGenericNotify	48	static
../thirdparty/FreeRTOS/tasks.c:4990:16:xTaskGenericNotifyFromISR	48	static
../thirdparty/FreeRTOS/tasks.c:5129:10:vTaskGenericNotifyGiveFromISR	40	static
../thirdparty/FreeRTOS/tasks.c:5218:16:xTaskGenericNotifyStateClear	24	static
../thirdparty/FreeRTOS/tasks.c:5252:14:ulTaskGenericNotifyValueClear	32	static
../thirdparty/FreeRTOS/tasks.c:5288:13:prvAddCurrentTaskToDelayedList	24	static
