16:20:15 **** Build of configuration Debug for project task_creation_01 ****
make -j8 all 
arm-none-eabi-gcc "../thirdparty/FreeRTOS/portable/MemMang/heap_4.c" -mcpu=cortex-m3 -std=gnu11 -g3 -DDEBUG -DUSE_HAL_DRIVER -DSTM32F103xB -c -I"E:/Sanchit/rtos_learning/rtos_workspace/first_project/task_creation_01/thirdparty/FreeRTOS/portable/GCC/ARM_CM3" -I"E:/Sanchit/rtos_learning/rtos_workspace/first_project/task_creation_01/thirdparty/FreeRTOS" -I../Core/Inc -I"E:/Sanchit/rtos_learning/rtos_workspace/first_project/task_creation_01/thirdparty/FreeRTOS/include" -I../Drivers/STM32F1xx_HAL_Driver/Inc/Legacy -I../Drivers/STM32F1xx_HAL_Driver/Inc -I../Drivers/CMSIS/Device/ST/STM32F1xx/Include -I../Drivers/CMSIS/Include -O0 -ffunction-sections -fdata-sections -Wall -fstack-usage -fcyclomatic-complexity -MMD -MP -MF"thirdparty/FreeRTOS/portable/MemMang/heap_4.d" -MT"thirdparty/FreeRTOS/portable/MemMang/heap_4.o" --specs=nano.specs -mfloat-abi=soft -mthumb -o "thirdparty/FreeRTOS/portable/MemMang/heap_4.o"
arm-none-eabi-gcc "../thirdparty/FreeRTOS/portable/GCC/ARM_CM3/port.c" -mcpu=cortex-m3 -std=gnu11 -g3 -DDEBUG -DUSE_HAL_DRIVER -DSTM32F103xB -c -I"E:/Sanchit/rtos_learning/rtos_workspace/first_project/task_creation_01/thirdparty/FreeRTOS/portable/GCC/ARM_CM3" -I"E:/Sanchit/rtos_learning/rtos_workspace/first_project/task_creation_01/thirdparty/FreeRTOS" -I../Core/Inc -I"E:/Sanchit/rtos_learning/rtos_workspace/first_project/task_creation_01/thirdparty/FreeRTOS/include" -I../Drivers/STM32F1xx_HAL_Driver/Inc/Legacy -I../Drivers/STM32F1xx_HAL_Driver/Inc -I../Drivers/CMSIS/Device/ST/STM32F1xx/Include -I../Drivers/CMSIS/Include -O0 -ffunction-sections -fdata-sections -Wall -fstack-usage -fcyclomatic-complexity -MMD -MP -MF"thirdparty/FreeRTOS/portable/GCC/ARM_CM3/port.d" -MT"thirdparty/FreeRTOS/portable/GCC/ARM_CM3/port.o" --specs=nano.specs -mfloat-abi=soft -mthumb -o "thirdparty/FreeRTOS/portable/GCC/ARM_CM3/port.o"
arm-none-eabi-gcc "../thirdparty/FreeRTOS/croutine.c" -mcpu=cortex-m3 -std=gnu11 -g3 -DDEBUG -DUSE_HAL_DRIVER -DSTM32F103xB -c -I"E:/Sanchit/rtos_learning/rtos_workspace/first_project/task_creation_01/thirdparty/FreeRTOS/portable/GCC/ARM_CM3" -I"E:/Sanchit/rtos_learning/rtos_workspace/first_project/task_creation_01/thirdparty/FreeRTOS" -I../Core/Inc -I"E:/Sanchit/rtos_learning/rtos_workspace/first_project/task_creation_01/thirdparty/FreeRTOS/include" -I../Drivers/STM32F1xx_HAL_Driver/Inc/Legacy -I../Drivers/STM32F1xx_HAL_Driver/Inc -I../Drivers/CMSIS/Device/ST/STM32F1xx/Include -I../Drivers/CMSIS/Include -O0 -ffunction-sections -fdata-sections -Wall -fstack-usage -fcyclomatic-complexity -MMD -MP -MF"thirdparty/FreeRTOS/croutine.d" -MT"thirdparty/FreeRTOS/croutine.o" --specs=nano.specs -mfloat-abi=soft -mthumb -o "thirdparty/FreeRTOS/croutine.o"
arm-none-eabi-gcc "../thirdparty/FreeRTOS/event_groups.c" -mcpu=cortex-m3 -std=gnu11 -g3 -DDEBUG -DUSE_HAL_DRIVER -DSTM32F103xB -c -I"E:/Sanchit/rtos_learning/rtos_workspace/first_project/task_creation_01/thirdparty/FreeRTOS/portable/GCC/ARM_CM3" -I"E:/Sanchit/rtos_learning/rtos_workspace/first_project/task_creation_01/thirdparty/FreeRTOS" -I../Core/Inc -I"E:/Sanchit/rtos_learning/rtos_workspace/first_project/task_creation_01/thirdparty/FreeRTOS/include" -I../Drivers/STM32F1xx_HAL_Driver/Inc/Legacy -I../Drivers/STM32F1xx_HAL_Driver/Inc -I../Drivers/CMSIS/Device/ST/STM32F1xx/Include -I../Drivers/CMSIS/Include -O0 -ffunction-sections -fdata-sections -Wall -fstack-usage -fcyclomatic-complexity -MMD -MP -MF"thirdparty/FreeRTOS/event_groups.d" -MT"thirdparty/FreeRTOS/event_groups.o" --specs=nano.specs -mfloat-abi=soft -mthumb -o "thirdparty/FreeRTOS/event_groups.o"
arm-none-eabi-gcc "../thirdparty/FreeRTOS/list.c" -mcpu=cortex-m3 -std=gnu11 -g3 -DDEBUG -DUSE_HAL_DRIVER -DSTM32F103xB -c -I"E:/Sanchit/rtos_learning/rtos_workspace/first_project/task_creation_01/thirdparty/FreeRTOS/portable/GCC/ARM_CM3" -I"E:/Sanchit/rtos_learning/rtos_workspace/first_project/task_creation_01/thirdparty/FreeRTOS" -I../Core/Inc -I"E:/Sanchit/rtos_learning/rtos_workspace/first_project/task_creation_01/thirdparty/FreeRTOS/include" -I../Drivers/STM32F1xx_HAL_Driver/Inc/Legacy -I../Drivers/STM32F1xx_HAL_Driver/Inc -I../Drivers/CMSIS/Device/ST/STM32F1xx/Include -I../Drivers/CMSIS/Include -O0 -ffunction-sections -fdata-sections -Wall -fstack-usage -fcyclomatic-complexity -MMD -MP -MF"thirdparty/FreeRTOS/list.d" -MT"thirdparty/FreeRTOS/list.o" --specs=nano.specs -mfloat-abi=soft -mthumb -o "thirdparty/FreeRTOS/list.o"
arm-none-eabi-gcc "../thirdparty/FreeRTOS/queue.c" -mcpu=cortex-m3 -std=gnu11 -g3 -DDEBUG -DUSE_HAL_DRIVER -DSTM32F103xB -c -I"E:/Sanchit/rtos_learning/rtos_workspace/first_project/task_creation_01/thirdparty/FreeRTOS/portable/GCC/ARM_CM3" -I"E:/Sanchit/rtos_learning/rtos_workspace/first_project/task_creation_01/thirdparty/FreeRTOS" -I../Core/Inc -I"E:/Sanchit/rtos_learning/rtos_workspace/first_project/task_creation_01/thirdparty/FreeRTOS/include" -I../Drivers/STM32F1xx_HAL_Driver/Inc/Legacy -I../Drivers/STM32F1xx_HAL_Driver/Inc -I../Drivers/CMSIS/Device/ST/STM32F1xx/Include -I../Drivers/CMSIS/Include -O0 -ffunction-sections -fdata-sections -Wall -fstack-usage -fcyclomatic-complexity -MMD -MP -MF"thirdparty/FreeRTOS/queue.d" -MT"thirdparty/FreeRTOS/queue.o" --specs=nano.specs -mfloat-abi=soft -mthumb -o "thirdparty/FreeRTOS/queue.o"
arm-none-eabi-gcc "../thirdparty/FreeRTOS/stream_buffer.c" -mcpu=cortex-m3 -std=gnu11 -g3 -DDEBUG -DUSE_HAL_DRIVER -DSTM32F103xB -c -I"E:/Sanchit/rtos_learning/rtos_workspace/first_project/task_creation_01/thirdparty/FreeRTOS/portable/GCC/ARM_CM3" -I"E:/Sanchit/rtos_learning/rtos_workspace/first_project/task_creation_01/thirdparty/FreeRTOS" -I../Core/Inc -I"E:/Sanchit/rtos_learning/rtos_workspace/first_project/task_creation_01/thirdparty/FreeRTOS/include" -I../Drivers/STM32F1xx_HAL_Driver/Inc/Legacy -I../Drivers/STM32F1xx_HAL_Driver/Inc -I../Drivers/CMSIS/Device/ST/STM32F1xx/Include -I../Drivers/CMSIS/Include -O0 -ffunction-sections -fdata-sections -Wall -fstack-usage -fcyclomatic-complexity -MMD -MP -MF"thirdparty/FreeRTOS/stream_buffer.d" -MT"thirdparty/FreeRTOS/stream_buffer.o" --specs=nano.specs -mfloat-abi=soft -mthumb -o "thirdparty/FreeRTOS/stream_buffer.o"
arm-none-eabi-gcc "../thirdparty/FreeRTOS/tasks.c" -mcpu=cortex-m3 -std=gnu11 -g3 -DDEBUG -DUSE_HAL_DRIVER -DSTM32F103xB -c -I"E:/Sanchit/rtos_learning/rtos_workspace/first_project/task_creation_01/thirdparty/FreeRTOS/portable/GCC/ARM_CM3" -I"E:/Sanchit/rtos_learning/rtos_workspace/first_project/task_creation_01/thirdparty/FreeRTOS" -I../Core/Inc -I"E:/Sanchit/rtos_learning/rtos_workspace/first_project/task_creation_01/thirdparty/FreeRTOS/include" -I../Drivers/STM32F1xx_HAL_Driver/Inc/Legacy -I../Drivers/STM32F1xx_HAL_Driver/Inc -I../Drivers/CMSIS/Device/ST/STM32F1xx/Include -I../Drivers/CMSIS/Include -O0 -ffunction-sections -fdata-sections -Wall -fstack-usage -fcyclomatic-complexity -MMD -MP -MF"thirdparty/FreeRTOS/tasks.d" -MT"thirdparty/FreeRTOS/tasks.o" --specs=nano.specs -mfloat-abi=soft -mthumb -o "thirdparty/FreeRTOS/tasks.o"
arm-none-eabi-gcc "../thirdparty/FreeRTOS/timers.c" -mcpu=cortex-m3 -std=gnu11 -g3 -DDEBUG -DUSE_HAL_DRIVER -DSTM32F103xB -c -I"E:/Sanchit/rtos_learning/rtos_workspace/first_project/task_creation_01/thirdparty/FreeRTOS/portable/GCC/ARM_CM3" -I"E:/Sanchit/rtos_learning/rtos_workspace/first_project/task_creation_01/thirdparty/FreeRTOS" -I../Core/Inc -I"E:/Sanchit/rtos_learning/rtos_workspace/first_project/task_creation_01/thirdparty/FreeRTOS/include" -I../Drivers/STM32F1xx_HAL_Driver/Inc/Legacy -I../Drivers/STM32F1xx_HAL_Driver/Inc -I../Drivers/CMSIS/Device/ST/STM32F1xx/Include -I../Drivers/CMSIS/Include -O0 -ffunction-sections -fdata-sections -Wall -fstack-usage -fcyclomatic-complexity -MMD -MP -MF"thirdparty/FreeRTOS/timers.d" -MT"thirdparty/FreeRTOS/timers.o" --specs=nano.specs -mfloat-abi=soft -mthumb -o "thirdparty/FreeRTOS/timers.o"
arm-none-eabi-gcc "../Core/Src/main.c" -mcpu=cortex-m3 -std=gnu11 -g3 -DDEBUG -DUSE_HAL_DRIVER -DSTM32F103xB -c -I"E:/Sanchit/rtos_learning/rtos_workspace/first_project/task_creation_01/thirdparty/FreeRTOS/portable/GCC/ARM_CM3" -I"E:/Sanchit/rtos_learning/rtos_workspace/first_project/task_creation_01/thirdparty/FreeRTOS" -I../Core/Inc -I"E:/Sanchit/rtos_learning/rtos_workspace/first_project/task_creation_01/thirdparty/FreeRTOS/include" -I../Drivers/STM32F1xx_HAL_Driver/Inc/Legacy -I../Drivers/STM32F1xx_HAL_Driver/Inc -I../Drivers/CMSIS/Device/ST/STM32F1xx/Include -I../Drivers/CMSIS/Include -O0 -ffunction-sections -fdata-sections -Wall -fstack-usage -fcyclomatic-complexity -MMD -MP -MF"Core/Src/main.d" -MT"Core/Src/main.o" --specs=nano.specs -mfloat-abi=soft -mthumb -o "Core/Src/main.o"
../Core/Src/main.c: In function 'task1_handler':
../Core/Src/main.c:265:44: warning: pointer targets in passing argument 2 of 'HAL_UART_Transmit' differ in signedness [-Wpointer-sign]
  265 |                 HAL_UART_Transmit(&huart2, "H", 1, HAL_MAX_DELAY);
      |                                            ^~~
      |                                            |
      |                                            char *
In file included from ../Core/Inc/stm32f1xx_hal_conf.h:338,
                 from ../Drivers/STM32F1xx_HAL_Driver/Inc/stm32f1xx_hal.h:29,
                 from ../Core/Inc/main.h:30,
                 from ../Core/Src/main.c:20:
../Drivers/STM32F1xx_HAL_Driver/Inc/stm32f1xx_hal_uart.h:749:79: note: expected 'const uint8_t *' {aka 'const unsigned char *'} but argument is of type 'char *'
  749 | HAL_StatusTypeDef HAL_UART_Transmit(UART_HandleTypeDef *huart, const uint8_t *pData, uint16_t Size, uint32_t Timeout);
      |                                                                ~~~~~~~~~~~~~~~^~~~~
../Core/Src/main.c: In function 'task2_handler':
../Core/Src/main.c:271:44: warning: pointer targets in passing argument 2 of 'HAL_UART_Transmit' differ in signedness [-Wpointer-sign]
  271 |                 HAL_UART_Transmit(&huart2, "w", 1, HAL_MAX_DELAY);
      |                                            ^~~
      |                                            |
      |                                            char *
../Drivers/STM32F1xx_HAL_Driver/Inc/stm32f1xx_hal_uart.h:749:79: note: expected 'const uint8_t *' {aka 'const unsigned char *'} but argument is of type 'char *'
  749 | HAL_StatusTypeDef HAL_UART_Transmit(UART_HandleTypeDef *huart, const uint8_t *pData, uint16_t Size, uint32_t Timeout);
      |                                                                ~~~~~~~~~~~~~~~^~~~~
arm-none-eabi-gcc -o "task_creation_01.elf" @"objects.list"   -mcpu=cortex-m3 -T"E:\Sanchit\rtos_learning\rtos_workspace\first_project\task_creation_01\STM32F103C8TX_FLASH.ld" --specs=nosys.specs -Wl,-Map="task_creation_01.map" -Wl,--gc-sections -static --specs=nano.specs -mfloat-abi=soft -mthumb -Wl,--start-group -lc -lm -Wl,--end-group
Finished building target: task_creation_01.elf
 
arm-none-eabi-size  task_creation_01.elf 
arm-none-eabi-objdump -h -S task_creation_01.elf  > "task_creation_01.list"
   text	   data	    bss	    dec	    hex	filename
  12128	     20	   5196	  17344	   43c0	task_creation_01.elf
Finished building: default.size.stdout
 
Finished building: task_creation_01.list
 

16:20:20 Build Finished. 0 errors, 2 warnings. (took 5s.78ms)

